Archive member included to satisfy reference by file (symbol)

c:/users/leohi/appdata/roaming/xpack/xpack-arm-none-eabi-gcc-9.2.1-1.1/bin/../lib/gcc/arm-none-eabi/9.2.1/../../../../arm-none-eabi/lib/thumb/v7-m/nofp\libg_nano.a(lib_a-errno.o)
                              ./system/src/newlib/_sbrk.o (__errno)
c:/users/leohi/appdata/roaming/xpack/xpack-arm-none-eabi-gcc-9.2.1-1.1/bin/../lib/gcc/arm-none-eabi/9.2.1/../../../../arm-none-eabi/lib/thumb/v7-m/nofp\libg_nano.a(lib_a-impure.o)
                              c:/users/leohi/appdata/roaming/xpack/xpack-arm-none-eabi-gcc-9.2.1-1.1/bin/../lib/gcc/arm-none-eabi/9.2.1/../../../../arm-none-eabi/lib/thumb/v7-m/nofp\libg_nano.a(lib_a-errno.o) (_impure_ptr)
c:/users/leohi/appdata/roaming/xpack/xpack-arm-none-eabi-gcc-9.2.1-1.1/bin/../lib/gcc/arm-none-eabi/9.2.1/../../../../arm-none-eabi/lib/thumb/v7-m/nofp\libg_nano.a(lib_a-printf.o)
                              ./src/stm32f10x_it.o (printf)
c:/users/leohi/appdata/roaming/xpack/xpack-arm-none-eabi-gcc-9.2.1-1.1/bin/../lib/gcc/arm-none-eabi/9.2.1/../../../../arm-none-eabi/lib/thumb/v7-m/nofp\libg_nano.a(lib_a-strlen.o)
                              ./system/src/diag/Trace.o (strlen)
c:/users/leohi/appdata/roaming/xpack/xpack-arm-none-eabi-gcc-9.2.1-1.1/bin/../lib/gcc/arm-none-eabi/9.2.1/../../../../arm-none-eabi/lib/thumb/v7-m/nofp\libg_nano.a(lib_a-vsnprintf.o)
                              ./system/src/diag/Trace.o (vsnprintf)
c:/users/leohi/appdata/roaming/xpack/xpack-arm-none-eabi-gcc-9.2.1-1.1/bin/../lib/gcc/arm-none-eabi/9.2.1/../../../../arm-none-eabi/lib/thumb/v7-m/nofp\libg_nano.a(lib_a-findfp.o)
                              c:/users/leohi/appdata/roaming/xpack/xpack-arm-none-eabi-gcc-9.2.1-1.1/bin/../lib/gcc/arm-none-eabi/9.2.1/../../../../arm-none-eabi/lib/thumb/v7-m/nofp\libg_nano.a(lib_a-printf.o) (__sinit)
c:/users/leohi/appdata/roaming/xpack/xpack-arm-none-eabi-gcc-9.2.1-1.1/bin/../lib/gcc/arm-none-eabi/9.2.1/../../../../arm-none-eabi/lib/thumb/v7-m/nofp\libg_nano.a(lib_a-fwalk.o)
                              c:/users/leohi/appdata/roaming/xpack/xpack-arm-none-eabi-gcc-9.2.1-1.1/bin/../lib/gcc/arm-none-eabi/9.2.1/../../../../arm-none-eabi/lib/thumb/v7-m/nofp\libg_nano.a(lib_a-findfp.o) (_fwalk)
c:/users/leohi/appdata/roaming/xpack/xpack-arm-none-eabi-gcc-9.2.1-1.1/bin/../lib/gcc/arm-none-eabi/9.2.1/../../../../arm-none-eabi/lib/thumb/v7-m/nofp\libg_nano.a(lib_a-lock.o)
                              c:/users/leohi/appdata/roaming/xpack/xpack-arm-none-eabi-gcc-9.2.1-1.1/bin/../lib/gcc/arm-none-eabi/9.2.1/../../../../arm-none-eabi/lib/thumb/v7-m/nofp\libg_nano.a(lib_a-findfp.o) (__retarget_lock_init_recursive)
c:/users/leohi/appdata/roaming/xpack/xpack-arm-none-eabi-gcc-9.2.1-1.1/bin/../lib/gcc/arm-none-eabi/9.2.1/../../../../arm-none-eabi/lib/thumb/v7-m/nofp\libg_nano.a(lib_a-memset.o)
                              c:/users/leohi/appdata/roaming/xpack/xpack-arm-none-eabi-gcc-9.2.1-1.1/bin/../lib/gcc/arm-none-eabi/9.2.1/../../../../arm-none-eabi/lib/thumb/v7-m/nofp\libg_nano.a(lib_a-findfp.o) (memset)
c:/users/leohi/appdata/roaming/xpack/xpack-arm-none-eabi-gcc-9.2.1-1.1/bin/../lib/gcc/arm-none-eabi/9.2.1/../../../../arm-none-eabi/lib/thumb/v7-m/nofp\libg_nano.a(lib_a-nano-mallocr.o)
                              c:/users/leohi/appdata/roaming/xpack/xpack-arm-none-eabi-gcc-9.2.1-1.1/bin/../lib/gcc/arm-none-eabi/9.2.1/../../../../arm-none-eabi/lib/thumb/v7-m/nofp\libg_nano.a(lib_a-findfp.o) (_malloc_r)
c:/users/leohi/appdata/roaming/xpack/xpack-arm-none-eabi-gcc-9.2.1-1.1/bin/../lib/gcc/arm-none-eabi/9.2.1/../../../../arm-none-eabi/lib/thumb/v7-m/nofp\libg_nano.a(lib_a-nano-svfprintf.o)
                              c:/users/leohi/appdata/roaming/xpack/xpack-arm-none-eabi-gcc-9.2.1-1.1/bin/../lib/gcc/arm-none-eabi/9.2.1/../../../../arm-none-eabi/lib/thumb/v7-m/nofp\libg_nano.a(lib_a-vsnprintf.o) (_svfprintf_r)
c:/users/leohi/appdata/roaming/xpack/xpack-arm-none-eabi-gcc-9.2.1-1.1/bin/../lib/gcc/arm-none-eabi/9.2.1/../../../../arm-none-eabi/lib/thumb/v7-m/nofp\libg_nano.a(lib_a-nano-vfprintf.o)
                              c:/users/leohi/appdata/roaming/xpack/xpack-arm-none-eabi-gcc-9.2.1-1.1/bin/../lib/gcc/arm-none-eabi/9.2.1/../../../../arm-none-eabi/lib/thumb/v7-m/nofp\libg_nano.a(lib_a-printf.o) (_vfprintf_r)
c:/users/leohi/appdata/roaming/xpack/xpack-arm-none-eabi-gcc-9.2.1-1.1/bin/../lib/gcc/arm-none-eabi/9.2.1/../../../../arm-none-eabi/lib/thumb/v7-m/nofp\libg_nano.a(lib_a-nano-vfprintf_i.o)
                              c:/users/leohi/appdata/roaming/xpack/xpack-arm-none-eabi-gcc-9.2.1-1.1/bin/../lib/gcc/arm-none-eabi/9.2.1/../../../../arm-none-eabi/lib/thumb/v7-m/nofp\libg_nano.a(lib_a-nano-svfprintf.o) (_printf_i)
c:/users/leohi/appdata/roaming/xpack/xpack-arm-none-eabi-gcc-9.2.1-1.1/bin/../lib/gcc/arm-none-eabi/9.2.1/../../../../arm-none-eabi/lib/thumb/v7-m/nofp\libg_nano.a(lib_a-sbrkr.o)
[...]
Memory Configuration

Name             Origin             Length             Attributes
RAM              0x0000000020000000 0x0000000000005000 xrw
CCMRAM           0x0000000000000000 0x0000000000000000 xrw
FLASH            0x0000000008000000 0x0000000000010000 xr
FLASHB1          0x0000000000000000 0x0000000000000000 xr
EXTMEMB0         0x0000000000000000 0x0000000000000000 xr
EXTMEMB1         0x0000000000000000 0x0000000000000000 xr
EXTMEMB2         0x0000000000000000 0x0000000000000000 xr
EXTMEMB3         0x0000000000000000 0x0000000000000000 xr
MEMORY_ARRAY     0x0000000000000000 0x0000000000000000 xrw
*default*        0x0000000000000000 0xffffffffffffffff

Linker script and memory map

LOAD ./system/src/stm32f1-stdperiph/misc.o
LOAD ./system/src/stm32f1-stdperiph/stm32f10x_gpio.o
LOAD ./system/src/stm32f1-stdperiph/stm32f10x_rcc.o
LOAD ./system/src/newlib/_cxx.o
LOAD ./system/src/newlib/_exit.o
LOAD ./system/src/newlib/_sbrk.o
LOAD ./system/src/newlib/_startup.o
LOAD ./system/src/newlib/_syscalls.o
LOAD ./system/src/newlib/assert.o
LOAD ./system/src/diag/Trace.o
LOAD ./system/src/diag/trace_impl.o
LOAD ./system/src/cortexm/_initialize_hardware.o
LOAD ./system/src/cortexm/_reset_hardware.o
LOAD ./system/src/cortexm/exception_handlers.o
LOAD ./system/src/cmsis/system_stm32f10x.o
LOAD ./system/src/cmsis/vectors_stm32f10x.o
LOAD ./src/_write.o
LOAD ./src/main.o
LOAD ./src/stm32f10x_it.o
LOAD ./src/stm32f10x_tim.o
LOAD c:/users/leohi/appdata/roaming/xpack/xpack-arm-none-eabi-gcc-9.2.1-1.1/bin/../lib/gcc/arm-none-eabi/9.2.1/../../../../arm-none-eabi/lib/thumb/v7-m/nofp\libstdc++_nano.a
LOAD c:/users/leohi/appdata/roaming/xpack/xpack-arm-none-eabi-gcc-9.2.1-1.1/bin/../lib/gcc/arm-none-eabi/9.2.1/../../../../arm-none-eabi/lib/thumb/v7-m/nofp\libm.a
START GROUP
LOAD c:/users/leohi/appdata/roaming/xpack/xpack-arm-none-eabi-gcc-9.2.1-1.1/bin/../lib/gcc/arm-none-eabi/9.2.1/thumb/v7-m/nofp\libgcc.a
LOAD c:/users/leohi/appdata/roaming/xpack/xpack-arm-none-eabi-gcc-9.2.1-1.1/bin/../lib/gcc/arm-none-eabi/9.2.1/../../../../arm-none-eabi/lib/thumb/v7-m/nofp\libg_nano.a
LOAD c:/users/leohi/appdata/roaming/xpack/xpack-arm-none-eabi-gcc-9.2.1-1.1/bin/../lib/gcc/arm-none-eabi/9.2.1/../../../../arm-none-eabi/lib/thumb/v7-m/nofp\libc_nano.a
END GROUP
START GROUP
LOAD c:/users/leohi/appdata/roaming/xpack/xpack-arm-none-eabi-gcc-9.2.1-1.1/bin/../lib/gcc/arm-none-eabi/9.2.1/thumb/v7-m/nofp\libgcc.a
LOAD c:/users/leohi/appdata/roaming/xpack/xpack-arm-none-eabi-gcc-9.2.1-1.1/bin/../lib/gcc/arm-none-eabi/9.2.1/../../../../arm-none-eabi/lib/thumb/v7-m/nofp\libc_nano.a
END GROUP
                0x0000000020005000                __stack = (ORIGIN (RAM) + LENGTH (RAM))
                0x0000000020005000                _estack = __stack
                0x0000000000000400                __Main_Stack_Size = 0x400
                [!provide]                        PROVIDE (_Main_Stack_Size = __Main_Stack_Size)
                0x0000000020004c00                __Main_Stack_Limit = (__stack - __Main_Stack_Size)
                [!provide]                        PROVIDE (_Main_Stack_Limit = __Main_Stack_Limit)
                0x0000000000000100                _Minimum_Stack_Size = 0x100
                0x0000000020000134                PROVIDE (_Heap_Begin = _end_noinit)
                0x0000000020004c00                PROVIDE (_Heap_Limit = (__stack - __Main_Stack_Size))

.isr_vector     0x0000000008000000      0x350
 FILL mask 0xff
                0x0000000008000000                __vectors_start = ABSOLUTE (.)
                0x0000000008000000                __vectors_start__ = ABSOLUTE (.)
 *(.isr_vector)
 .isr_vector    0x0000000008000000      0x10c ./system/src/cmsis/vectors_stm32f10x.o
                0x0000000008000000                __isr_vectors
 *(.cfmconfig)
 *(.after_vectors .after_vectors.*)
 .after_vectors
                0x000000000800010c      0x114 ./system/src/newlib/_startup.o
                0x000000000800010c                _start
 .after_vectors
                0x0000000008000220      0x12c ./system/src/cortexm/exception_handlers.o
                0x0000000008000220                Reset_Handler
                0x0000000008000226                NMI_Handler
                0x000000000800022a                HardFault_Handler
                0x000000000800023e                HardFault_Handler_C
                0x000000000800029c                MemManage_Handler
                0x00000000080002a0                BusFault_Handler
                0x00000000080002b4                BusFault_Handler_C
                0x00000000080002e8                UsageFault_Handler
                0x00000000080002fc                UsageFault_Handler_C
                0x0000000008000330                SVC_Handler
                0x0000000008000334                DebugMon_Handler
                0x0000000008000338                PendSV_Handler
                0x000000000800033c                SysTick_Handler
 .after_vectors
                0x000000000800034c        0x4 ./system/src/cmsis/vectors_stm32f10x.o
                0x000000000800034c                EXTI2_IRQHandler
                0x000000000800034c                TIM8_TRG_COM_IRQHandler
                0x000000000800034c                TIM8_CC_IRQHandler
                0x000000000800034c                TIM1_CC_IRQHandler
                0x000000000800034c                TIM6_IRQHandler
                0x000000000800034c                PVD_IRQHandler
                0x000000000800034c                SDIO_IRQHandler
                0x000000000800034c                CAN2_RX1_IRQHandler
                0x000000000800034c                EXTI3_IRQHandler
                0x000000000800034c                TIM8_TRG_COM_TIM14_IRQHandler
                0x000000000800034c                TIM1_UP_TIM10_IRQHandler
                0x000000000800034c                TIM8_UP_TIM13_IRQHandler
                0x000000000800034c                EXTI0_IRQHandler
                0x000000000800034c                I2C2_EV_IRQHandler
                0x000000000800034c                CAN1_RX0_IRQHandler
                0x000000000800034c                TIM1_UP_TIM16_IRQHandler
                0x000000000800034c                CAN2_SCE_IRQHandler
                0x000000000800034c                ADC1_2_IRQHandler
                0x000000000800034c                SPI1_IRQHandler
                0x000000000800034c                TAMPER_IRQHandler
                0x000000000800034c                TIM6_DAC_IRQHandler
                0x000000000800034c                TIM1_BRK_TIM9_IRQHandler
                0x000000000800034c                CAN2_RX0_IRQHandler
                0x000000000800034c                TIM8_UP_IRQHandler
                0x000000000800034c                DMA2_Channel2_IRQHandler
                0x000000000800034c                DMA1_Channel4_IRQHandler
                0x000000000800034c                USART3_IRQHandler
                0x000000000800034c                RTC_IRQHandler
                0x000000000800034c                DMA1_Channel7_IRQHandler
                0x000000000800034c                CAN1_RX1_IRQHandler
                0x000000000800034c                UART5_IRQHandler
                0x000000000800034c                ADC3_IRQHandler
                0x000000000800034c                TIM4_IRQHandler
                0x000000000800034c                DMA2_Channel1_IRQHandler
                0x000000000800034c                I2C1_EV_IRQHandler
                0x000000000800034c                DMA1_Channel6_IRQHandler
                0x000000000800034c                UART4_IRQHandler
                0x000000000800034c                DMA2_Channel4_IRQHandler
                0x000000000800034c                TIM3_IRQHandler
                0x000000000800034c                RCC_IRQHandler
                0x000000000800034c                TIM8_BRK_TIM12_IRQHandler
                0x000000000800034c                TIM1_TRG_COM_IRQHandler
                0x000000000800034c                DMA1_Channel1_IRQHandler
                0x000000000800034c                Default_Handler
                0x000000000800034c                CEC_IRQHandler
                0x000000000800034c                EXTI15_10_IRQHandler
                0x000000000800034c                TIM14_IRQHandler
                0x000000000800034c                TIM13_IRQHandler
                0x000000000800034c                TIM12_IRQHandler
                0x000000000800034c                TIM7_IRQHandler
                0x000000000800034c                CAN2_TX_IRQHandler
                0x000000000800034c                TIM5_IRQHandler
                0x000000000800034c                EXTI9_5_IRQHandler
                0x000000000800034c                ETH_WKUP_IRQHandler
                0x000000000800034c                SPI2_IRQHandler
                0x000000000800034c                CAN1_TX_IRQHandler
                0x000000000800034c                DMA2_Channel5_IRQHandler
                0x000000000800034c                DMA1_Channel5_IRQHandler
                0x000000000800034c                EXTI4_IRQHandler
                0x000000000800034c                USB_LP_CAN1_RX0_IRQHandler
                0x000000000800034c                TIM1_TRG_COM_TIM17_IRQHandler
                0x000000000800034c                USB_HP_CAN1_TX_IRQHandler
                0x000000000800034c                DMA1_Channel3_IRQHandler
                0x000000000800034c                FSMC_IRQHandler
                0x000000000800034c                ETH_IRQHandler
                0x000000000800034c                TIM1_UP_IRQHandler
                0x000000000800034c                WWDG_IRQHandler
                0x000000000800034c                OTG_FS_WKUP_IRQHandler
                0x000000000800034c                TIM1_TRG_COM_TIM11_IRQHandler
                0x000000000800034c                TIM1_BRK_IRQHandler
                0x000000000800034c                EXTI1_IRQHandler
                0x000000000800034c                RTCAlarm_IRQHandler
                0x000000000800034c                DMA2_Channel4_5_IRQHandler
                0x000000000800034c                USART2_IRQHandler
                0x000000000800034c                I2C2_ER_IRQHandler
                0x000000000800034c                DMA1_Channel2_IRQHandler
                0x000000000800034c                TIM8_BRK_IRQHandler
                0x000000000800034c                CAN1_SCE_IRQHandler
                0x000000000800034c                FLASH_IRQHandler
                0x000000000800034c                USART1_IRQHandler
                0x000000000800034c                OTG_FS_IRQHandler
                0x000000000800034c                SPI3_IRQHandler
                0x000000000800034c                I2C1_ER_IRQHandler
                0x000000000800034c                USBWakeUp_IRQHandler
                0x000000000800034c                DMA2_Channel3_IRQHandler
                0x000000000800034c                TIM1_BRK_TIM15_IRQHandler

.inits          0x0000000008000350       0x28
                0x0000000008000350                __data_regions_array_start = .
                0x0000000008000350        0x4 LONG 0x8002628 LOADADDR (.data)
                0x0000000008000354        0x4 LONG 0x20000000 ADDR (.data)
                0x0000000008000358        0x4 LONG 0x20000088 (ADDR (.data) + SIZEOF (.data))
                0x000000000800035c        0x4 LONG 0x8002628 LOADADDR (.data_CCMRAM)
                0x0000000008000360        0x4 LONG 0x0 ADDR (.data_CCMRAM)
                0x0000000008000364        0x4 LONG 0x0 (ADDR (.data_CCMRAM) + SIZEOF (.data_CCMRAM))
                0x0000000008000368                __data_regions_array_end = .
                0x0000000008000368                __bss_regions_array_start = .
                0x0000000008000368        0x4 LONG 0x20000088 ADDR (.bss)
                0x000000000800036c        0x4 LONG 0x20000134 (ADDR (.bss) + SIZEOF (.bss))
                0x0000000008000370        0x4 LONG 0x0 ADDR (.bss_CCMRAM)
                0x0000000008000374        0x4 LONG 0x0 (ADDR (.bss_CCMRAM) + SIZEOF (.bss_CCMRAM))
                0x0000000008000378                __bss_regions_array_end = .
 *(.init)
 *(.fini)
                0x0000000008000378                . = ALIGN (0x4)
                0x0000000008000378                PROVIDE (__preinit_array_start = .)
 *(.preinit_array_sysinit .preinit_array_sysinit.*)
 *(.preinit_array_platform .preinit_array_platform.*)
 *(.preinit_array .preinit_array.*)
                0x0000000008000378                PROVIDE (__preinit_array_end = .)
                0x0000000008000378                . = ALIGN (0x4)
                0x0000000008000378                PROVIDE (__init_array_start = .)
 *(SORT_BY_NAME(.init_array.*))
 *(.init_array)
                0x0000000008000378                PROVIDE (__init_array_end = .)
                0x0000000008000378                . = ALIGN (0x4)
                0x0000000008000378                PROVIDE (__fini_array_start = .)
 *(SORT_BY_NAME(.fini_array.*))
 *(.fini_array)
                0x0000000008000378                PROVIDE (__fini_array_end = .)

.flashtext
 *(.flashtext .flashtext.*)

.text           0x0000000008000378     0x22af
 *(.text .text.*)
 .text.NVIC_Init
                0x0000000008000378       0x98 ./system/src/stm32f1-stdperiph/misc.o
                0x0000000008000378                NVIC_Init
 .text.GPIO_Init
                0x0000000008000410      0x134 ./system/src/stm32f1-stdperiph/stm32f10x_gpio.o
                0x0000000008000410                GPIO_Init
 .text.GPIO_ReadOutputDataBit
                0x0000000008000544       0xb8 ./system/src/stm32f1-stdperiph/stm32f10x_gpio.o
                0x0000000008000544                GPIO_ReadOutputDataBit
 .text.GPIO_WriteBit
                0x00000000080005fc       0xc8 ./system/src/stm32f1-stdperiph/stm32f10x_gpio.o
                0x00000000080005fc                GPIO_WriteBit
 .text.RCC_APB2PeriphClockCmd
                0x00000000080006c4       0x4c ./system/src/stm32f1-stdperiph/stm32f10x_rcc.o
                0x00000000080006c4                RCC_APB2PeriphClockCmd
 .text.RCC_APB1PeriphClockCmd
                0x0000000008000710       0x4c ./system/src/stm32f1-stdperiph/stm32f10x_rcc.o
                0x0000000008000710                RCC_APB1PeriphClockCmd
 .text._exit    0x000000000800075c        0x2 ./system/src/newlib/_exit.o
                0x000000000800075c                _exit
 *fill*         0x000000000800075e        0x2 
 .text.abort    0x0000000008000760       0x14 ./system/src/newlib/_exit.o
                0x0000000008000760                abort
 .text._sbrk    0x0000000008000774       0x44 ./system/src/newlib/_sbrk.o
                0x0000000008000774                _sbrk
 .text.__initialize_args
                0x00000000080007b8       0x10 ./system/src/newlib/_syscalls.o
                0x00000000080007b8                __initialize_args
 .text._close   0x00000000080007c8       0x10 ./system/src/newlib/_syscalls.o
                0x00000000080007c8                _close
 .text._fstat   0x00000000080007d8       0x10 ./system/src/newlib/_syscalls.o
                0x00000000080007d8                _fstat
 .text._isatty  0x00000000080007e8        0xe ./system/src/newlib/_syscalls.o
                0x00000000080007e8                _isatty
 .text._lseek   0x00000000080007f6       0x10 ./system/src/newlib/_syscalls.o
                0x00000000080007f6                _lseek
 .text._read    0x0000000008000806       0x10 ./system/src/newlib/_syscalls.o
                0x0000000008000806                _read
 *fill*         0x0000000008000816        0x2 
 .text.assert_failed
                0x0000000008000818       0x14 ./system/src/newlib/assert.o
                0x0000000008000818                assert_failed
 .text.trace_printf
                0x000000000800082c       0x34 ./system/src/diag/Trace.o
                0x000000000800082c                trace_printf
 .text.trace_puts
                0x0000000008000860       0x20 ./system/src/diag/Trace.o
                0x0000000008000860                trace_puts
 .text._trace_write_semihosting_debug
                0x0000000008000880       0x60 ./system/src/diag/trace_impl.o
 .text.trace_write
                0x00000000080008e0        0x8 ./system/src/diag/trace_impl.o
                0x00000000080008e0                trace_write
 .text.__initialize_hardware_early
                0x00000000080008e8       0x18 ./system/src/cortexm/_initialize_hardware.o
                0x00000000080008e8                __initialize_hardware_early
 .text.__initialize_hardware
                0x0000000008000900        0x8 ./system/src/cortexm/_initialize_hardware.o
                0x0000000008000900                __initialize_hardware
 .text.dumpExceptionStack
                0x0000000008000908       0xf4 ./system/src/cortexm/exception_handlers.o
                0x0000000008000908                dumpExceptionStack
 .text.isSemihosting
                0x00000000080009fc       0x20 ./system/src/cortexm/exception_handlers.o
                0x00000000080009fc                isSemihosting
 .text.SetSysClockTo72
                0x0000000008000a1c       0xc4 ./system/src/cmsis/system_stm32f10x.o
 .text.SetSysClock
                0x0000000008000ae0        0x8 ./system/src/cmsis/system_stm32f10x.o
 .text.SystemInit
                0x0000000008000ae8       0x50 ./system/src/cmsis/system_stm32f10x.o
                0x0000000008000ae8                SystemInit
 .text.SystemCoreClockUpdate
                0x0000000008000b38       0x9c ./system/src/cmsis/system_stm32f10x.o
                0x0000000008000b38                SystemCoreClockUpdate
 .text._write   0x0000000008000bd4       0x20 ./src/_write.o
                0x0000000008000bd4                _write
 .text.Conf_TIM2
                0x0000000008000bf4       0x36 ./src/main.o
                0x0000000008000bf4                Conf_TIM2
 .text.Conf_NVIC
                0x0000000008000c2a       0x26 ./src/main.o
                0x0000000008000c2a                Conf_NVIC
 .text.main     0x0000000008000c50       0x4c ./src/main.o
                0x0000000008000c50                main
 .text.TIM2_IRQHandler
                0x0000000008000c9c       0x44 ./src/stm32f10x_it.o
                0x0000000008000c9c                TIM2_IRQHandler
 .text.TIM_TimeBaseInit
                0x0000000008000ce0      0x160 ./src/stm32f10x_tim.o
                0x0000000008000ce0                TIM_TimeBaseInit
 .text.TIM_Cmd  0x0000000008000e40       0xc8 ./src/stm32f10x_tim.o
                0x0000000008000e40                TIM_Cmd
 .text.TIM_ITConfig
                0x0000000008000f08       0xd8 ./src/stm32f10x_tim.o
                0x0000000008000f08                TIM_ITConfig
 .text.TIM_ClearITPendingBit
                0x0000000008000fe0       0xb8 ./src/stm32f10x_tim.o
                0x0000000008000fe0                TIM_ClearITPendingBit
 .text.__errno  0x0000000008001098        0xc c:/users/leohi/appdata/roaming/xpack/xpack-arm-none-eabi-gcc-9.2.1-1.1/bin/../lib/gcc/arm-none-eabi/9.2.1/../../../../arm-none-eabi/lib/thumb/v7-m/nofp\libg_nano.a(lib_a-errno.o)
                0x0000000008001098                __errno
 .text.printf   0x00000000080010a4       0x30 c:/users/leohi/appdata/roaming/xpack/xpack-arm-none-eabi-gcc-9.2.1-1.1/bin/../lib/gcc/arm-none-eabi/9.2.1/../../../../arm-none-eabi/lib/thumb/v7-m/nofp\libg_nano.a(lib_a-printf.o)
                0x00000000080010a4                iprintf
                0x00000000080010a4                printf
 .text          0x00000000080010d4       0x10 c:/users/leohi/appdata/roaming/xpack/xpack-arm-none-eabi-gcc-9.2.1-1.1/bin/../lib/gcc/arm-none-eabi/9.2.1/../../../../arm-none-eabi/lib/thumb/v7-m/nofp\libg_nano.a(lib_a-strlen.o)
                0x00000000080010d4                strlen
 .text._vsnprintf_r
                0x00000000080010e4       0x58 c:/users/leohi/appdata/roaming/xpack/xpack-arm-none-eabi-gcc-9.2.1-1.1/bin/../lib/gcc/arm-none-eabi/9.2.1/../../../../arm-none-eabi/lib/thumb/v7-m/nofp\libg_nano.a(lib_a-vsnprintf.o)
                0x00000000080010e4                _vsniprintf_r
                0x00000000080010e4                _vsnprintf_r
 .text.vsnprintf
                0x000000000800113c       0x1c c:/users/leohi/appdata/roaming/xpack/xpack-arm-none-eabi-gcc-9.2.1-1.1/bin/../lib/gcc/arm-none-eabi/9.2.1/../../../../arm-none-eabi/lib/thumb/v7-m/nofp\libg_nano.a(lib_a-vsnprintf.o)
                0x000000000800113c                vsniprintf
                0x000000000800113c                vsnprintf
 .text.std      0x0000000008001158       0x48 c:/users/leohi/appdata/roaming/xpack/xpack-arm-none-eabi-gcc-9.2.1-1.1/bin/../lib/gcc/arm-none-eabi/9.2.1/../../../../arm-none-eabi/lib/thumb/v7-m/nofp\libg_nano.a(lib_a-findfp.o)
 .text._cleanup_r
                0x00000000080011a0        0xc c:/users/leohi/appdata/roaming/xpack/xpack-arm-none-eabi-gcc-9.2.1-1.1/bin/../lib/gcc/arm-none-eabi/9.2.1/../../../../arm-none-eabi/lib/thumb/v7-m/nofp\libg_nano.a(lib_a-findfp.o)
                0x00000000080011a0                _cleanup_r
 .text.__sfmoreglue
                0x00000000080011ac       0x2c c:/users/leohi/appdata/roaming/xpack/xpack-arm-none-eabi-gcc-9.2.1-1.1/bin/../lib/gcc/arm-none-eabi/9.2.1/../../../../arm-none-eabi/lib/thumb/v7-m/nofp\libg_nano.a(lib_a-findfp.o)
                0x00000000080011ac                __sfmoreglue
 .text.__sfp_lock_acquire
                0x00000000080011d8        0xc c:/users/leohi/appdata/roaming/xpack/xpack-arm-none-eabi-gcc-9.2.1-1.1/bin/../lib/gcc/arm-none-eabi/9.2.1/../../../../arm-none-eabi/lib/thumb/v7-m/nofp\libg_nano.a(lib_a-findfp.o)
                0x00000000080011d8                __sfp_lock_acquire
 .text.__sfp_lock_release
                0x00000000080011e4        0xc c:/users/leohi/appdata/roaming/xpack/xpack-arm-none-eabi-gcc-9.2.1-1.1/bin/../lib/gcc/arm-none-eabi/9.2.1/../../../../arm-none-eabi/lib/thumb/v7-m/nofp\libg_nano.a(lib_a-findfp.o)
                0x00000000080011e4                __sfp_lock_release
 .text.__sinit_lock_acquire
                0x00000000080011f0        0xc c:/users/leohi/appdata/roaming/xpack/xpack-arm-none-eabi-gcc-9.2.1-1.1/bin/../lib/gcc/arm-none-eabi/9.2.1/../../../../arm-none-eabi/lib/thumb/v7-m/nofp\libg_nano.a(lib_a-findfp.o)
                0x00000000080011f0                __sinit_lock_acquire
 .text.__sinit_lock_release
                0x00000000080011fc        0xc c:/users/leohi/appdata/roaming/xpack/xpack-arm-none-eabi-gcc-9.2.1-1.1/bin/../lib/gcc/arm-none-eabi/9.2.1/../../../../arm-none-eabi/lib/thumb/v7-m/nofp\libg_nano.a(lib_a-findfp.o)
                0x00000000080011fc                __sinit_lock_release
 .text.__sinit  0x0000000008001208       0x70 c:/users/leohi/appdata/roaming/xpack/xpack-arm-none-eabi-gcc-9.2.1-1.1/bin/../lib/gcc/arm-none-eabi/9.2.1/../../../../arm-none-eabi/lib/thumb/v7-m/nofp\libg_nano.a(lib_a-findfp.o)
                0x0000000008001208                __sinit
 .text.__sfp    0x0000000008001278       0x8c c:/users/leohi/appdata/roaming/xpack/xpack-arm-none-eabi-gcc-9.2.1-1.1/bin/../lib/gcc/arm-none-eabi/9.2.1/../../../../arm-none-eabi/lib/thumb/v7-m/nofp\libg_nano.a(lib_a-findfp.o)
                0x0000000008001278                __sfp
 .text._fwalk_reent
                0x0000000008001304       0x3e c:/users/leohi/appdata/roaming/xpack/xpack-arm-none-eabi-gcc-9.2.1-1.1/bin/../lib/gcc/arm-none-eabi/9.2.1/../../../../arm-none-eabi/lib/thumb/v7-m/nofp\libg_nano.a(lib_a-fwalk.o)
                0x0000000008001304                _fwalk_reent
 .text.__retarget_lock_init_recursive
                0x0000000008001342        0x2 c:/users/leohi/appdata/roaming/xpack/xpack-arm-none-eabi-gcc-9.2.1-1.1/bin/../lib/gcc/arm-none-eabi/9.2.1/../../../../arm-none-eabi/lib/thumb/v7-m/nofp\libg_nano.a(lib_a-lock.o)
                0x0000000008001342                __retarget_lock_init_recursive
 .text.__retarget_lock_acquire_recursive
                0x0000000008001344        0x2 c:/users/leohi/appdata/roaming/xpack/xpack-arm-none-eabi-gcc-9.2.1-1.1/bin/../lib/gcc/arm-none-eabi/9.2.1/../../../../arm-none-eabi/lib/thumb/v7-m/nofp\libg_nano.a(lib_a-lock.o)
                0x0000000008001344                __retarget_lock_acquire_recursive
 .text.__retarget_lock_release_recursive
                0x0000000008001346        0x2 c:/users/leohi/appdata/roaming/xpack/xpack-arm-none-eabi-gcc-9.2.1-1.1/bin/../lib/gcc/arm-none-eabi/9.2.1/../../../../arm-none-eabi/lib/thumb/v7-m/nofp\libg_nano.a(lib_a-lock.o)
                0x0000000008001346                __retarget_lock_release_recursive
 .text.memset   0x0000000008001348       0x10 c:/users/leohi/appdata/roaming/xpack/xpack-arm-none-eabi-gcc-9.2.1-1.1/bin/../lib/gcc/arm-none-eabi/9.2.1/../../../../arm-none-eabi/lib/thumb/v7-m/nofp\libg_nano.a(lib_a-memset.o)
                0x0000000008001348                memset
 .text._malloc_r
                0x0000000008001358       0xb4 c:/users/leohi/appdata/roaming/xpack/xpack-arm-none-eabi-gcc-9.2.1-1.1/bin/../lib/gcc/arm-none-eabi/9.2.1/../../../../arm-none-eabi/lib/thumb/v7-m/nofp\libg_nano.a(lib_a-nano-mallocr.o)
                0x0000000008001358                _malloc_r
 .text.__ssputs_r
                0x000000000800140c       0xb6 c:/users/leohi/appdata/roaming/xpack/xpack-arm-none-eabi-gcc-9.2.1-1.1/bin/../lib/gcc/arm-none-eabi/9.2.1/../../../../arm-none-eabi/lib/thumb/v7-m/nofp\libg_nano.a(lib_a-nano-svfprintf.o)
                0x000000000800140c                __ssputs_r
 *fill*         0x00000000080014c2        0x2 
 .text._svfprintf_r
                0x00000000080014c4      0x200 c:/users/leohi/appdata/roaming/xpack/xpack-arm-none-eabi-gcc-9.2.1-1.1/bin/../lib/gcc/arm-none-eabi/9.2.1/../../../../arm-none-eabi/lib/thumb/v7-m/nofp\libg_nano.a(lib_a-nano-svfprintf.o)
                0x00000000080014c4                _svfiprintf_r
                0x00000000080014c4                _svfprintf_r
 .text.__sfputc_r
                0x00000000080016c4       0x2a c:/users/leohi/appdata/roaming/xpack/xpack-arm-none-eabi-gcc-9.2.1-1.1/bin/../lib/gcc/arm-none-eabi/9.2.1/../../../../arm-none-eabi/lib/thumb/v7-m/nofp\libg_nano.a(lib_a-nano-vfprintf.o)
 .text.__sfputs_r
                0x00000000080016ee       0x24 c:/users/leohi/appdata/roaming/xpack/xpack-arm-none-eabi-gcc-9.2.1-1.1/bin/../lib/gcc/arm-none-eabi/9.2.1/../../../../arm-none-eabi/lib/thumb/v7-m/nofp\libg_nano.a(lib_a-nano-vfprintf.o)
                0x00000000080016ee                __sfputs_r
 *fill*         0x0000000008001712        0x2 
 .text._vfprintf_r
                0x0000000008001714      0x260 c:/users/leohi/appdata/roaming/xpack/xpack-arm-none-eabi-gcc-9.2.1-1.1/bin/../lib/gcc/arm-none-eabi/9.2.1/../../../../arm-none-eabi/lib/thumb/v7-m/nofp\libg_nano.a(lib_a-nano-vfprintf.o)
                0x0000000008001714                _vfprintf_r
                0x0000000008001714                _vfiprintf_r
 .text._printf_common
                0x0000000008001974       0xde c:/users/leohi/appdata/roaming/xpack/xpack-arm-none-eabi-gcc-9.2.1-1.1/bin/../lib/gcc/arm-none-eabi/9.2.1/../../../../arm-none-eabi/lib/thumb/v7-m/nofp\libg_nano.a(lib_a-nano-vfprintf_i.o)
                0x0000000008001974                _printf_common
 *fill*         0x0000000008001a52        0x2 
 .text._printf_i
                0x0000000008001a54      0x24c c:/users/leohi/appdata/roaming/xpack/xpack-arm-none-eabi-gcc-9.2.1-1.1/bin/../lib/gcc/arm-none-eabi/9.2.1/../../../../arm-none-eabi/lib/thumb/v7-m/nofp\libg_nano.a(lib_a-nano-vfprintf_i.o)
                0x0000000008001a54                _printf_i
 .text._sbrk_r  0x0000000008001ca0       0x20 c:/users/leohi/appdata/roaming/xpack/xpack-arm-none-eabi-gcc-9.2.1-1.1/bin/../lib/gcc/arm-none-eabi/9.2.1/../../../../arm-none-eabi/lib/thumb/v7-m/nofp\libg_nano.a(lib_a-sbrkr.o)
                0x0000000008001ca0                _sbrk_r
 .text.__sread  0x0000000008001cc0       0x22 c:/users/leohi/appdata/roaming/xpack/xpack-arm-none-eabi-gcc-9.2.1-1.1/bin/../lib/gcc/arm-none-eabi/9.2.1/../../../../arm-none-eabi/lib/thumb/v7-m/nofp\libg_nano.a(lib_a-stdio.o)
                0x0000000008001cc0                __sread
 .text.__swrite
                0x0000000008001ce2       0x38 c:/users/leohi/appdata/roaming/xpack/xpack-arm-none-eabi-gcc-9.2.1-1.1/bin/../lib/gcc/arm-none-eabi/9.2.1/../../../../arm-none-eabi/lib/thumb/v7-m/nofp\libg_nano.a(lib_a-stdio.o)
                0x0000000008001ce2                __swrite
 .text.__sseek  0x0000000008001d1a       0x24 c:/users/leohi/appdata/roaming/xpack/xpack-arm-none-eabi-gcc-9.2.1-1.1/bin/../lib/gcc/arm-none-eabi/9.2.1/../../../../arm-none-eabi/lib/thumb/v7-m/nofp\libg_nano.a(lib_a-stdio.o)
                0x0000000008001d1a                __sseek
 .text.__sclose
                0x0000000008001d3e        0x8 c:/users/leohi/appdata/roaming/xpack/xpack-arm-none-eabi-gcc-9.2.1-1.1/bin/../lib/gcc/arm-none-eabi/9.2.1/../../../../arm-none-eabi/lib/thumb/v7-m/nofp\libg_nano.a(lib_a-stdio.o)
                0x0000000008001d3e                __sclose
 *fill*         0x0000000008001d46        0x2 
 .text.__swbuf_r
                0x0000000008001d48       0xa4 c:/users/leohi/appdata/roaming/xpack/xpack-arm-none-eabi-gcc-9.2.1-1.1/bin/../lib/gcc/arm-none-eabi/9.2.1/../../../../arm-none-eabi/lib/thumb/v7-m/nofp\libg_nano.a(lib_a-wbuf.o)
                0x0000000008001d48                __swbuf_r
 .text._write_r
                0x0000000008001dec       0x24 c:/users/leohi/appdata/roaming/xpack/xpack-arm-none-eabi-gcc-9.2.1-1.1/bin/../lib/gcc/arm-none-eabi/9.2.1/../../../../arm-none-eabi/lib/thumb/v7-m/nofp\libg_nano.a(lib_a-writer.o)
                0x0000000008001dec                _write_r
 .text.__swsetup_r
                0x0000000008001e10       0xdc c:/users/leohi/appdata/roaming/xpack/xpack-arm-none-eabi-gcc-9.2.1-1.1/bin/../lib/gcc/arm-none-eabi/9.2.1/../../../../arm-none-eabi/lib/thumb/v7-m/nofp\libg_nano.a(lib_a-wsetup.o)
                0x0000000008001e10                __swsetup_r
 .text._close_r
                0x0000000008001eec       0x20 c:/users/leohi/appdata/roaming/xpack/xpack-arm-none-eabi-gcc-9.2.1-1.1/bin/../lib/gcc/arm-none-eabi/9.2.1/../../../../arm-none-eabi/lib/thumb/v7-m/nofp\libg_nano.a(lib_a-closer.o)
                0x0000000008001eec                _close_r
 .text.__sflush_r
                0x0000000008001f0c      0x10c c:/users/leohi/appdata/roaming/xpack/xpack-arm-none-eabi-gcc-9.2.1-1.1/bin/../lib/gcc/arm-none-eabi/9.2.1/../../../../arm-none-eabi/lib/thumb/v7-m/nofp\libg_nano.a(lib_a-fflush.o)
                0x0000000008001f0c                __sflush_r
 .text._fflush_r
                0x0000000008002018       0x78 c:/users/leohi/appdata/roaming/xpack/xpack-arm-none-eabi-gcc-9.2.1-1.1/bin/../lib/gcc/arm-none-eabi/9.2.1/../../../../arm-none-eabi/lib/thumb/v7-m/nofp\libg_nano.a(lib_a-fflush.o)
                0x0000000008002018                _fflush_r
 .text._lseek_r
                0x0000000008002090       0x24 c:/users/leohi/appdata/roaming/xpack/xpack-arm-none-eabi-gcc-9.2.1-1.1/bin/../lib/gcc/arm-none-eabi/9.2.1/../../../../arm-none-eabi/lib/thumb/v7-m/nofp\libg_nano.a(lib_a-lseekr.o)
                0x0000000008002090                _lseek_r
 .text.__swhatbuf_r
                0x00000000080020b4       0x48 c:/users/leohi/appdata/roaming/xpack/xpack-arm-none-eabi-gcc-9.2.1-1.1/bin/../lib/gcc/arm-none-eabi/9.2.1/../../../../arm-none-eabi/lib/thumb/v7-m/nofp\libg_nano.a(lib_a-makebuf.o)
                0x00000000080020b4                __swhatbuf_r
 .text.__smakebuf_r
                0x00000000080020fc       0x80 c:/users/leohi/appdata/roaming/xpack/xpack-arm-none-eabi-gcc-9.2.1-1.1/bin/../lib/gcc/arm-none-eabi/9.2.1/../../../../arm-none-eabi/lib/thumb/v7-m/nofp\libg_nano.a(lib_a-makebuf.o)
                0x00000000080020fc                __smakebuf_r
 .text.memchr   0x000000000800217c       0x1c c:/users/leohi/appdata/roaming/xpack/xpack-arm-none-eabi-gcc-9.2.1-1.1/bin/../lib/gcc/arm-none-eabi/9.2.1/../../../../arm-none-eabi/lib/thumb/v7-m/nofp\libg_nano.a(lib_a-memchr-stub.o)
                0x000000000800217c                memchr
 .text.memcpy   0x0000000008002198       0x1c c:/users/leohi/appdata/roaming/xpack/xpack-arm-none-eabi-gcc-9.2.1-1.1/bin/../lib/gcc/arm-none-eabi/9.2.1/../../../../arm-none-eabi/lib/thumb/v7-m/nofp\libg_nano.a(lib_a-memcpy-stub.o)
                0x0000000008002198                memcpy
 .text.memmove  0x00000000080021b4       0x34 c:/users/leohi/appdata/roaming/xpack/xpack-arm-none-eabi-gcc-9.2.1-1.1/bin/../lib/gcc/arm-none-eabi/9.2.1/../../../../arm-none-eabi/lib/thumb/v7-m/nofp\libg_nano.a(lib_a-memmove.o)
                0x00000000080021b4                memmove
 .text.__malloc_lock
                0x00000000080021e8        0xc c:/users/leohi/appdata/roaming/xpack/xpack-arm-none-eabi-gcc-9.2.1-1.1/bin/../lib/gcc/arm-none-eabi/9.2.1/../../../../arm-none-eabi/lib/thumb/v7-m/nofp\libg_nano.a(lib_a-mlock.o)
                0x00000000080021e8                __malloc_lock
 .text.__malloc_unlock
                0x00000000080021f4        0xc c:/users/leohi/appdata/roaming/xpack/xpack-arm-none-eabi-gcc-9.2.1-1.1/bin/../lib/gcc/arm-none-eabi/9.2.1/../../../../arm-none-eabi/lib/thumb/v7-m/nofp\libg_nano.a(lib_a-mlock.o)
                0x00000000080021f4                __malloc_unlock
 .text._free_r  0x0000000008002200       0x98 c:/users/leohi/appdata/roaming/xpack/xpack-arm-none-eabi-gcc-9.2.1-1.1/bin/../lib/gcc/arm-none-eabi/9.2.1/../../../../arm-none-eabi/lib/thumb/v7-m/nofp\libg_nano.a(lib_a-nano-freer.o)
                0x0000000008002200                _free_r
 .text._realloc_r
                0x0000000008002298       0x4c c:/users/leohi/appdata/roaming/xpack/xpack-arm-none-eabi-gcc-9.2.1-1.1/bin/../lib/gcc/arm-none-eabi/9.2.1/../../../../arm-none-eabi/lib/thumb/v7-m/nofp\libg_nano.a(lib_a-nano-reallocr.o)
                0x0000000008002298                _realloc_r
 .text._read_r  0x00000000080022e4       0x24 c:/users/leohi/appdata/roaming/xpack/xpack-arm-none-eabi-gcc-9.2.1-1.1/bin/../lib/gcc/arm-none-eabi/9.2.1/../../../../arm-none-eabi/lib/thumb/v7-m/nofp\libg_nano.a(lib_a-readr.o)
                0x00000000080022e4                _read_r
 .text._fstat_r
                0x0000000008002308       0x24 c:/users/leohi/appdata/roaming/xpack/xpack-arm-none-eabi-gcc-9.2.1-1.1/bin/../lib/gcc/arm-none-eabi/9.2.1/../../../../arm-none-eabi/lib/thumb/v7-m/nofp\libg_nano.a(lib_a-fstatr.o)
                0x0000000008002308                _fstat_r
 .text._isatty_r
                0x000000000800232c       0x20 c:/users/leohi/appdata/roaming/xpack/xpack-arm-none-eabi-gcc-9.2.1-1.1/bin/../lib/gcc/arm-none-eabi/9.2.1/../../../../arm-none-eabi/lib/thumb/v7-m/nofp\libg_nano.a(lib_a-isattyr.o)
                0x000000000800232c                _isatty_r
 .text._malloc_usable_size_r
                0x000000000800234c       0x10 c:/users/leohi/appdata/roaming/xpack/xpack-arm-none-eabi-gcc-9.2.1-1.1/bin/../lib/gcc/arm-none-eabi/9.2.1/../../../../arm-none-eabi/lib/thumb/v7-m/nofp\libg_nano.a(lib_a-nano-msizer.o)
                0x000000000800234c                _malloc_usable_size_r
 *(.rodata .rodata.* .constdata .constdata.*)
 .rodata.NVIC_PriorityGroupConfig.str1.4
                0x000000000800235c       0x27 ./system/src/stm32f1-stdperiph/misc.o
 *fill*         0x0000000008002383        0x1 
 .rodata.GPIO_DeInit.str1.4
                0x0000000008002384       0x31 ./system/src/stm32f1-stdperiph/stm32f10x_gpio.o
 *fill*         0x00000000080023b5        0x3 
 .rodata.RCC_HSEConfig.str1.4
                0x00000000080023b8       0x30 ./system/src/stm32f1-stdperiph/stm32f10x_rcc.o
 .rodata.abort.str1.4
                0x00000000080023e8       0x14 ./system/src/newlib/_exit.o
 .rodata.assert_failed.str1.4
                0x00000000080023fc       0x2b ./system/src/newlib/assert.o
 .rodata.trace_puts.str1.4
                0x0000000008002427       0x2b ./system/src/diag/Trace.o
                                          0x2 (size before relaxing)
 *fill*         0x0000000008002427        0x1 
 .rodata.dumpExceptionStack.str1.4
                0x0000000008002428      0x11a ./system/src/cortexm/exception_handlers.o
 *fill*         0x0000000008002542        0x2 
 .rodata.str1.4
                0x0000000008002544       0x2a ./system/src/cortexm/exception_handlers.o
 *fill*         0x000000000800256e        0x2 
 .rodata.TIM2_IRQHandler.str1.4
                0x0000000008002570        0x8 ./src/stm32f10x_it.o
 .rodata.TIM_DeInit.str1.4
                0x0000000008002578       0x17 ./src/stm32f10x_tim.o
 *fill*         0x000000000800258f        0x1 
 .rodata._global_impure_ptr
                0x0000000008002590        0x4 c:/users/leohi/appdata/roaming/xpack/xpack-arm-none-eabi-gcc-9.2.1-1.1/bin/../lib/gcc/arm-none-eabi/9.2.1/../../../../arm-none-eabi/lib/thumb/v7-m/nofp\libg_nano.a(lib_a-impure.o)
                0x0000000008002590                _global_impure_ptr
 .rodata.__sf_fake_stderr
                0x0000000008002594       0x20 c:/users/leohi/appdata/roaming/xpack/xpack-arm-none-eabi-gcc-9.2.1-1.1/bin/../lib/gcc/arm-none-eabi/9.2.1/../../../../arm-none-eabi/lib/thumb/v7-m/nofp\libg_nano.a(lib_a-findfp.o)
                0x0000000008002594                __sf_fake_stderr
 .rodata.__sf_fake_stdin
                0x00000000080025b4       0x20 c:/users/leohi/appdata/roaming/xpack/xpack-arm-none-eabi-gcc-9.2.1-1.1/bin/../lib/gcc/arm-none-eabi/9.2.1/../../../../arm-none-eabi/lib/thumb/v7-m/nofp\libg_nano.a(lib_a-findfp.o)
                0x00000000080025b4                __sf_fake_stdin
 .rodata.__sf_fake_stdout
                0x00000000080025d4       0x20 c:/users/leohi/appdata/roaming/xpack/xpack-arm-none-eabi-gcc-9.2.1-1.1/bin/../lib/gcc/arm-none-eabi/9.2.1/../../../../arm-none-eabi/lib/thumb/v7-m/nofp\libg_nano.a(lib_a-findfp.o)
                0x00000000080025d4                __sf_fake_stdout
 .rodata._svfprintf_r.str1.1
                0x00000000080025f4       0x11 c:/users/leohi/appdata/roaming/xpack/xpack-arm-none-eabi-gcc-9.2.1-1.1/bin/../lib/gcc/arm-none-eabi/9.2.1/../../../../arm-none-eabi/lib/thumb/v7-m/nofp\libg_nano.a(lib_a-nano-svfprintf.o)
 .rodata._vfprintf_r.str1.1
                0x0000000008002605       0x11 c:/users/leohi/appdata/roaming/xpack/xpack-arm-none-eabi-gcc-9.2.1-1.1/bin/../lib/gcc/arm-none-eabi/9.2.1/../../../../arm-none-eabi/lib/thumb/v7-m/nofp\libg_nano.a(lib_a-nano-vfprintf.o)
 .rodata._printf_i.str1.1
                0x0000000008002605       0x22 c:/users/leohi/appdata/roaming/xpack/xpack-arm-none-eabi-gcc-9.2.1-1.1/bin/../lib/gcc/arm-none-eabi/9.2.1/../../../../arm-none-eabi/lib/thumb/v7-m/nofp\libg_nano.a(lib_a-nano-vfprintf_i.o)
 *(vtable)
 *(.eh_frame*)
 *(.glue_7)
 .glue_7        0x0000000008002627        0x0 linker stubs
 *(.glue_7t)
 .glue_7t       0x0000000008002627        0x0 linker stubs

.vfp11_veneer   0x0000000008002628        0x0
 .vfp11_veneer  0x0000000008002628        0x0 linker stubs

.v4_bx          0x0000000008002628        0x0
 .v4_bx         0x0000000008002628        0x0 linker stubs

.iplt           0x0000000008002628        0x0
 .iplt          0x0000000008002628        0x0 ./system/src/stm32f1-stdperiph/misc.o

.rel.dyn        0x0000000008002628        0x0
 .rel.iplt      0x0000000008002628        0x0 ./system/src/stm32f1-stdperiph/misc.o

.ARM.extab
 *(.ARM.extab* .gnu.linkonce.armextab.*)
                0x0000000008002628                . = ALIGN (0x4)
                0x0000000008002628                __exidx_start = .

.ARM.exidx
 *(.ARM.exidx* .gnu.linkonce.armexidx.*)
                0x0000000008002628                __exidx_end = .
                0x0000000008002628                . = ALIGN (0x4)
                0x0000000008002628                _etext = .
                0x0000000008002628                __etext = .

.data_CCMRAM    0x0000000000000000        0x0 load address 0x0000000008002628
 FILL mask 0xff
 *(.data.CCMRAM .data.CCMRAM.*)
                0x0000000000000000                . = ALIGN (0x4)
                0x0000000008002628                _sidata = LOADADDR (.data)

.data           0x0000000020000000       0x88 load address 0x0000000008002628
 FILL mask 0xff
                0x0000000020000000                _sdata = .
                0x0000000020000000                __data_start__ = .
 *(.data_begin .data_begin.*)
 .data_begin    0x0000000020000000        0x4 ./system/src/newlib/_startup.o
 *(.data .data.*)
 .data.argv.4854
                0x0000000020000004        0x8 ./system/src/newlib/_syscalls.o
 .data.AHBPrescTable
                0x000000002000000c       0x10 ./system/src/cmsis/system_stm32f10x.o
                0x000000002000000c                AHBPrescTable
 .data.SystemCoreClock
                0x000000002000001c        0x4 ./system/src/cmsis/system_stm32f10x.o
                0x000000002000001c                SystemCoreClock
 .data._impure_ptr
                0x0000000020000020        0x4 c:/users/leohi/appdata/roaming/xpack/xpack-arm-none-eabi-gcc-9.2.1-1.1/bin/../lib/gcc/arm-none-eabi/9.2.1/../../../../arm-none-eabi/lib/thumb/v7-m/nofp\libg_nano.a(lib_a-impure.o)
                0x0000000020000020                _impure_ptr
 .data.impure_data
                0x0000000020000024       0x60 c:/users/leohi/appdata/roaming/xpack/xpack-arm-none-eabi-gcc-9.2.1-1.1/bin/../lib/gcc/arm-none-eabi/9.2.1/../../../../arm-none-eabi/lib/thumb/v7-m/nofp\libg_nano.a(lib_a-impure.o)
 *(.data_end .data_end.*)
 .data_end      0x0000000020000084        0x4 ./system/src/newlib/_startup.o
                0x0000000020000088                . = ALIGN (0x4)
                0x0000000020000088                _edata = .
                0x0000000020000088                __data_end__ = .

.igot.plt       0x0000000020000088        0x0 load address 0x00000000080026b0
 .igot.plt      0x0000000020000088        0x0 ./system/src/stm32f1-stdperiph/misc.o

.bss_CCMRAM     0x0000000000000000        0x0
 *(.bss.CCMRAM .bss.CCMRAM.*)

.bss            0x0000000020000088       0xac
                0x0000000020000088                __bss_start__ = .
                0x0000000020000088                _sbss = .
 *(.bss_begin .bss_begin.*)
 .bss_begin     0x0000000020000088        0x4 ./system/src/newlib/_startup.o
 *(.bss .bss.*)
 .bss.current_heap_end.4484
                0x000000002000008c        0x4 ./system/src/newlib/_sbrk.o
 .bss.name.4853
                0x0000000020000090        0x1 ./system/src/newlib/_syscalls.o
 *fill*         0x0000000020000091        0x3 
 .bss.buf.5728  0x0000000020000094       0x80 ./system/src/diag/Trace.o
 .bss.i         0x0000000020000114        0x4 ./src/stm32f10x_it.o
                0x0000000020000114                i
 .bss.__malloc_free_list
                0x0000000020000118        0x4 c:/users/leohi/appdata/roaming/xpack/xpack-arm-none-eabi-gcc-9.2.1-1.1/bin/../lib/gcc/arm-none-eabi/9.2.1/../../../../arm-none-eabi/lib/thumb/v7-m/nofp\libg_nano.a(lib_a-nano-mallocr.o)
                0x0000000020000118                __malloc_free_list
 .bss.__malloc_sbrk_start
                0x000000002000011c        0x4 c:/users/leohi/appdata/roaming/xpack/xpack-arm-none-eabi-gcc-9.2.1-1.1/bin/../lib/gcc/arm-none-eabi/9.2.1/../../../../arm-none-eabi/lib/thumb/v7-m/nofp\libg_nano.a(lib_a-nano-mallocr.o)
                0x000000002000011c                __malloc_sbrk_start
 *(COMMON)
 COMMON         0x0000000020000120        0x4 ./system/src/newlib/_syscalls.o
                0x0000000020000120                errno
 COMMON         0x0000000020000124        0x9 c:/users/leohi/appdata/roaming/xpack/xpack-arm-none-eabi-gcc-9.2.1-1.1/bin/../lib/gcc/arm-none-eabi/9.2.1/../../../../arm-none-eabi/lib/thumb/v7-m/nofp\libg_nano.a(lib_a-lock.o)
                0x0000000020000124                __lock___atexit_recursive_mutex
                0x0000000020000125                __lock___arc4random_mutex
                0x0000000020000126                __lock___env_recursive_mutex
                0x0000000020000127                __lock___sinit_recursive_mutex
                0x0000000020000128                __lock___malloc_recursive_mutex
                0x0000000020000129                __lock___at_quick_exit_mutex
                0x000000002000012a                __lock___dd_hash_mutex
                0x000000002000012b                __lock___tz_mutex
                0x000000002000012c                __lock___sfp_recursive_mutex
 *(.bss_end .bss_end.*)
 *fill*         0x000000002000012d        0x3 
 .bss_end       0x0000000020000130        0x4 ./system/src/newlib/_startup.o
                0x0000000020000134                . = ALIGN (0x4)
                0x0000000020000134                __bss_end__ = .
                0x0000000020000134                _ebss = .

.noinit_CCMRAM
 *(.noinit.CCMRAM .noinit.CCMRAM.*)

.noinit         0x0000000020000134        0x0
                0x0000000020000134                _noinit = .
 *(.noinit .noinit.*)
                0x0000000020000134                . = ALIGN (0x4)
                0x0000000020000134                _end_noinit = .
                [!provide]                        PROVIDE (end = _end_noinit)
                [!provide]                        PROVIDE (_end = _end_noinit)
                [!provide]                        PROVIDE (__end = _end_noinit)
                [!provide]                        PROVIDE (__end__ = _end_noinit)

._check_stack   0x0000000020000134      0x100
                0x0000000020000234                . = (. + _Minimum_Stack_Size)
 *fill*         0x0000000020000134      0x100 

.b1text
 *(.b1text)
 *(.b1rodata)
 *(.b1rodata.*)

.eb0text
 *(.eb0text)
 *(.eb0rodata)
 *(.eb0rodata.*)

.eb1text
 *(.eb1text)
 *(.eb1rodata)
 *(.eb1rodata.*)

.eb2text
 *(.eb2text)
 *(.eb2rodata)
 *(.eb2rodata.*)

.eb3text
 *(.eb3text)
 *(.eb3rodata)
 *(.eb3rodata.*)

.stab
 *(.stab)

.stabstr
 *(.stabstr)

.stab.excl
 *(.stab.excl)

.stab.exclstr
 *(.stab.exclstr)

.stab.index
 *(.stab.index)

.stab.indexstr
 *(.stab.indexstr)

.comment        0x0000000000000000       0x66
 *(.comment)
 .comment       0x0000000000000000       0x66 ./system/src/stm32f1-stdperiph/misc.o
                                         0x67 (size before relaxing)
 .comment       0x0000000000000066       0x67 ./system/src/stm32f1-stdperiph/stm32f10x_gpio.o
 .comment       0x0000000000000066       0x67 ./system/src/stm32f1-stdperiph/stm32f10x_rcc.o
 .comment       0x0000000000000066       0x67 ./system/src/newlib/_exit.o
 .comment       0x0000000000000066       0x67 ./system/src/newlib/_sbrk.o
 .comment       0x0000000000000066       0x67 ./system/src/newlib/_startup.o
 .comment       0x0000000000000066       0x67 ./system/src/newlib/_syscalls.o
 .comment       0x0000000000000066       0x67 ./system/src/newlib/assert.o
 .comment       0x0000000000000066       0x67 ./system/src/diag/Trace.o
 .comment       0x0000000000000066       0x67 ./system/src/diag/trace_impl.o
 .comment       0x0000000000000066       0x67 ./system/src/cortexm/_initialize_hardware.o
 .comment       0x0000000000000066       0x67 ./system/src/cortexm/exception_handlers.o
 .comment       0x0000000000000066       0x67 ./system/src/cmsis/system_stm32f10x.o
 .comment       0x0000000000000066       0x67 ./system/src/cmsis/vectors_stm32f10x.o
 .comment       0x0000000000000066       0x67 ./src/_write.o
 .comment       0x0000000000000066       0x67 ./src/main.o
 .comment       0x0000000000000066       0x67 ./src/stm32f10x_it.o
 .comment       0x0000000000000066       0x67 ./src/stm32f10x_tim.o

.ARM.attributes
                0x0000000000000000       0x2b
 .ARM.attributes
                0x0000000000000000       0x2d ./system/src/stm32f1-stdperiph/misc.o
 .ARM.attributes
                0x000000000000002d       0x2d ./system/src/stm32f1-stdperiph/stm32f10x_gpio.o
 .ARM.attributes
                0x000000000000005a       0x2d ./system/src/stm32f1-stdperiph/stm32f10x_rcc.o
 .ARM.attributes
                0x0000000000000087       0x2d ./system/src/newlib/_exit.o
 .ARM.attributes
                0x00000000000000b4       0x2d ./system/src/newlib/_sbrk.o
 .ARM.attributes
                0x00000000000000e1       0x2d ./system/src/newlib/_startup.o
 .ARM.attributes
                0x000000000000010e       0x2d ./system/src/newlib/_syscalls.o
 .ARM.attributes
                0x000000000000013b       0x2d ./system/src/newlib/assert.o
 .ARM.attributes
                0x0000000000000168       0x2d ./system/src/diag/Trace.o
 .ARM.attributes
                0x0000000000000195       0x2d ./system/src/diag/trace_impl.o
 .ARM.attributes
                0x00000000000001c2       0x2d ./system/src/cortexm/_initialize_hardware.o
 .ARM.attributes
                0x00000000000001ef       0x2d ./system/src/cortexm/exception_handlers.o
 .ARM.attributes
                0x000000000000021c       0x2d ./system/src/cmsis/system_stm32f10x.o
 .ARM.attributes
                0x0000000000000249       0x2d ./system/src/cmsis/vectors_stm32f10x.o
 .ARM.attributes
                0x0000000000000276       0x2d ./src/_write.o
 .ARM.attributes
                0x00000000000002a3       0x2d ./src/main.o
 .ARM.attributes
                0x00000000000002d0       0x2d ./src/stm32f10x_it.o
 .ARM.attributes
                0x00000000000002fd       0x2d ./src/stm32f10x_tim.o
 .ARM.attributes
                0x000000000000032a       0x2d c:/users/leohi/appdata/roaming/xpack/xpack-arm-none-eabi-gcc-9.2.1-1.1/bin/../lib/gcc/arm-none-eabi/9.2.1/../../../../arm-none-eabi/lib/thumb/v7-m/nofp\libg_nano.a(lib_a-errno.o)
 .ARM.attributes
                0x0000000000000357       0x2d c:/users/leohi/appdata/roaming/xpack/xpack-arm-none-eabi-gcc-9.2.1-1.1/bin/../lib/gcc/arm-none-eabi/9.2.1/../../../../arm-none-eabi/lib/thumb/v7-m/nofp\libg_nano.a(lib_a-impure.o)
 .ARM.attributes
                0x0000000000000384       0x2d c:/users/leohi/appdata/roaming/xpack/xpack-arm-none-eabi-gcc-9.2.1-1.1/bin/../lib/gcc/arm-none-eabi/9.2.1/../../../../arm-none-eabi/lib/thumb/v7-m/nofp\libg_nano.a(lib_a-printf.o)
 .ARM.attributes
                0x00000000000003b1       0x17 c:/users/leohi/appdata/roaming/xpack/xpack-arm-none-eabi-gcc-9.2.1-1.1/bin/../lib/gcc/arm-none-eabi/9.2.1/../../../../arm-none-eabi/lib/thumb/v7-m/nofp\libg_nano.a(lib_a-strlen.o)
 .ARM.attributes
                0x00000000000003c8       0x2d c:/users/leohi/appdata/roaming/xpack/xpack-arm-none-eabi-gcc-9.2.1-1.1/bin/../lib/gcc/arm-none-eabi/9.2.1/../../../../arm-none-eabi/lib/thumb/v7-m/nofp\libg_nano.a(lib_a-vsnprintf.o)
 .ARM.attributes
                0x00000000000003f5       0x2d c:/users/leohi/appdata/roaming/xpack/xpack-arm-none-eabi-gcc-9.2.1-1.1/bin/../lib/gcc/arm-none-eabi/9.2.1/../../../../arm-none-eabi/lib/thumb/v7-m/nofp\libg_nano.a(lib_a-findfp.o)
 .ARM.attributes
                0x0000000000000422       0x2d c:/users/leohi/appdata/roaming/xpack/xpack-arm-none-eabi-gcc-9.2.1-1.1/bin/../lib/gcc/arm-none-eabi/9.2.1/../../../../arm-none-eabi/lib/thumb/v7-m/nofp\libg_nano.a(lib_a-fwalk.o)
 .ARM.attributes
                0x000000000000044f       0x2d c:/users/leohi/appdata/roaming/xpack/xpack-arm-none-eabi-gcc-9.2.1-1.1/bin/../lib/gcc/arm-none-eabi/9.2.1/../../../../arm-none-eabi/lib/thumb/v7-m/nofp\libg_nano.a(lib_a-lock.o)
 .ARM.attributes
                0x000000000000047c       0x2d c:/users/leohi/appdata/roaming/xpack/xpack-arm-none-eabi-gcc-9.2.1-1.1/bin/../lib/gcc/arm-none-eabi/9.2.1/../../../../arm-none-eabi/lib/thumb/v7-m/nofp\libg_nano.a(lib_a-memset.o)
 .ARM.attributes
                0x00000000000004a9       0x2d c:/users/leohi/appdata/roaming/xpack/xpack-arm-none-eabi-gcc-9.2.1-1.1/bin/../lib/gcc/arm-none-eabi/9.2.1/../../../../arm-none-eabi/lib/thumb/v7-m/nofp\libg_nano.a(lib_a-nano-mallocr.o)
 .ARM.attributes
                0x00000000000004d6       0x2d c:/users/leohi/appdata/roaming/xpack/xpack-arm-none-eabi-gcc-9.2.1-1.1/bin/../lib/gcc/arm-none-eabi/9.2.1/../../../../arm-none-eabi/lib/thumb/v7-m/nofp\libg_nano.a(lib_a-nano-svfprintf.o)
 .ARM.attributes
                0x0000000000000503       0x2d c:/users/leohi/appdata/roaming/xpack/xpack-arm-none-eabi-gcc-9.2.1-1.1/bin/../lib/gcc/arm-none-eabi/9.2.1/../../../../arm-none-eabi/lib/thumb/v7-m/nofp\libg_nano.a(lib_a-nano-vfprintf.o)
 .ARM.attributes
                0x0000000000000530       0x2d c:/users/leohi/appdata/roaming/xpack/xpack-arm-none-eabi-gcc-9.2.1-1.1/bin/../lib/gcc/arm-none-eabi/9.2.1/../../../../arm-none-eabi/lib/thumb/v7-m/nofp\libg_nano.a(lib_a-nano-vfprintf_i.o)
 .ARM.attributes
                0x000000000000055d       0x2d c:/users/leohi/appdata/roaming/xpack/xpack-arm-none-eabi-gcc-9.2.1-1.1/bin/../lib/gcc/arm-none-eabi/9.2.1/../../../../arm-none-eabi/lib/thumb/v7-m/nofp\libg_nano.a(lib_a-sbrkr.o)
 .ARM.attributes
                0x000000000000058a       0x2d c:/users/leohi/appdata/roaming/xpack/xpack-arm-none-eabi-gcc-9.2.1-1.1/bin/../lib/gcc/arm-none-eabi/9.2.1/../../../../arm-none-eabi/lib/thumb/v7-m/nofp\libg_nano.a(lib_a-stdio.o)
 .ARM.attributes
                0x00000000000005b7       0x2d c:/users/leohi/appdata/roaming/xpack/xpack-arm-none-eabi-gcc-9.2.1-1.1/bin/../lib/gcc/arm-none-eabi/9.2.1/../../../../arm-none-eabi/lib/thumb/v7-m/nofp\libg_nano.a(lib_a-wbuf.o)
 .ARM.attributes
                0x00000000000005e4       0x2d c:/users/leohi/appdata/roaming/xpack/xpack-arm-none-eabi-gcc-9.2.1-1.1/bin/../lib/gcc/arm-none-eabi/9.2.1/../../../../arm-none-eabi/lib/thumb/v7-m/nofp\libg_nano.a(lib_a-writer.o)
 .ARM.attributes
                0x0000000000000611       0x2d c:/users/leohi/appdata/roaming/xpack/xpack-arm-none-eabi-gcc-9.2.1-1.1/bin/../lib/gcc/arm-none-eabi/9.2.1/../../../../arm-none-eabi/lib/thumb/v7-m/nofp\libg_nano.a(lib_a-wsetup.o)
 .ARM.attributes
                0x000000000000063e       0x2d c:/users/leohi/appdata/roaming/xpack/xpack-arm-none-eabi-gcc-9.2.1-1.1/bin/../lib/gcc/arm-none-eabi/9.2.1/../../../../arm-none-eabi/lib/thumb/v7-m/nofp\libg_nano.a(lib_a-closer.o)
 .ARM.attributes
                0x000000000000066b       0x2d c:/users/leohi/appdata/roaming/xpack/xpack-arm-none-eabi-gcc-9.2.1-1.1/bin/../lib/gcc/arm-none-eabi/9.2.1/../../../../arm-none-eabi/lib/thumb/v7-m/nofp\libg_nano.a(lib_a-fflush.o)
 .ARM.attributes
                0x0000000000000698       0x2d c:/users/leohi/appdata/roaming/xpack/xpack-arm-none-eabi-gcc-9.2.1-1.1/bin/../lib/gcc/arm-none-eabi/9.2.1/../../../../arm-none-eabi/lib/thumb/v7-m/nofp\libg_nano.a(lib_a-lseekr.o)
 .ARM.attributes
                0x00000000000006c5       0x2d c:/users/leohi/appdata/roaming/xpack/xpack-arm-none-eabi-gcc-9.2.1-1.1/bin/../lib/gcc/arm-none-eabi/9.2.1/../../../../arm-none-eabi/lib/thumb/v7-m/nofp\libg_nano.a(lib_a-makebuf.o)
 .ARM.attributes
                0x00000000000006f2       0x2d c:/users/leohi/appdata/roaming/xpack/xpack-arm-none-eabi-gcc-9.2.1-1.1/bin/../lib/gcc/arm-none-eabi/9.2.1/../../../../arm-none-eabi/lib/thumb/v7-m/nofp\libg_nano.a(lib_a-memchr-stub.o)
 .ARM.attributes
                0x000000000000071f       0x2d c:/users/leohi/appdata/roaming/xpack/xpack-arm-none-eabi-gcc-9.2.1-1.1/bin/../lib/gcc/arm-none-eabi/9.2.1/../../../../arm-none-eabi/lib/thumb/v7-m/nofp\libg_nano.a(lib_a-memcpy-stub.o)
 .ARM.attributes
                0x000000000000074c       0x2d c:/users/leohi/appdata/roaming/xpack/xpack-arm-none-eabi-gcc-9.2.1-1.1/bin/../lib/gcc/arm-none-eabi/9.2.1/../../../../arm-none-eabi/lib/thumb/v7-m/nofp\libg_nano.a(lib_a-memmove.o)
 .ARM.attributes
                0x0000000000000779       0x2d c:/users/leohi/appdata/roaming/xpack/xpack-arm-none-eabi-gcc-9.2.1-1.1/bin/../lib/gcc/arm-none-eabi/9.2.1/../../../../arm-none-eabi/lib/thumb/v7-m/nofp\libg_nano.a(lib_a-mlock.o)
 .ARM.attributes
                0x00000000000007a6       0x2d c:/users/leohi/appdata/roaming/xpack/xpack-arm-none-eabi-gcc-9.2.1-1.1/bin/../lib/gcc/arm-none-eabi/9.2.1/../../../../arm-none-eabi/lib/thumb/v7-m/nofp\libg_nano.a(lib_a-nano-freer.o)
 .ARM.attributes
                0x00000000000007d3       0x2d c:/users/leohi/appdata/roaming/xpack/xpack-arm-none-eabi-gcc-9.2.1-1.1/bin/../lib/gcc/arm-none-eabi/9.2.1/../../../../arm-none-eabi/lib/thumb/v7-m/nofp\libg_nano.a(lib_a-nano-reallocr.o)
 .ARM.attributes
                0x0000000000000800       0x2d c:/users/leohi/appdata/roaming/xpack/xpack-arm-none-eabi-gcc-9.2.1-1.1/bin/../lib/gcc/arm-none-eabi/9.2.1/../../../../arm-none-eabi/lib/thumb/v7-m/nofp\libg_nano.a(lib_a-readr.o)
 .ARM.attributes
                0x000000000000082d       0x2d c:/users/leohi/appdata/roaming/xpack/xpack-arm-none-eabi-gcc-9.2.1-1.1/bin/../lib/gcc/arm-none-eabi/9.2.1/../../../../arm-none-eabi/lib/thumb/v7-m/nofp\libg_nano.a(lib_a-fstatr.o)
 .ARM.attributes
                0x000000000000085a       0x2d c:/users/leohi/appdata/roaming/xpack/xpack-arm-none-eabi-gcc-9.2.1-1.1/bin/../lib/gcc/arm-none-eabi/9.2.1/../../../../arm-none-eabi/lib/thumb/v7-m/nofp\libg_nano.a(lib_a-isattyr.o)
 .ARM.attributes
                0x0000000000000887       0x2d c:/users/leohi/appdata/roaming/xpack/xpack-arm-none-eabi-gcc-9.2.1-1.1/bin/../lib/gcc/arm-none-eabi/9.2.1/../../../../arm-none-eabi/lib/thumb/v7-m/nofp\libg_nano.a(lib_a-nano-msizer.o)

.debug
 *(.debug)

.line
 *(.line)

.debug_srcinfo
 *(.debug_srcinfo)

.debug_sfnames
 *(.debug_sfnames)

.debug_aranges  0x0000000000000000      0x858
 *(.debug_aranges)
 .debug_aranges
                0x0000000000000000       0x40 ./system/src/stm32f1-stdperiph/misc.o
 .debug_aranges
                0x0000000000000040       0xa8 ./system/src/stm32f1-stdperiph/stm32f10x_gpio.o
 .debug_aranges
                0x00000000000000e8      0x118 ./system/src/stm32f1-stdperiph/stm32f10x_rcc.o
 .debug_aranges
                0x0000000000000200       0x28 ./system/src/newlib/_exit.o
 .debug_aranges
                0x0000000000000228       0x20 ./system/src/newlib/_sbrk.o
 .debug_aranges
                0x0000000000000248       0x40 ./system/src/newlib/_startup.o
 .debug_aranges
                0x0000000000000288       0xd0 ./system/src/newlib/_syscalls.o
 .debug_aranges
                0x0000000000000358       0x28 ./system/src/newlib/assert.o
 .debug_aranges
                0x0000000000000380       0x38 ./system/src/diag/Trace.o
 .debug_aranges
                0x00000000000003b8       0x30 ./system/src/diag/trace_impl.o
 .debug_aranges
                0x00000000000003e8       0x28 ./system/src/cortexm/_initialize_hardware.o
 .debug_aranges
                0x0000000000000410       0x90 ./system/src/cortexm/exception_handlers.o
 .debug_aranges
                0x00000000000004a0       0x38 ./system/src/cmsis/system_stm32f10x.o
 .debug_aranges
                0x00000000000004d8       0x20 ./system/src/cmsis/vectors_stm32f10x.o
 .debug_aranges
                0x00000000000004f8       0x20 ./src/_write.o
 .debug_aranges
                0x0000000000000518       0x30 ./src/main.o
 .debug_aranges
                0x0000000000000548       0x20 ./src/stm32f10x_it.o
 .debug_aranges
                0x0000000000000568      0x2f0 ./src/stm32f10x_tim.o

.debug_pubnames
 *(.debug_pubnames)

.debug_info     0x0000000000000000     0xe20e
 *(.debug_info .gnu.linkonce.wi.*)
 .debug_info    0x0000000000000000      0x6c9 ./system/src/stm32f1-stdperiph/misc.o
 .debug_info    0x00000000000006c9      0xd14 ./system/src/stm32f1-stdperiph/stm32f10x_gpio.o
 .debug_info    0x00000000000013dd      0xdeb ./system/src/stm32f1-stdperiph/stm32f10x_rcc.o
 .debug_info    0x00000000000021c8      0x9e7 ./system/src/newlib/_exit.o
 .debug_info    0x0000000000002baf      0x9d4 ./system/src/newlib/_sbrk.o
 .debug_info    0x0000000000003583      0x4ba ./system/src/newlib/_startup.o
 .debug_info    0x0000000000003a3d     0x1376 ./system/src/newlib/_syscalls.o
 .debug_info    0x0000000000004db3      0xac2 ./system/src/newlib/assert.o
 .debug_info    0x0000000000005875      0xbdb ./system/src/diag/Trace.o
 .debug_info    0x0000000000006450      0x3c2 ./system/src/diag/trace_impl.o
 .debug_info    0x0000000000006812      0x2fa ./system/src/cortexm/_initialize_hardware.o
 .debug_info    0x0000000000006b0c     0x12ab ./system/src/cortexm/exception_handlers.o
 .debug_info    0x0000000000007db7      0x50b ./system/src/cmsis/system_stm32f10x.o
 .debug_info    0x00000000000082c2       0xce ./system/src/cmsis/vectors_stm32f10x.o
 .debug_info    0x0000000000008390      0xa4b ./src/_write.o
 .debug_info    0x0000000000008ddb     0x10b1 ./src/main.o
 .debug_info    0x0000000000009e8c      0x485 ./src/stm32f10x_it.o
 .debug_info    0x000000000000a311     0x3efd ./src/stm32f10x_tim.o

.debug_abbrev   0x0000000000000000     0x2542
 *(.debug_abbrev)
 .debug_abbrev  0x0000000000000000      0x1bc ./system/src/stm32f1-stdperiph/misc.o
 .debug_abbrev  0x00000000000001bc      0x24b ./system/src/stm32f1-stdperiph/stm32f10x_gpio.o
 .debug_abbrev  0x0000000000000407      0x240 ./system/src/stm32f1-stdperiph/stm32f10x_rcc.o
 .debug_abbrev  0x0000000000000647      0x222 ./system/src/newlib/_exit.o
 .debug_abbrev  0x0000000000000869      0x232 ./system/src/newlib/_sbrk.o
 .debug_abbrev  0x0000000000000a9b      0x1b1 ./system/src/newlib/_startup.o
 .debug_abbrev  0x0000000000000c4c      0x2d8 ./system/src/newlib/_syscalls.o
 .debug_abbrev  0x0000000000000f24      0x222 ./system/src/newlib/assert.o
 .debug_abbrev  0x0000000000001146      0x2c6 ./system/src/diag/Trace.o
 .debug_abbrev  0x000000000000140c      0x218 ./system/src/diag/trace_impl.o
 .debug_abbrev  0x0000000000001624       0xfc ./system/src/cortexm/_initialize_hardware.o
 .debug_abbrev  0x0000000000001720      0x372 ./system/src/cortexm/exception_handlers.o
 .debug_abbrev  0x0000000000001a92      0x19d ./system/src/cmsis/system_stm32f10x.o
 .debug_abbrev  0x0000000000001c2f       0xa5 ./system/src/cmsis/vectors_stm32f10x.o
 .debug_abbrev  0x0000000000001cd4      0x23a ./src/_write.o
 .debug_abbrev  0x0000000000001f0e      0x2bd ./src/main.o
 .debug_abbrev  0x00000000000021cb      0x151 ./src/stm32f10x_it.o
 .debug_abbrev  0x000000000000231c      0x226 ./src/stm32f10x_tim.o

.debug_line     0x0000000000000000     0xaab4
 *(.debug_line)
 .debug_line    0x0000000000000000      0x696 ./system/src/stm32f1-stdperiph/misc.o
 .debug_line    0x0000000000000696      0xe8e ./system/src/stm32f1-stdperiph/stm32f10x_gpio.o
 .debug_line    0x0000000000001524      0xf4f ./system/src/stm32f1-stdperiph/stm32f10x_rcc.o
 .debug_line    0x0000000000002473      0x3ad ./system/src/newlib/_exit.o
 .debug_line    0x0000000000002820      0x397 ./system/src/newlib/_sbrk.o
 .debug_line    0x0000000000002bb7      0x624 ./system/src/newlib/_startup.o
 .debug_line    0x00000000000031db      0x781 ./system/src/newlib/_syscalls.o
 .debug_line    0x000000000000395c      0x3f2 ./system/src/newlib/assert.o
 .debug_line    0x0000000000003d4e      0x489 ./system/src/diag/Trace.o
 .debug_line    0x00000000000041d7      0x704 ./system/src/diag/trace_impl.o
 .debug_line    0x00000000000048db      0x506 ./system/src/cortexm/_initialize_hardware.o
 .debug_line    0x0000000000004de1      0x92e ./system/src/cortexm/exception_handlers.o
 .debug_line    0x000000000000570f      0x728 ./system/src/cmsis/system_stm32f10x.o
 .debug_line    0x0000000000005e37      0x298 ./system/src/cmsis/vectors_stm32f10x.o
 .debug_line    0x00000000000060cf      0x390 ./src/_write.o
 .debug_line    0x000000000000645f      0x68f ./src/main.o
 .debug_line    0x0000000000006aee      0x4e6 ./src/stm32f10x_it.o
 .debug_line    0x0000000000006fd4     0x3ae0 ./src/stm32f10x_tim.o

.debug_frame    0x0000000000000000     0x1fd0
 *(.debug_frame)
 .debug_frame   0x0000000000000000       0x90 ./system/src/stm32f1-stdperiph/misc.o
 .debug_frame   0x0000000000000090      0x1e8 ./system/src/stm32f1-stdperiph/stm32f10x_gpio.o
 .debug_frame   0x0000000000000278      0x31c ./system/src/stm32f1-stdperiph/stm32f10x_rcc.o
 .debug_frame   0x0000000000000594       0x38 ./system/src/newlib/_exit.o
 .debug_frame   0x00000000000005cc       0x28 ./system/src/newlib/_sbrk.o
 .debug_frame   0x00000000000005f4       0x7c ./system/src/newlib/_startup.o
 .debug_frame   0x0000000000000670      0x230 ./system/src/newlib/_syscalls.o
 .debug_frame   0x00000000000008a0       0x40 ./system/src/newlib/assert.o
 .debug_frame   0x00000000000008e0       0x94 ./system/src/diag/Trace.o
 .debug_frame   0x0000000000000974       0x64 ./system/src/diag/trace_impl.o
 .debug_frame   0x00000000000009d8       0x40 ./system/src/cortexm/_initialize_hardware.o
 .debug_frame   0x0000000000000a18      0x158 ./system/src/cortexm/exception_handlers.o
 .debug_frame   0x0000000000000b70       0x6c ./system/src/cmsis/system_stm32f10x.o
 .debug_frame   0x0000000000000bdc       0x20 ./system/src/cmsis/vectors_stm32f10x.o
 .debug_frame   0x0000000000000bfc       0x28 ./src/_write.o
 .debug_frame   0x0000000000000c24       0x60 ./src/main.o
 .debug_frame   0x0000000000000c84       0x28 ./src/stm32f10x_it.o
 .debug_frame   0x0000000000000cac      0x9f0 ./src/stm32f10x_tim.o
 .debug_frame   0x000000000000169c       0x20 c:/users/leohi/appdata/roaming/xpack/xpack-arm-none-eabi-gcc-9.2.1-1.1/bin/../lib/gcc/arm-none-eabi/9.2.1/../../../../arm-none-eabi/lib/thumb/v7-m/nofp\libg_nano.a(lib_a-errno.o)
 .debug_frame   0x00000000000016bc       0x74 c:/users/leohi/appdata/roaming/xpack/xpack-arm-none-eabi-gcc-9.2.1-1.1/bin/../lib/gcc/arm-none-eabi/9.2.1/../../../../arm-none-eabi/lib/thumb/v7-m/nofp\libg_nano.a(lib_a-printf.o)
 .debug_frame   0x0000000000001730       0x4c c:/users/leohi/appdata/roaming/xpack/xpack-arm-none-eabi-gcc-9.2.1-1.1/bin/../lib/gcc/arm-none-eabi/9.2.1/../../../../arm-none-eabi/lib/thumb/v7-m/nofp\libg_nano.a(lib_a-vsnprintf.o)
 .debug_frame   0x000000000000177c      0x14c c:/users/leohi/appdata/roaming/xpack/xpack-arm-none-eabi-gcc-9.2.1-1.1/bin/../lib/gcc/arm-none-eabi/9.2.1/../../../../arm-none-eabi/lib/thumb/v7-m/nofp\libg_nano.a(lib_a-findfp.o)
 .debug_frame   0x00000000000018c8       0x54 c:/users/leohi/appdata/roaming/xpack/xpack-arm-none-eabi-gcc-9.2.1-1.1/bin/../lib/gcc/arm-none-eabi/9.2.1/../../../../arm-none-eabi/lib/thumb/v7-m/nofp\libg_nano.a(lib_a-fwalk.o)
 .debug_frame   0x000000000000191c       0xb0 c:/users/leohi/appdata/roaming/xpack/xpack-arm-none-eabi-gcc-9.2.1-1.1/bin/../lib/gcc/arm-none-eabi/9.2.1/../../../../arm-none-eabi/lib/thumb/v7-m/nofp\libg_nano.a(lib_a-lock.o)
 .debug_frame   0x00000000000019cc       0x20 c:/users/leohi/appdata/roaming/xpack/xpack-arm-none-eabi-gcc-9.2.1-1.1/bin/../lib/gcc/arm-none-eabi/9.2.1/../../../../arm-none-eabi/lib/thumb/v7-m/nofp\libg_nano.a(lib_a-memset.o)
 .debug_frame   0x00000000000019ec       0x30 c:/users/leohi/appdata/roaming/xpack/xpack-arm-none-eabi-gcc-9.2.1-1.1/bin/../lib/gcc/arm-none-eabi/9.2.1/../../../../arm-none-eabi/lib/thumb/v7-m/nofp\libg_nano.a(lib_a-nano-mallocr.o)
 .debug_frame   0x0000000000001a1c       0x90 c:/users/leohi/appdata/roaming/xpack/xpack-arm-none-eabi-gcc-9.2.1-1.1/bin/../lib/gcc/arm-none-eabi/9.2.1/../../../../arm-none-eabi/lib/thumb/v7-m/nofp\libg_nano.a(lib_a-nano-svfprintf.o)
 .debug_frame   0x0000000000001aac       0xac c:/users/leohi/appdata/roaming/xpack/xpack-arm-none-eabi-gcc-9.2.1-1.1/bin/../lib/gcc/arm-none-eabi/9.2.1/../../../../arm-none-eabi/lib/thumb/v7-m/nofp\libg_nano.a(lib_a-nano-vfprintf.o)
 .debug_frame   0x0000000000001b58       0x60 c:/users/leohi/appdata/roaming/xpack/xpack-arm-none-eabi-gcc-9.2.1-1.1/bin/../lib/gcc/arm-none-eabi/9.2.1/../../../../arm-none-eabi/lib/thumb/v7-m/nofp\libg_nano.a(lib_a-nano-vfprintf_i.o)
 .debug_frame   0x0000000000001bb8       0x2c c:/users/leohi/appdata/roaming/xpack/xpack-arm-none-eabi-gcc-9.2.1-1.1/bin/../lib/gcc/arm-none-eabi/9.2.1/../../../../arm-none-eabi/lib/thumb/v7-m/nofp\libg_nano.a(lib_a-sbrkr.o)
 .debug_frame   0x0000000000001be4       0x88 c:/users/leohi/appdata/roaming/xpack/xpack-arm-none-eabi-gcc-9.2.1-1.1/bin/../lib/gcc/arm-none-eabi/9.2.1/../../../../arm-none-eabi/lib/thumb/v7-m/nofp\libg_nano.a(lib_a-stdio.o)
 .debug_frame   0x0000000000001c6c       0x40 c:/users/leohi/appdata/roaming/xpack/xpack-arm-none-eabi-gcc-9.2.1-1.1/bin/../lib/gcc/arm-none-eabi/9.2.1/../../../../arm-none-eabi/lib/thumb/v7-m/nofp\libg_nano.a(lib_a-wbuf.o)
 .debug_frame   0x0000000000001cac       0x2c c:/users/leohi/appdata/roaming/xpack/xpack-arm-none-eabi-gcc-9.2.1-1.1/bin/../lib/gcc/arm-none-eabi/9.2.1/../../../../arm-none-eabi/lib/thumb/v7-m/nofp\libg_nano.a(lib_a-writer.o)
 .debug_frame   0x0000000000001cd8       0x2c c:/users/leohi/appdata/roaming/xpack/xpack-arm-none-eabi-gcc-9.2.1-1.1/bin/../lib/gcc/arm-none-eabi/9.2.1/../../../../arm-none-eabi/lib/thumb/v7-m/nofp\libg_nano.a(lib_a-wsetup.o)
 .debug_frame   0x0000000000001d04       0x2c c:/users/leohi/appdata/roaming/xpack/xpack-arm-none-eabi-gcc-9.2.1-1.1/bin/../lib/gcc/arm-none-eabi/9.2.1/../../../../arm-none-eabi/lib/thumb/v7-m/nofp\libg_nano.a(lib_a-closer.o)
 .debug_frame   0x0000000000001d30       0x5c c:/users/leohi/appdata/roaming/xpack/xpack-arm-none-eabi-gcc-9.2.1-1.1/bin/../lib/gcc/arm-none-eabi/9.2.1/../../../../arm-none-eabi/lib/thumb/v7-m/nofp\libg_nano.a(lib_a-fflush.o)
 .debug_frame   0x0000000000001d8c       0x2c c:/users/leohi/appdata/roaming/xpack/xpack-arm-none-eabi-gcc-9.2.1-1.1/bin/../lib/gcc/arm-none-eabi/9.2.1/../../../../arm-none-eabi/lib/thumb/v7-m/nofp\libg_nano.a(lib_a-lseekr.o)
 .debug_frame   0x0000000000001db8       0x58 c:/users/leohi/appdata/roaming/xpack/xpack-arm-none-eabi-gcc-9.2.1-1.1/bin/../lib/gcc/arm-none-eabi/9.2.1/../../../../arm-none-eabi/lib/thumb/v7-m/nofp\libg_nano.a(lib_a-makebuf.o)
 .debug_frame   0x0000000000001e10       0x28 c:/users/leohi/appdata/roaming/xpack/xpack-arm-none-eabi-gcc-9.2.1-1.1/bin/../lib/gcc/arm-none-eabi/9.2.1/../../../../arm-none-eabi/lib/thumb/v7-m/nofp\libg_nano.a(lib_a-memchr-stub.o)
 .debug_frame   0x0000000000001e38       0x28 c:/users/leohi/appdata/roaming/xpack/xpack-arm-none-eabi-gcc-9.2.1-1.1/bin/../lib/gcc/arm-none-eabi/9.2.1/../../../../arm-none-eabi/lib/thumb/v7-m/nofp\libg_nano.a(lib_a-memcpy-stub.o)
 .debug_frame   0x0000000000001e60       0x28 c:/users/leohi/appdata/roaming/xpack/xpack-arm-none-eabi-gcc-9.2.1-1.1/bin/../lib/gcc/arm-none-eabi/9.2.1/../../../../arm-none-eabi/lib/thumb/v7-m/nofp\libg_nano.a(lib_a-memmove.o)
 .debug_frame   0x0000000000001e88       0x30 c:/users/leohi/appdata/roaming/xpack/xpack-arm-none-eabi-gcc-9.2.1-1.1/bin/../lib/gcc/arm-none-eabi/9.2.1/../../../../arm-none-eabi/lib/thumb/v7-m/nofp\libg_nano.a(lib_a-mlock.o)
 .debug_frame   0x0000000000001eb8       0x38 c:/users/leohi/appdata/roaming/xpack/xpack-arm-none-eabi-gcc-9.2.1-1.1/bin/../lib/gcc/arm-none-eabi/9.2.1/../../../../arm-none-eabi/lib/thumb/v7-m/nofp\libg_nano.a(lib_a-nano-freer.o)
 .debug_frame   0x0000000000001ef0       0x3c c:/users/leohi/appdata/roaming/xpack/xpack-arm-none-eabi-gcc-9.2.1-1.1/bin/../lib/gcc/arm-none-eabi/9.2.1/../../../../arm-none-eabi/lib/thumb/v7-m/nofp\libg_nano.a(lib_a-nano-reallocr.o)
 .debug_frame   0x0000000000001f2c       0x2c c:/users/leohi/appdata/roaming/xpack/xpack-arm-none-eabi-gcc-9.2.1-1.1/bin/../lib/gcc/arm-none-eabi/9.2.1/../../../../arm-none-eabi/lib/thumb/v7-m/nofp\libg_nano.a(lib_a-readr.o)
 .debug_frame   0x0000000000001f58       0x2c c:/users/leohi/appdata/roaming/xpack/xpack-arm-none-eabi-gcc-9.2.1-1.1/bin/../lib/gcc/arm-none-eabi/9.2.1/../../../../arm-none-eabi/lib/thumb/v7-m/nofp\libg_nano.a(lib_a-fstatr.o)
 .debug_frame   0x0000000000001f84       0x2c c:/users/leohi/appdata/roaming/xpack/xpack-arm-none-eabi-gcc-9.2.1-1.1/bin/../lib/gcc/arm-none-eabi/9.2.1/../../../../arm-none-eabi/lib/thumb/v7-m/nofp\libg_nano.a(lib_a-isattyr.o)
 .debug_frame   0x0000000000001fb0       0x20 c:/users/leohi/appdata/roaming/xpack/xpack-arm-none-eabi-gcc-9.2.1-1.1/bin/../lib/gcc/arm-none-eabi/9.2.1/../../../../arm-none-eabi/lib/thumb/v7-m/nofp\libg_nano.a(lib_a-nano-msizer.o)

.debug_str      0x0000000000000000    0x580ef
 *(.debug_str)
 .debug_str     0x0000000000000000    0x4ed99 ./system/src/stm32f1-stdperiph/misc.o
                                      0x4ef1a (size before relaxing)
 .debug_str     0x000000000004ed99      0x5df ./system/src/stm32f1-stdperiph/stm32f10x_gpio.o
                                      0x4f2a3 (size before relaxing)
 .debug_str     0x000000000004f378      0xb4a ./system/src/stm32f1-stdperiph/stm32f10x_rcc.o
                                      0x4f872 (size before relaxing)
 .debug_str     0x000000000004fec2     0x4aa4 ./system/src/newlib/_exit.o
                                       0x7ed7 (size before relaxing)
 .debug_str     0x0000000000054966      0x4f5 ./system/src/newlib/_sbrk.o
                                       0x7289 (size before relaxing)
 .debug_str     0x0000000000054e5b      0x260 ./system/src/newlib/_startup.o
                                       0x696b (size before relaxing)
 .debug_str     0x00000000000550bb     0x119f ./system/src/newlib/_syscalls.o
                                       0x851e (size before relaxing)
 .debug_str     0x000000000005625a       0xd0 ./system/src/newlib/assert.o
                                       0x898d (size before relaxing)
 .debug_str     0x000000000005632a      0x819 ./system/src/diag/Trace.o
                                       0x864f (size before relaxing)
 .debug_str     0x0000000000056b43      0x37b ./system/src/diag/trace_impl.o
                                      0x529e6 (size before relaxing)
 .debug_str     0x0000000000056ebe       0x5e ./system/src/cortexm/_initialize_hardware.o
                                      0x4ed82 (size before relaxing)
 .debug_str     0x0000000000056f1c      0x19d ./system/src/cortexm/exception_handlers.o
                                      0x53c20 (size before relaxing)
 .debug_str     0x00000000000570b9       0x96 ./system/src/cmsis/system_stm32f10x.o
                                      0x4ee27 (size before relaxing)
 .debug_str     0x000000000005714f       0x57 ./system/src/cmsis/vectors_stm32f10x.o
                                       0x3da2 (size before relaxing)
 .debug_str     0x00000000000571a6       0x10 ./src/_write.o
                                       0x8265 (size before relaxing)
 .debug_str     0x00000000000571b6      0x483 ./src/main.o
                                      0x5347b (size before relaxing)
 .debug_str     0x0000000000057639       0x3c ./src/stm32f10x_it.o
                                      0x4ee23 (size before relaxing)
 .debug_str     0x0000000000057675      0xa7a ./src/stm32f10x_tim.o
                                      0x4f9a5 (size before relaxing)

.debug_loc      0x0000000000000000     0x5993
 *(.debug_loc)
 .debug_loc     0x0000000000000000      0x26d ./system/src/stm32f1-stdperiph/misc.o
 .debug_loc     0x000000000000026d      0xa10 ./system/src/stm32f1-stdperiph/stm32f10x_gpio.o
 .debug_loc     0x0000000000000c7d      0xd20 ./system/src/stm32f1-stdperiph/stm32f10x_rcc.o
 .debug_loc     0x000000000000199d       0x15 ./system/src/newlib/_exit.o
 .debug_loc     0x00000000000019b2       0x97 ./system/src/newlib/_sbrk.o
 .debug_loc     0x0000000000001a49      0x2de ./system/src/newlib/_startup.o
 .debug_loc     0x0000000000001d27      0x5ed ./system/src/newlib/_syscalls.o
 .debug_loc     0x0000000000002314      0x160 ./system/src/newlib/assert.o
 .debug_loc     0x0000000000002474      0x118 ./system/src/diag/Trace.o
 .debug_loc     0x000000000000258c      0x194 ./system/src/diag/trace_impl.o
 .debug_loc     0x0000000000002720      0x35c ./system/src/cortexm/exception_handlers.o
 .debug_loc     0x0000000000002a7c       0xff ./system/src/cmsis/system_stm32f10x.o
 .debug_loc     0x0000000000002b7b       0xe2 ./src/_write.o
 .debug_loc     0x0000000000002c5d     0x2d36 ./src/stm32f10x_tim.o

.debug_macinfo
 *(.debug_macinfo)

.debug_weaknames
 *(.debug_weaknames)

.debug_funcnames
 *(.debug_funcnames)

.debug_typenames
 *(.debug_typenames)

.debug_varnames
 *(.debug_varnames)
OUTPUT(timer2.elf elf32-littlearm)

.debug_ranges   0x0000000000000000      0x768
 .debug_ranges  0x0000000000000000       0x30 ./system/src/stm32f1-stdperiph/misc.o
 .debug_ranges  0x0000000000000030       0x98 ./system/src/stm32f1-stdperiph/stm32f10x_gpio.o
 .debug_ranges  0x00000000000000c8      0x108 ./system/src/stm32f1-stdperiph/stm32f10x_rcc.o
 .debug_ranges  0x00000000000001d0       0x18 ./system/src/newlib/_exit.o
 .debug_ranges  0x00000000000001e8       0x10 ./system/src/newlib/_sbrk.o
 .debug_ranges  0x00000000000001f8       0x30 ./system/src/newlib/_startup.o
 .debug_ranges  0x0000000000000228       0xc0 ./system/src/newlib/_syscalls.o
 .debug_ranges  0x00000000000002e8       0x18 ./system/src/newlib/assert.o
 .debug_ranges  0x0000000000000300       0x28 ./system/src/diag/Trace.o
 .debug_ranges  0x0000000000000328       0x38 ./system/src/diag/trace_impl.o
 .debug_ranges  0x0000000000000360       0x18 ./system/src/cortexm/_initialize_hardware.o
 .debug_ranges  0x0000000000000378       0x98 ./system/src/cortexm/exception_handlers.o
 .debug_ranges  0x0000000000000410       0x28 ./system/src/cmsis/system_stm32f10x.o
 .debug_ranges  0x0000000000000438       0x10 ./system/src/cmsis/vectors_stm32f10x.o
 .debug_ranges  0x0000000000000448       0x10 ./src/_write.o
 .debug_ranges  0x0000000000000458       0x20 ./src/main.o
 .debug_ranges  0x0000000000000478       0x10 ./src/stm32f10x_it.o
 .debug_ranges  0x0000000000000488      0x2e0 ./src/stm32f10x_tim.o

.debug_macro    0x0000000000000000    0x10e0b
 .debug_macro   0x0000000000000000      0x1b0 ./system/src/stm32f1-stdperiph/misc.o
 .debug_macro   0x00000000000001b0      0xaae ./system/src/stm32f1-stdperiph/misc.o
 .debug_macro   0x0000000000000c5e       0x50 ./system/src/stm32f1-stdperiph/misc.o
 .debug_macro   0x0000000000000cae       0x22 ./system/src/stm32f1-stdperiph/misc.o
 .debug_macro   0x0000000000000cd0       0x8e ./system/src/stm32f1-stdperiph/misc.o
 .debug_macro   0x0000000000000d5e       0x51 ./system/src/stm32f1-stdperiph/misc.o
 .debug_macro   0x0000000000000daf       0xef ./system/src/stm32f1-stdperiph/misc.o
 .debug_macro   0x0000000000000e9e       0x6a ./system/src/stm32f1-stdperiph/misc.o
 .debug_macro   0x0000000000000f08      0x1df ./system/src/stm32f1-stdperiph/misc.o
 .debug_macro   0x00000000000010e7       0x35 ./system/src/stm32f1-stdperiph/misc.o
 .debug_macro   0x000000000000111c       0x34 ./system/src/stm32f1-stdperiph/misc.o
 .debug_macro   0x0000000000001150      0xb8e ./system/src/stm32f1-stdperiph/misc.o
 .debug_macro   0x0000000000001cde     0x7dbe ./system/src/stm32f1-stdperiph/misc.o
 .debug_macro   0x0000000000009a9c      0x2e4 ./system/src/stm32f1-stdperiph/misc.o
 .debug_macro   0x0000000000009d80      0x144 ./system/src/stm32f1-stdperiph/misc.o
 .debug_macro   0x0000000000009ec4      0x3cf ./system/src/stm32f1-stdperiph/misc.o
 .debug_macro   0x000000000000a293       0xc8 ./system/src/stm32f1-stdperiph/misc.o
 .debug_macro   0x000000000000a35b      0x17a ./system/src/stm32f1-stdperiph/misc.o
 .debug_macro   0x000000000000a4d5       0xac ./system/src/stm32f1-stdperiph/misc.o
 .debug_macro   0x000000000000a581      0x3ad ./system/src/stm32f1-stdperiph/misc.o
 .debug_macro   0x000000000000a92e       0x9d ./system/src/stm32f1-stdperiph/misc.o
 .debug_macro   0x000000000000a9cb      0x2cf ./system/src/stm32f1-stdperiph/misc.o
 .debug_macro   0x000000000000ac9a      0x279 ./system/src/stm32f1-stdperiph/misc.o
 .debug_macro   0x000000000000af13      0x2ac ./system/src/stm32f1-stdperiph/misc.o
 .debug_macro   0x000000000000b1bf      0x2b4 ./system/src/stm32f1-stdperiph/misc.o
 .debug_macro   0x000000000000b473       0x64 ./system/src/stm32f1-stdperiph/misc.o
 .debug_macro   0x000000000000b4d7       0x82 ./system/src/stm32f1-stdperiph/misc.o
 .debug_macro   0x000000000000b559      0x3e2 ./system/src/stm32f1-stdperiph/misc.o
 .debug_macro   0x000000000000b93b       0x58 ./system/src/stm32f1-stdperiph/misc.o
 .debug_macro   0x000000000000b993      0x344 ./system/src/stm32f1-stdperiph/misc.o
 .debug_macro   0x000000000000bcd7      0x2c4 ./system/src/stm32f1-stdperiph/misc.o
 .debug_macro   0x000000000000bf9b      0x711 ./system/src/stm32f1-stdperiph/misc.o
 .debug_macro   0x000000000000c6ac      0x222 ./system/src/stm32f1-stdperiph/misc.o
 .debug_macro   0x000000000000c8ce       0x34 ./system/src/stm32f1-stdperiph/misc.o
 .debug_macro   0x000000000000c902       0x35 ./system/src/stm32f1-stdperiph/misc.o
 .debug_macro   0x000000000000c937       0x85 ./system/src/stm32f1-stdperiph/misc.o
 .debug_macro   0x000000000000c9bc      0x1f8 ./system/src/stm32f1-stdperiph/stm32f10x_gpio.o
 .debug_macro   0x000000000000cbb4       0x8b ./system/src/stm32f1-stdperiph/stm32f10x_gpio.o
 .debug_macro   0x000000000000cc3f      0x2a6 ./system/src/stm32f1-stdperiph/stm32f10x_gpio.o
 .debug_macro   0x000000000000cee5      0x2c6 ./system/src/stm32f1-stdperiph/stm32f10x_rcc.o
 .debug_macro   0x000000000000d1ab      0x3dc ./system/src/stm32f1-stdperiph/stm32f10x_rcc.o
 .debug_macro   0x000000000000d587      0x1b4 ./system/src/newlib/_exit.o
 .debug_macro   0x000000000000d73b       0x34 ./system/src/newlib/_exit.o
 .debug_macro   0x000000000000d76f      0x10e ./system/src/newlib/_exit.o
 .debug_macro   0x000000000000d87d       0x8d ./system/src/newlib/_exit.o
 .debug_macro   0x000000000000d90a       0x43 ./system/src/newlib/_exit.o
 .debug_macro   0x000000000000d94d      0x339 ./system/src/newlib/_exit.o
 .debug_macro   0x000000000000dc86       0x35 ./system/src/newlib/_exit.o
 .debug_macro   0x000000000000dcbb      0x169 ./system/src/newlib/_sbrk.o
 .debug_macro   0x000000000000de24      0x174 ./system/src/newlib/_sbrk.o
 .debug_macro   0x000000000000df98       0x10 ./system/src/newlib/_sbrk.o
 .debug_macro   0x000000000000dfa8      0x23b ./system/src/newlib/_sbrk.o
 .debug_macro   0x000000000000e1e3      0x188 ./system/src/newlib/_startup.o
 .debug_macro   0x000000000000e36b       0x64 ./system/src/newlib/_startup.o
 .debug_macro   0x000000000000e3cf      0x226 ./system/src/newlib/_syscalls.o
 .debug_macro   0x000000000000e5f5       0x1c ./system/src/newlib/_syscalls.o
 .debug_macro   0x000000000000e611       0x10 ./system/src/newlib/_syscalls.o
 .debug_macro   0x000000000000e621       0x10 ./system/src/newlib/_syscalls.o
 .debug_macro   0x000000000000e631       0x10 ./system/src/newlib/_syscalls.o
 .debug_macro   0x000000000000e641       0x35 ./system/src/newlib/_syscalls.o
 .debug_macro   0x000000000000e676      0x122 ./system/src/newlib/_syscalls.o
 .debug_macro   0x000000000000e798       0x88 ./system/src/newlib/_syscalls.o
 .debug_macro   0x000000000000e820       0x7c ./system/src/newlib/_syscalls.o
 .debug_macro   0x000000000000e89c       0x17 ./system/src/newlib/_syscalls.o
 .debug_macro   0x000000000000e8b3      0x118 ./system/src/newlib/_syscalls.o
 .debug_macro   0x000000000000e9cb      0x189 ./system/src/newlib/_syscalls.o
 .debug_macro   0x000000000000eb54       0x16 ./system/src/newlib/_syscalls.o
 .debug_macro   0x000000000000eb6a      0x1df ./system/src/newlib/assert.o
 .debug_macro   0x000000000000ed49       0x1c ./system/src/newlib/assert.o
 .debug_macro   0x000000000000ed65      0x1fb ./system/src/diag/Trace.o
 .debug_macro   0x000000000000ef60       0x16 ./system/src/diag/Trace.o
 .debug_macro   0x000000000000ef76       0x97 ./system/src/diag/Trace.o
 .debug_macro   0x000000000000f00d       0xfd ./system/src/diag/Trace.o
 .debug_macro   0x000000000000f10a       0x10 ./system/src/diag/Trace.o
 .debug_macro   0x000000000000f11a       0x16 ./system/src/diag/Trace.o
 .debug_macro   0x000000000000f130      0x16f ./system/src/diag/Trace.o
 .debug_macro   0x000000000000f29f       0x4c ./system/src/diag/Trace.o
 .debug_macro   0x000000000000f2eb       0x16 ./system/src/diag/Trace.o
 .debug_macro   0x000000000000f301      0x2ef ./system/src/diag/trace_impl.o
 .debug_macro   0x000000000000f5f0       0x10 ./system/src/diag/trace_impl.o
 .debug_macro   0x000000000000f600       0xcf ./system/src/diag/trace_impl.o
 .debug_macro   0x000000000000f6cf       0xbe ./system/src/diag/trace_impl.o
 .debug_macro   0x000000000000f78d       0x22 ./system/src/diag/trace_impl.o
 .debug_macro   0x000000000000f7af      0x1aa ./system/src/cortexm/_initialize_hardware.o
 .debug_macro   0x000000000000f959      0x339 ./system/src/cortexm/exception_handlers.o
 .debug_macro   0x000000000000fc92       0x3b ./system/src/cortexm/exception_handlers.o
 .debug_macro   0x000000000000fccd       0x10 ./system/src/cortexm/exception_handlers.o
 .debug_macro   0x000000000000fcdd      0x1ad ./system/src/cmsis/system_stm32f10x.o
 .debug_macro   0x000000000000fe8a       0x73 ./system/src/cmsis/vectors_stm32f10x.o
 .debug_macro   0x000000000000fefd      0x194 ./src/_write.o
 .debug_macro   0x0000000000010091      0x303 ./src/main.o
 .debug_macro   0x0000000000010394      0x1aa ./src/stm32f10x_it.o
 .debug_macro   0x000000000001053e      0x1c2 ./src/stm32f10x_tim.o
 .debug_macro   0x0000000000010700      0x70b ./src/stm32f10x_tim.o
