Archive member included to satisfy reference by file (symbol)

/home/leo/eclipse/xPacks/xpack-arm-none-eabi-gcc-9.2.1-1.1/bin/../lib/gcc/arm-none-eabi/9.2.1/../../../../arm-none-eabi/lib/thumb/v7-m/nofp/libg_nano.a(lib_a-errno.o)
                              ./system/src/newlib/_sbrk.o (__errno)
/home/leo/eclipse/xPacks/xpack-arm-none-eabi-gcc-9.2.1-1.1/bin/../lib/gcc/arm-none-eabi/9.2.1/../../../../arm-none-eabi/lib/thumb/v7-m/nofp/libg_nano.a(lib_a-impure.o)
                              /home/leo/eclipse/xPacks/xpack-arm-none-eabi-gcc-9.2.1-1.1/bin/../lib/gcc/arm-none-eabi/9.2.1/../../../../arm-none-eabi/lib/thumb/v7-m/nofp/libg_nano.a(lib_a-errno.o) (_impure_ptr)
/home/leo/eclipse/xPacks/xpack-arm-none-eabi-gcc-9.2.1-1.1/bin/../lib/gcc/arm-none-eabi/9.2.1/../../../../arm-none-eabi/lib/thumb/v7-m/nofp/libg_nano.a(lib_a-strlen.o)
                              ./system/src/diag/Trace.o (strlen)
/home/leo/eclipse/xPacks/xpack-arm-none-eabi-gcc-9.2.1-1.1/bin/../lib/gcc/arm-none-eabi/9.2.1/../../../../arm-none-eabi/lib/thumb/v7-m/nofp/libg_nano.a(lib_a-vsnprintf.o)
                              ./system/src/diag/Trace.o (vsnprintf)
/home/leo/eclipse/xPacks/xpack-arm-none-eabi-gcc-9.2.1-1.1/bin/../lib/gcc/arm-none-eabi/9.2.1/../../../../arm-none-eabi/lib/thumb/v7-m/nofp/libg_nano.a(lib_a-nano-svfprintf.o)
                              /home/leo/eclipse/xPacks/xpack-arm-none-eabi-gcc-9.2.1-1.1/bin/../lib/gcc/arm-none-eabi/9.2.1/../../../../arm-none-eabi/lib/thumb/v7-m/nofp/libg_nano.a(lib_a-vsnprintf.o) (_svfprintf_r)
/home/leo/eclipse/xPacks/xpack-arm-none-eabi-gcc-9.2.1-1.1/bin/../lib/gcc/arm-none-eabi/9.2.1/../../../../arm-none-eabi/lib/thumb/v7-m/nofp/libg_nano.a(lib_a-nano-vfprintf_i.o)
                              /home/leo/eclipse/xPacks/xpack-arm-none-eabi-gcc-9.2.1-1.1/bin/../lib/gcc/arm-none-eabi/9.2.1/../../../../arm-none-eabi/lib/thumb/v7-m/nofp/libg_nano.a(lib_a-nano-svfprintf.o) (_printf_i)
/home/leo/eclipse/xPacks/xpack-arm-none-eabi-gcc-9.2.1-1.1/bin/../lib/gcc/arm-none-eabi/9.2.1/../../../../arm-none-eabi/lib/thumb/v7-m/nofp/libg_nano.a(lib_a-memchr-stub.o)
                              /home/leo/eclipse/xPacks/xpack-arm-none-eabi-gcc-9.2.1-1.1/bin/../lib/gcc/arm-none-eabi/9.2.1/../../../../arm-none-eabi/lib/thumb/v7-m/nofp/libg_nano.a(lib_a-nano-svfprintf.o) (memchr)
/home/leo/eclipse/xPacks/xpack-arm-none-eabi-gcc-9.2.1-1.1/bin/../lib/gcc/arm-none-eabi/9.2.1/../../../../arm-none-eabi/lib/thumb/v7-m/nofp/libg_nano.a(lib_a-memcpy-stub.o)
                              /home/leo/eclipse/xPacks/xpack-arm-none-eabi-gcc-9.2.1-1.1/bin/../lib/gcc/arm-none-eabi/9.2.1/../../../../arm-none-eabi/lib/thumb/v7-m/nofp/libg_nano.a(lib_a-nano-svfprintf.o) (memcpy)
/home/leo/eclipse/xPacks/xpack-arm-none-eabi-gcc-9.2.1-1.1/bin/../lib/gcc/arm-none-eabi/9.2.1/../../../../arm-none-eabi/lib/thumb/v7-m/nofp/libg_nano.a(lib_a-memmove.o)
                              /home/leo/eclipse/xPacks/xpack-arm-none-eabi-gcc-9.2.1-1.1/bin/../lib/gcc/arm-none-eabi/9.2.1/../../../../arm-none-eabi/lib/thumb/v7-m/nofp/libg_nano.a(lib_a-nano-svfprintf.o) (memmove)
/home/leo/eclipse/xPacks/xpack-arm-none-eabi-gcc-9.2.1-1.1/bin/../lib/gcc/arm-none-eabi/9.2.1/../../../../arm-none-eabi/lib/thumb/v7-m/nofp/libg_nano.a(lib_a-nano-freer.o)
                              /home/leo/eclipse/xPacks/xpack-arm-none-eabi-gcc-9.2.1-1.1/bin/../lib/gcc/arm-none-eabi/9.2.1/../../../../arm-none-eabi/lib/thumb/v7-m/nofp/libg_nano.a(lib_a-nano-svfprintf.o) (_free_r)
/home/leo/eclipse/xPacks/xpack-arm-none-eabi-gcc-9.2.1-1.1/bin/../lib/gcc/arm-none-eabi/9.2.1/../../../../arm-none-eabi/lib/thumb/v7-m/nofp/libg_nano.a(lib_a-nano-mallocr.o)
                              /home/leo/eclipse/xPacks/xpack-arm-none-eabi-gcc-9.2.1-1.1/bin/../lib/gcc/arm-none-eabi/9.2.1/../../../../arm-none-eabi/lib/thumb/v7-m/nofp/libg_nano.a(lib_a-nano-svfprintf.o) (_malloc_r)
/home/leo/eclipse/xPacks/xpack-arm-none-eabi-gcc-9.2.1-1.1/bin/../lib/gcc/arm-none-eabi/9.2.1/../../../../arm-none-eabi/lib/thumb/v7-m/nofp/libg_nano.a(lib_a-nano-reallocr.o)
                              /home/leo/eclipse/xPacks/xpack-arm-none-eabi-gcc-9.2.1-1.1/bin/../lib/gcc/arm-none-eabi/9.2.1/../../../../arm-none-eabi/lib/thumb/v7-m/nofp/libg_nano.a(lib_a-nano-svfprintf.o) (_realloc_r)
/home/leo/eclipse/xPacks/xpack-arm-none-eabi-gcc-9.2.1-1.1/bin/../lib/gcc/arm-none-eabi/9.2.1/../../../../arm-none-eabi/lib/thumb/v7-m/nofp/libg_nano.a(lib_a-sbrkr.o)
                              /home/leo/eclipse/xPacks/xpack-arm-none-eabi-gcc-9.2.1-1.1/bin/../lib/gcc/arm-none-eabi/9.2.1/../../../../arm-none-eabi/lib/thumb/v7-m/nofp/libg_nano.a(lib_a-nano-mallocr.o) (_sbrk_r)
/home/leo/eclipse/xPacks/xpack-arm-none-eabi-gcc-9.2.1-1.1/bin/../lib/gcc/arm-none-eabi/9.2.1/../../../../arm-none-eabi/lib/thumb/v7-m/nofp/libg_nano.a(lib_a-mlock.o)
[...]
Memory Configuration

Name             Origin             Length             Attributes
RAM              0x0000000020000000 0x0000000000005000 xrw
CCMRAM           0x0000000000000000 0x0000000000000000 xrw
FLASH            0x0000000008000000 0x0000000000010000 xr
FLASHB1          0x0000000000000000 0x0000000000000000 xr
EXTMEMB0         0x0000000000000000 0x0000000000000000 xr
EXTMEMB1         0x0000000000000000 0x0000000000000000 xr
EXTMEMB2         0x0000000000000000 0x0000000000000000 xr
EXTMEMB3         0x0000000000000000 0x0000000000000000 xr
MEMORY_ARRAY     0x0000000000000000 0x0000000000000000 xrw
*default*        0x0000000000000000 0xffffffffffffffff

Linker script and memory map

LOAD ./system/src/stm32f1-stdperiph/misc.o
LOAD ./system/src/stm32f1-stdperiph/stm32f10x_gpio.o
LOAD ./system/src/stm32f1-stdperiph/stm32f10x_rcc.o
LOAD ./system/src/newlib/_cxx.o
LOAD ./system/src/newlib/_exit.o
LOAD ./system/src/newlib/_sbrk.o
LOAD ./system/src/newlib/_startup.o
LOAD ./system/src/newlib/_syscalls.o
LOAD ./system/src/newlib/assert.o
LOAD ./system/src/diag/Trace.o
LOAD ./system/src/diag/trace_impl.o
LOAD ./system/src/cortexm/_initialize_hardware.o
LOAD ./system/src/cortexm/_reset_hardware.o
LOAD ./system/src/cortexm/exception_handlers.o
LOAD ./system/src/cmsis/system_stm32f10x.o
LOAD ./system/src/cmsis/vectors_stm32f10x.o
LOAD ./src/_write.o
LOAD ./src/main.o
LOAD /home/leo/eclipse/xPacks/xpack-arm-none-eabi-gcc-9.2.1-1.1/bin/../lib/gcc/arm-none-eabi/9.2.1/../../../../arm-none-eabi/lib/thumb/v7-m/nofp/libstdc++_nano.a
LOAD /home/leo/eclipse/xPacks/xpack-arm-none-eabi-gcc-9.2.1-1.1/bin/../lib/gcc/arm-none-eabi/9.2.1/../../../../arm-none-eabi/lib/thumb/v7-m/nofp/libm.a
START GROUP
LOAD /home/leo/eclipse/xPacks/xpack-arm-none-eabi-gcc-9.2.1-1.1/bin/../lib/gcc/arm-none-eabi/9.2.1/thumb/v7-m/nofp/libgcc.a
LOAD /home/leo/eclipse/xPacks/xpack-arm-none-eabi-gcc-9.2.1-1.1/bin/../lib/gcc/arm-none-eabi/9.2.1/../../../../arm-none-eabi/lib/thumb/v7-m/nofp/libg_nano.a
LOAD /home/leo/eclipse/xPacks/xpack-arm-none-eabi-gcc-9.2.1-1.1/bin/../lib/gcc/arm-none-eabi/9.2.1/../../../../arm-none-eabi/lib/thumb/v7-m/nofp/libc_nano.a
END GROUP
START GROUP
LOAD /home/leo/eclipse/xPacks/xpack-arm-none-eabi-gcc-9.2.1-1.1/bin/../lib/gcc/arm-none-eabi/9.2.1/thumb/v7-m/nofp/libgcc.a
LOAD /home/leo/eclipse/xPacks/xpack-arm-none-eabi-gcc-9.2.1-1.1/bin/../lib/gcc/arm-none-eabi/9.2.1/../../../../arm-none-eabi/lib/thumb/v7-m/nofp/libc_nano.a
END GROUP
                0x0000000020005000                __stack = (ORIGIN (RAM) + LENGTH (RAM))
                0x0000000020005000                _estack = __stack
                0x0000000000000400                __Main_Stack_Size = 0x400
                [!provide]                        PROVIDE (_Main_Stack_Size = __Main_Stack_Size)
                0x0000000020004c00                __Main_Stack_Limit = (__stack - __Main_Stack_Size)
                [!provide]                        PROVIDE (_Main_Stack_Limit = __Main_Stack_Limit)
                0x0000000000000100                _Minimum_Stack_Size = 0x100
                0x0000000020000130                PROVIDE (_Heap_Begin = _end_noinit)
                0x0000000020004c00                PROVIDE (_Heap_Limit = (__stack - __Main_Stack_Size))

.isr_vector     0x0000000008000000      0x350
 FILL mask 0xff
                0x0000000008000000                __vectors_start = ABSOLUTE (.)
                0x0000000008000000                __vectors_start__ = ABSOLUTE (.)
 *(.isr_vector)
 .isr_vector    0x0000000008000000      0x10c ./system/src/cmsis/vectors_stm32f10x.o
                0x0000000008000000                __isr_vectors
 *(.cfmconfig)
 *(.after_vectors .after_vectors.*)
 .after_vectors
                0x000000000800010c      0x114 ./system/src/newlib/_startup.o
                0x000000000800010c                _start
 .after_vectors
                0x0000000008000220      0x12c ./system/src/cortexm/exception_handlers.o
                0x0000000008000220                Reset_Handler
                0x0000000008000226                NMI_Handler
                0x000000000800022a                HardFault_Handler
                0x000000000800023e                HardFault_Handler_C
                0x000000000800029c                MemManage_Handler
                0x00000000080002a0                BusFault_Handler
                0x00000000080002b4                BusFault_Handler_C
                0x00000000080002e8                UsageFault_Handler
                0x00000000080002fc                UsageFault_Handler_C
                0x0000000008000330                SVC_Handler
                0x0000000008000334                DebugMon_Handler
                0x0000000008000338                PendSV_Handler
                0x000000000800033c                SysTick_Handler
 .after_vectors
                0x000000000800034c        0x4 ./system/src/cmsis/vectors_stm32f10x.o
                0x000000000800034c                EXTI2_IRQHandler
                0x000000000800034c                TIM8_TRG_COM_IRQHandler
                0x000000000800034c                TIM8_CC_IRQHandler
                0x000000000800034c                TIM1_CC_IRQHandler
                0x000000000800034c                TIM6_IRQHandler
                0x000000000800034c                PVD_IRQHandler
                0x000000000800034c                SDIO_IRQHandler
                0x000000000800034c                CAN2_RX1_IRQHandler
                0x000000000800034c                EXTI3_IRQHandler
                0x000000000800034c                TIM8_TRG_COM_TIM14_IRQHandler
                0x000000000800034c                TIM1_UP_TIM10_IRQHandler
                0x000000000800034c                TIM8_UP_TIM13_IRQHandler
                0x000000000800034c                EXTI0_IRQHandler
                0x000000000800034c                I2C2_EV_IRQHandler
                0x000000000800034c                CAN1_RX0_IRQHandler
                0x000000000800034c                TIM1_UP_TIM16_IRQHandler
                0x000000000800034c                CAN2_SCE_IRQHandler
                0x000000000800034c                ADC1_2_IRQHandler
                0x000000000800034c                SPI1_IRQHandler
                0x000000000800034c                TAMPER_IRQHandler
                0x000000000800034c                TIM6_DAC_IRQHandler
                0x000000000800034c                TIM1_BRK_TIM9_IRQHandler
                0x000000000800034c                CAN2_RX0_IRQHandler
                0x000000000800034c                TIM8_UP_IRQHandler
                0x000000000800034c                DMA2_Channel2_IRQHandler
                0x000000000800034c                DMA1_Channel4_IRQHandler
                0x000000000800034c                USART3_IRQHandler
                0x000000000800034c                RTC_IRQHandler
                0x000000000800034c                DMA1_Channel7_IRQHandler
                0x000000000800034c                CAN1_RX1_IRQHandler
                0x000000000800034c                UART5_IRQHandler
                0x000000000800034c                ADC3_IRQHandler
                0x000000000800034c                TIM4_IRQHandler
                0x000000000800034c                DMA2_Channel1_IRQHandler
                0x000000000800034c                I2C1_EV_IRQHandler
                0x000000000800034c                DMA1_Channel6_IRQHandler
                0x000000000800034c                UART4_IRQHandler
                0x000000000800034c                DMA2_Channel4_IRQHandler
                0x000000000800034c                TIM3_IRQHandler
                0x000000000800034c                RCC_IRQHandler
                0x000000000800034c                TIM8_BRK_TIM12_IRQHandler
                0x000000000800034c                TIM1_TRG_COM_IRQHandler
                0x000000000800034c                DMA1_Channel1_IRQHandler
                0x000000000800034c                Default_Handler
                0x000000000800034c                CEC_IRQHandler
                0x000000000800034c                EXTI15_10_IRQHandler
                0x000000000800034c                TIM14_IRQHandler
                0x000000000800034c                TIM13_IRQHandler
                0x000000000800034c                TIM12_IRQHandler
                0x000000000800034c                TIM7_IRQHandler
                0x000000000800034c                CAN2_TX_IRQHandler
                0x000000000800034c                TIM5_IRQHandler
                0x000000000800034c                EXTI9_5_IRQHandler
                0x000000000800034c                ETH_WKUP_IRQHandler
                0x000000000800034c                SPI2_IRQHandler
                0x000000000800034c                CAN1_TX_IRQHandler
                0x000000000800034c                DMA2_Channel5_IRQHandler
                0x000000000800034c                DMA1_Channel5_IRQHandler
                0x000000000800034c                EXTI4_IRQHandler
                0x000000000800034c                USB_LP_CAN1_RX0_IRQHandler
                0x000000000800034c                TIM1_TRG_COM_TIM17_IRQHandler
                0x000000000800034c                USB_HP_CAN1_TX_IRQHandler
                0x000000000800034c                DMA1_Channel3_IRQHandler
                0x000000000800034c                FSMC_IRQHandler
                0x000000000800034c                ETH_IRQHandler
                0x000000000800034c                TIM1_UP_IRQHandler
                0x000000000800034c                WWDG_IRQHandler
                0x000000000800034c                TIM2_IRQHandler
                0x000000000800034c                OTG_FS_WKUP_IRQHandler
                0x000000000800034c                TIM1_TRG_COM_TIM11_IRQHandler
                0x000000000800034c                TIM1_BRK_IRQHandler
                0x000000000800034c                EXTI1_IRQHandler
                0x000000000800034c                RTCAlarm_IRQHandler
                0x000000000800034c                DMA2_Channel4_5_IRQHandler
                0x000000000800034c                USART2_IRQHandler
                0x000000000800034c                I2C2_ER_IRQHandler
                0x000000000800034c                DMA1_Channel2_IRQHandler
                0x000000000800034c                TIM8_BRK_IRQHandler
                0x000000000800034c                CAN1_SCE_IRQHandler
                0x000000000800034c                FLASH_IRQHandler
                0x000000000800034c                USART1_IRQHandler
                0x000000000800034c                OTG_FS_IRQHandler
                0x000000000800034c                SPI3_IRQHandler
                0x000000000800034c                I2C1_ER_IRQHandler
                0x000000000800034c                USBWakeUp_IRQHandler
                0x000000000800034c                DMA2_Channel3_IRQHandler
                0x000000000800034c                TIM1_BRK_TIM15_IRQHandler

.inits          0x0000000008000350       0x28
                0x0000000008000350                __data_regions_array_start = .
                0x0000000008000350        0x4 LONG 0x80015fc LOADADDR (.data)
                0x0000000008000354        0x4 LONG 0x20000000 ADDR (.data)
                0x0000000008000358        0x4 LONG 0x20000088 (ADDR (.data) + SIZEOF (.data))
                0x000000000800035c        0x4 LONG 0x80015fc LOADADDR (.data_CCMRAM)
                0x0000000008000360        0x4 LONG 0x0 ADDR (.data_CCMRAM)
                0x0000000008000364        0x4 LONG 0x0 (ADDR (.data_CCMRAM) + SIZEOF (.data_CCMRAM))
                0x0000000008000368                __data_regions_array_end = .
                0x0000000008000368                __bss_regions_array_start = .
                0x0000000008000368        0x4 LONG 0x20000088 ADDR (.bss)
                0x000000000800036c        0x4 LONG 0x20000130 (ADDR (.bss) + SIZEOF (.bss))
                0x0000000008000370        0x4 LONG 0x0 ADDR (.bss_CCMRAM)
                0x0000000008000374        0x4 LONG 0x0 (ADDR (.bss_CCMRAM) + SIZEOF (.bss_CCMRAM))
                0x0000000008000378                __bss_regions_array_end = .
 *(.init)
 *(.fini)
                0x0000000008000378                . = ALIGN (0x4)
                0x0000000008000378                PROVIDE (__preinit_array_start = .)
 *(.preinit_array_sysinit .preinit_array_sysinit.*)
 *(.preinit_array_platform .preinit_array_platform.*)
 *(.preinit_array .preinit_array.*)
                0x0000000008000378                PROVIDE (__preinit_array_end = .)
                0x0000000008000378                . = ALIGN (0x4)
                0x0000000008000378                PROVIDE (__init_array_start = .)
 *(SORT_BY_NAME(.init_array.*))
 *(.init_array)
                0x0000000008000378                PROVIDE (__init_array_end = .)
                0x0000000008000378                . = ALIGN (0x4)
                0x0000000008000378                PROVIDE (__fini_array_start = .)
 *(SORT_BY_NAME(.fini_array.*))
 *(.fini_array)
                0x0000000008000378                PROVIDE (__fini_array_end = .)

.flashtext
 *(.flashtext .flashtext.*)

.text           0x0000000008000378     0x1281
 *(.text .text.*)
 .text.GPIO_Init
                0x0000000008000378      0x134 ./system/src/stm32f1-stdperiph/stm32f10x_gpio.o
                0x0000000008000378                GPIO_Init
 .text.GPIO_ReadOutputDataBit
                0x00000000080004ac       0xb8 ./system/src/stm32f1-stdperiph/stm32f10x_gpio.o
                0x00000000080004ac                GPIO_ReadOutputDataBit
 .text.GPIO_WriteBit
                0x0000000008000564       0xc8 ./system/src/stm32f1-stdperiph/stm32f10x_gpio.o
                0x0000000008000564                GPIO_WriteBit
 .text.RCC_APB2PeriphClockCmd
                0x000000000800062c       0x4c ./system/src/stm32f1-stdperiph/stm32f10x_rcc.o
                0x000000000800062c                RCC_APB2PeriphClockCmd
 .text._exit    0x0000000008000678        0x2 ./system/src/newlib/_exit.o
                0x0000000008000678                _exit
 *fill*         0x000000000800067a        0x2 
 .text.abort    0x000000000800067c       0x14 ./system/src/newlib/_exit.o
                0x000000000800067c                abort
 .text._sbrk    0x0000000008000690       0x44 ./system/src/newlib/_sbrk.o
                0x0000000008000690                _sbrk
 .text.__initialize_args
                0x00000000080006d4       0x10 ./system/src/newlib/_syscalls.o
                0x00000000080006d4                __initialize_args
 .text.assert_failed
                0x00000000080006e4       0x14 ./system/src/newlib/assert.o
                0x00000000080006e4                assert_failed
 .text.trace_printf
                0x00000000080006f8       0x34 ./system/src/diag/Trace.o
                0x00000000080006f8                trace_printf
 .text.trace_puts
                0x000000000800072c       0x20 ./system/src/diag/Trace.o
                0x000000000800072c                trace_puts
 .text._trace_write_semihosting_debug
                0x000000000800074c       0x60 ./system/src/diag/trace_impl.o
 .text.trace_write
                0x00000000080007ac        0x8 ./system/src/diag/trace_impl.o
                0x00000000080007ac                trace_write
 .text.__initialize_hardware_early
                0x00000000080007b4       0x18 ./system/src/cortexm/_initialize_hardware.o
                0x00000000080007b4                __initialize_hardware_early
 .text.__initialize_hardware
                0x00000000080007cc        0x8 ./system/src/cortexm/_initialize_hardware.o
                0x00000000080007cc                __initialize_hardware
 .text.dumpExceptionStack
                0x00000000080007d4       0xf4 ./system/src/cortexm/exception_handlers.o
                0x00000000080007d4                dumpExceptionStack
 .text.isSemihosting
                0x00000000080008c8       0x20 ./system/src/cortexm/exception_handlers.o
                0x00000000080008c8                isSemihosting
 .text.SetSysClockTo72
                0x00000000080008e8       0xc4 ./system/src/cmsis/system_stm32f10x.o
 .text.SetSysClock
                0x00000000080009ac        0x8 ./system/src/cmsis/system_stm32f10x.o
 .text.SystemInit
                0x00000000080009b4       0x50 ./system/src/cmsis/system_stm32f10x.o
                0x00000000080009b4                SystemInit
 .text.SystemCoreClockUpdate
                0x0000000008000a04       0x94 ./system/src/cmsis/system_stm32f10x.o
                0x0000000008000a04                SystemCoreClockUpdate
 .text.Conf_GPIO
                0x0000000008000a98       0x34 ./src/main.o
                0x0000000008000a98                Conf_GPIO
 .text.delay    0x0000000008000acc       0x20 ./src/main.o
                0x0000000008000acc                delay
 .text.main     0x0000000008000aec       0x2c ./src/main.o
                0x0000000008000aec                main
 .text.__errno  0x0000000008000b18        0xc /home/leo/eclipse/xPacks/xpack-arm-none-eabi-gcc-9.2.1-1.1/bin/../lib/gcc/arm-none-eabi/9.2.1/../../../../arm-none-eabi/lib/thumb/v7-m/nofp/libg_nano.a(lib_a-errno.o)
                0x0000000008000b18                __errno
 .text          0x0000000008000b24       0x10 /home/leo/eclipse/xPacks/xpack-arm-none-eabi-gcc-9.2.1-1.1/bin/../lib/gcc/arm-none-eabi/9.2.1/../../../../arm-none-eabi/lib/thumb/v7-m/nofp/libg_nano.a(lib_a-strlen.o)
                0x0000000008000b24                strlen
 .text._vsnprintf_r
                0x0000000008000b34       0x58 /home/leo/eclipse/xPacks/xpack-arm-none-eabi-gcc-9.2.1-1.1/bin/../lib/gcc/arm-none-eabi/9.2.1/../../../../arm-none-eabi/lib/thumb/v7-m/nofp/libg_nano.a(lib_a-vsnprintf.o)
                0x0000000008000b34                _vsnprintf_r
                0x0000000008000b34                _vsniprintf_r
 .text.vsnprintf
                0x0000000008000b8c       0x1c /home/leo/eclipse/xPacks/xpack-arm-none-eabi-gcc-9.2.1-1.1/bin/../lib/gcc/arm-none-eabi/9.2.1/../../../../arm-none-eabi/lib/thumb/v7-m/nofp/libg_nano.a(lib_a-vsnprintf.o)
                0x0000000008000b8c                vsnprintf
                0x0000000008000b8c                vsniprintf
 .text.__ssputs_r
                0x0000000008000ba8       0xb6 /home/leo/eclipse/xPacks/xpack-arm-none-eabi-gcc-9.2.1-1.1/bin/../lib/gcc/arm-none-eabi/9.2.1/../../../../arm-none-eabi/lib/thumb/v7-m/nofp/libg_nano.a(lib_a-nano-svfprintf.o)
                0x0000000008000ba8                __ssputs_r
 *fill*         0x0000000008000c5e        0x2 
 .text._svfprintf_r
                0x0000000008000c60      0x200 /home/leo/eclipse/xPacks/xpack-arm-none-eabi-gcc-9.2.1-1.1/bin/../lib/gcc/arm-none-eabi/9.2.1/../../../../arm-none-eabi/lib/thumb/v7-m/nofp/libg_nano.a(lib_a-nano-svfprintf.o)
                0x0000000008000c60                _svfprintf_r
                0x0000000008000c60                _svfiprintf_r
 .text._printf_common
                0x0000000008000e60       0xde /home/leo/eclipse/xPacks/xpack-arm-none-eabi-gcc-9.2.1-1.1/bin/../lib/gcc/arm-none-eabi/9.2.1/../../../../arm-none-eabi/lib/thumb/v7-m/nofp/libg_nano.a(lib_a-nano-vfprintf_i.o)
                0x0000000008000e60                _printf_common
 *fill*         0x0000000008000f3e        0x2 
 .text._printf_i
                0x0000000008000f40      0x24c /home/leo/eclipse/xPacks/xpack-arm-none-eabi-gcc-9.2.1-1.1/bin/../lib/gcc/arm-none-eabi/9.2.1/../../../../arm-none-eabi/lib/thumb/v7-m/nofp/libg_nano.a(lib_a-nano-vfprintf_i.o)
                0x0000000008000f40                _printf_i
 .text.memchr   0x000000000800118c       0x1c /home/leo/eclipse/xPacks/xpack-arm-none-eabi-gcc-9.2.1-1.1/bin/../lib/gcc/arm-none-eabi/9.2.1/../../../../arm-none-eabi/lib/thumb/v7-m/nofp/libg_nano.a(lib_a-memchr-stub.o)
                0x000000000800118c                memchr
 .text.memcpy   0x00000000080011a8       0x1c /home/leo/eclipse/xPacks/xpack-arm-none-eabi-gcc-9.2.1-1.1/bin/../lib/gcc/arm-none-eabi/9.2.1/../../../../arm-none-eabi/lib/thumb/v7-m/nofp/libg_nano.a(lib_a-memcpy-stub.o)
                0x00000000080011a8                memcpy
 .text.memmove  0x00000000080011c4       0x34 /home/leo/eclipse/xPacks/xpack-arm-none-eabi-gcc-9.2.1-1.1/bin/../lib/gcc/arm-none-eabi/9.2.1/../../../../arm-none-eabi/lib/thumb/v7-m/nofp/libg_nano.a(lib_a-memmove.o)
                0x00000000080011c4                memmove
 .text._free_r  0x00000000080011f8       0x98 /home/leo/eclipse/xPacks/xpack-arm-none-eabi-gcc-9.2.1-1.1/bin/../lib/gcc/arm-none-eabi/9.2.1/../../../../arm-none-eabi/lib/thumb/v7-m/nofp/libg_nano.a(lib_a-nano-freer.o)
                0x00000000080011f8                _free_r
 .text._malloc_r
                0x0000000008001290       0xb4 /home/leo/eclipse/xPacks/xpack-arm-none-eabi-gcc-9.2.1-1.1/bin/../lib/gcc/arm-none-eabi/9.2.1/../../../../arm-none-eabi/lib/thumb/v7-m/nofp/libg_nano.a(lib_a-nano-mallocr.o)
                0x0000000008001290                _malloc_r
 .text._realloc_r
                0x0000000008001344       0x4c /home/leo/eclipse/xPacks/xpack-arm-none-eabi-gcc-9.2.1-1.1/bin/../lib/gcc/arm-none-eabi/9.2.1/../../../../arm-none-eabi/lib/thumb/v7-m/nofp/libg_nano.a(lib_a-nano-reallocr.o)
                0x0000000008001344                _realloc_r
 .text._sbrk_r  0x0000000008001390       0x20 /home/leo/eclipse/xPacks/xpack-arm-none-eabi-gcc-9.2.1-1.1/bin/../lib/gcc/arm-none-eabi/9.2.1/../../../../arm-none-eabi/lib/thumb/v7-m/nofp/libg_nano.a(lib_a-sbrkr.o)
                0x0000000008001390                _sbrk_r
 .text.__malloc_lock
                0x00000000080013b0        0xc /home/leo/eclipse/xPacks/xpack-arm-none-eabi-gcc-9.2.1-1.1/bin/../lib/gcc/arm-none-eabi/9.2.1/../../../../arm-none-eabi/lib/thumb/v7-m/nofp/libg_nano.a(lib_a-mlock.o)
                0x00000000080013b0                __malloc_lock
 .text.__malloc_unlock
                0x00000000080013bc        0xc /home/leo/eclipse/xPacks/xpack-arm-none-eabi-gcc-9.2.1-1.1/bin/../lib/gcc/arm-none-eabi/9.2.1/../../../../arm-none-eabi/lib/thumb/v7-m/nofp/libg_nano.a(lib_a-mlock.o)
                0x00000000080013bc                __malloc_unlock
 .text._malloc_usable_size_r
                0x00000000080013c8       0x10 /home/leo/eclipse/xPacks/xpack-arm-none-eabi-gcc-9.2.1-1.1/bin/../lib/gcc/arm-none-eabi/9.2.1/../../../../arm-none-eabi/lib/thumb/v7-m/nofp/libg_nano.a(lib_a-nano-msizer.o)
                0x00000000080013c8                _malloc_usable_size_r
 .text.__retarget_lock_acquire_recursive
                0x00000000080013d8        0x2 /home/leo/eclipse/xPacks/xpack-arm-none-eabi-gcc-9.2.1-1.1/bin/../lib/gcc/arm-none-eabi/9.2.1/../../../../arm-none-eabi/lib/thumb/v7-m/nofp/libg_nano.a(lib_a-lock.o)
                0x00000000080013d8                __retarget_lock_acquire_recursive
 .text.__retarget_lock_release_recursive
                0x00000000080013da        0x2 /home/leo/eclipse/xPacks/xpack-arm-none-eabi-gcc-9.2.1-1.1/bin/../lib/gcc/arm-none-eabi/9.2.1/../../../../arm-none-eabi/lib/thumb/v7-m/nofp/libg_nano.a(lib_a-lock.o)
                0x00000000080013da                __retarget_lock_release_recursive
 *(.rodata .rodata.* .constdata .constdata.*)
 .rodata.GPIO_DeInit.str1.4
                0x00000000080013dc       0x31 ./system/src/stm32f1-stdperiph/stm32f10x_gpio.o
 *fill*         0x000000000800140d        0x3 
 .rodata.RCC_HSEConfig.str1.4
                0x0000000008001410       0x30 ./system/src/stm32f1-stdperiph/stm32f10x_rcc.o
 .rodata.abort.str1.4
                0x0000000008001440       0x14 ./system/src/newlib/_exit.o
 .rodata.assert_failed.str1.4
                0x0000000008001454       0x2b ./system/src/newlib/assert.o
 .rodata.trace_puts.str1.4
                0x000000000800147f       0x2b ./system/src/diag/Trace.o
                                          0x2 (size before relaxing)
 *fill*         0x000000000800147f        0x1 
 .rodata.dumpExceptionStack.str1.4
                0x0000000008001480      0x11a ./system/src/cortexm/exception_handlers.o
 *fill*         0x000000000800159a        0x2 
 .rodata.str1.4
                0x000000000800159c       0x2a ./system/src/cortexm/exception_handlers.o
 .rodata._svfprintf_r.str1.1
                0x00000000080015c6       0x11 /home/leo/eclipse/xPacks/xpack-arm-none-eabi-gcc-9.2.1-1.1/bin/../lib/gcc/arm-none-eabi/9.2.1/../../../../arm-none-eabi/lib/thumb/v7-m/nofp/libg_nano.a(lib_a-nano-svfprintf.o)
 .rodata._printf_i.str1.1
                0x00000000080015d7       0x22 /home/leo/eclipse/xPacks/xpack-arm-none-eabi-gcc-9.2.1-1.1/bin/../lib/gcc/arm-none-eabi/9.2.1/../../../../arm-none-eabi/lib/thumb/v7-m/nofp/libg_nano.a(lib_a-nano-vfprintf_i.o)
 *(vtable)
 *(.eh_frame*)
 *(.glue_7)
 .glue_7        0x00000000080015f9        0x0 linker stubs
 *(.glue_7t)
 .glue_7t       0x00000000080015f9        0x0 linker stubs

.vfp11_veneer   0x00000000080015fc        0x0
 .vfp11_veneer  0x00000000080015fc        0x0 linker stubs

.v4_bx          0x00000000080015fc        0x0
 .v4_bx         0x00000000080015fc        0x0 linker stubs

.iplt           0x00000000080015fc        0x0
 .iplt          0x00000000080015fc        0x0 ./system/src/stm32f1-stdperiph/stm32f10x_gpio.o

.rel.dyn        0x00000000080015fc        0x0
 .rel.iplt      0x00000000080015fc        0x0 ./system/src/stm32f1-stdperiph/stm32f10x_gpio.o

.ARM.extab
 *(.ARM.extab* .gnu.linkonce.armextab.*)
                0x00000000080015fc                . = ALIGN (0x4)
                0x00000000080015fc                __exidx_start = .

.ARM.exidx
 *(.ARM.exidx* .gnu.linkonce.armexidx.*)
                0x00000000080015fc                __exidx_end = .
                0x00000000080015fc                . = ALIGN (0x4)
                0x00000000080015fc                _etext = .
                0x00000000080015fc                __etext = .

.data_CCMRAM    0x0000000000000000        0x0 load address 0x00000000080015fc
 FILL mask 0xff
 *(.data.CCMRAM .data.CCMRAM.*)
                0x0000000000000000                . = ALIGN (0x4)
                0x00000000080015fc                _sidata = LOADADDR (.data)

.data           0x0000000020000000       0x88 load address 0x00000000080015fc
 FILL mask 0xff
                0x0000000020000000                _sdata = .
                0x0000000020000000                __data_start__ = .
 *(.data_begin .data_begin.*)
 .data_begin    0x0000000020000000        0x4 ./system/src/newlib/_startup.o
 *(.data .data.*)
 .data.argv.4854
                0x0000000020000004        0x8 ./system/src/newlib/_syscalls.o
 .data.AHBPrescTable
                0x000000002000000c       0x10 ./system/src/cmsis/system_stm32f10x.o
                0x000000002000000c                AHBPrescTable
 .data.SystemCoreClock
                0x000000002000001c        0x4 ./system/src/cmsis/system_stm32f10x.o
                0x000000002000001c                SystemCoreClock
 .data._impure_ptr
                0x0000000020000020        0x4 /home/leo/eclipse/xPacks/xpack-arm-none-eabi-gcc-9.2.1-1.1/bin/../lib/gcc/arm-none-eabi/9.2.1/../../../../arm-none-eabi/lib/thumb/v7-m/nofp/libg_nano.a(lib_a-impure.o)
                0x0000000020000020                _impure_ptr
 .data.impure_data
                0x0000000020000024       0x60 /home/leo/eclipse/xPacks/xpack-arm-none-eabi-gcc-9.2.1-1.1/bin/../lib/gcc/arm-none-eabi/9.2.1/../../../../arm-none-eabi/lib/thumb/v7-m/nofp/libg_nano.a(lib_a-impure.o)
 *(.data_end .data_end.*)
 .data_end      0x0000000020000084        0x4 ./system/src/newlib/_startup.o
                0x0000000020000088                . = ALIGN (0x4)
                0x0000000020000088                _edata = .
                0x0000000020000088                __data_end__ = .

.igot.plt       0x0000000020000088        0x0 load address 0x0000000008001684
 .igot.plt      0x0000000020000088        0x0 ./system/src/stm32f1-stdperiph/stm32f10x_gpio.o

.bss_CCMRAM     0x0000000000000000        0x0
 *(.bss.CCMRAM .bss.CCMRAM.*)

.bss            0x0000000020000088       0xa8
                0x0000000020000088                __bss_start__ = .
                0x0000000020000088                _sbss = .
 *(.bss_begin .bss_begin.*)
 .bss_begin     0x0000000020000088        0x4 ./system/src/newlib/_startup.o
 *(.bss .bss.*)
 .bss.current_heap_end.4484
                0x000000002000008c        0x4 ./system/src/newlib/_sbrk.o
 .bss.name.4853
                0x0000000020000090        0x1 ./system/src/newlib/_syscalls.o
 *fill*         0x0000000020000091        0x3 
 .bss.buf.5728  0x0000000020000094       0x80 ./system/src/diag/Trace.o
 .bss.__malloc_free_list
                0x0000000020000114        0x4 /home/leo/eclipse/xPacks/xpack-arm-none-eabi-gcc-9.2.1-1.1/bin/../lib/gcc/arm-none-eabi/9.2.1/../../../../arm-none-eabi/lib/thumb/v7-m/nofp/libg_nano.a(lib_a-nano-mallocr.o)
                0x0000000020000114                __malloc_free_list
 .bss.__malloc_sbrk_start
                0x0000000020000118        0x4 /home/leo/eclipse/xPacks/xpack-arm-none-eabi-gcc-9.2.1-1.1/bin/../lib/gcc/arm-none-eabi/9.2.1/../../../../arm-none-eabi/lib/thumb/v7-m/nofp/libg_nano.a(lib_a-nano-mallocr.o)
                0x0000000020000118                __malloc_sbrk_start
 *(COMMON)
 COMMON         0x000000002000011c        0x4 ./system/src/newlib/_syscalls.o
                0x000000002000011c                errno
 COMMON         0x0000000020000120        0x9 /home/leo/eclipse/xPacks/xpack-arm-none-eabi-gcc-9.2.1-1.1/bin/../lib/gcc/arm-none-eabi/9.2.1/../../../../arm-none-eabi/lib/thumb/v7-m/nofp/libg_nano.a(lib_a-lock.o)
                0x0000000020000120                __lock___atexit_recursive_mutex
                0x0000000020000121                __lock___arc4random_mutex
                0x0000000020000122                __lock___env_recursive_mutex
                0x0000000020000123                __lock___sinit_recursive_mutex
                0x0000000020000124                __lock___malloc_recursive_mutex
                0x0000000020000125                __lock___at_quick_exit_mutex
                0x0000000020000126                __lock___dd_hash_mutex
                0x0000000020000127                __lock___tz_mutex
                0x0000000020000128                __lock___sfp_recursive_mutex
 *(.bss_end .bss_end.*)
 *fill*         0x0000000020000129        0x3 
 .bss_end       0x000000002000012c        0x4 ./system/src/newlib/_startup.o
                0x0000000020000130                . = ALIGN (0x4)
                0x0000000020000130                __bss_end__ = .
                0x0000000020000130                _ebss = .

.noinit_CCMRAM
 *(.noinit.CCMRAM .noinit.CCMRAM.*)

.noinit         0x0000000020000130        0x0
                0x0000000020000130                _noinit = .
 *(.noinit .noinit.*)
                0x0000000020000130                . = ALIGN (0x4)
                0x0000000020000130                _end_noinit = .
                [!provide]                        PROVIDE (end = _end_noinit)
                [!provide]                        PROVIDE (_end = _end_noinit)
                [!provide]                        PROVIDE (__end = _end_noinit)
                [!provide]                        PROVIDE (__end__ = _end_noinit)

._check_stack   0x0000000020000130      0x100
                0x0000000020000230                . = (. + _Minimum_Stack_Size)
 *fill*         0x0000000020000130      0x100 

.b1text
 *(.b1text)
 *(.b1rodata)
 *(.b1rodata.*)

.eb0text
 *(.eb0text)
 *(.eb0rodata)
 *(.eb0rodata.*)

.eb1text
 *(.eb1text)
 *(.eb1rodata)
 *(.eb1rodata.*)

.eb2text
 *(.eb2text)
 *(.eb2rodata)
 *(.eb2rodata.*)

.eb3text
 *(.eb3text)
 *(.eb3rodata)
 *(.eb3rodata.*)

.stab
 *(.stab)

.stabstr
 *(.stabstr)

.stab.excl
 *(.stab.excl)

.stab.exclstr
 *(.stab.exclstr)

.stab.index
 *(.stab.index)

.stab.indexstr
 *(.stab.indexstr)

.comment        0x0000000000000000       0x66
 *(.comment)
 .comment       0x0000000000000000       0x66 ./system/src/stm32f1-stdperiph/stm32f10x_gpio.o
                                         0x67 (size before relaxing)
 .comment       0x0000000000000066       0x67 ./system/src/stm32f1-stdperiph/stm32f10x_rcc.o
 .comment       0x0000000000000066       0x67 ./system/src/newlib/_exit.o
 .comment       0x0000000000000066       0x67 ./system/src/newlib/_sbrk.o
 .comment       0x0000000000000066       0x67 ./system/src/newlib/_startup.o
 .comment       0x0000000000000066       0x67 ./system/src/newlib/_syscalls.o
 .comment       0x0000000000000066       0x67 ./system/src/newlib/assert.o
 .comment       0x0000000000000066       0x67 ./system/src/diag/Trace.o
 .comment       0x0000000000000066       0x67 ./system/src/diag/trace_impl.o
 .comment       0x0000000000000066       0x67 ./system/src/cortexm/_initialize_hardware.o
 .comment       0x0000000000000066       0x67 ./system/src/cortexm/exception_handlers.o
 .comment       0x0000000000000066       0x67 ./system/src/cmsis/system_stm32f10x.o
 .comment       0x0000000000000066       0x67 ./system/src/cmsis/vectors_stm32f10x.o
 .comment       0x0000000000000066       0x67 ./src/main.o

.ARM.attributes
                0x0000000000000000       0x2b
 .ARM.attributes
                0x0000000000000000       0x2d ./system/src/stm32f1-stdperiph/stm32f10x_gpio.o
 .ARM.attributes
                0x000000000000002d       0x2d ./system/src/stm32f1-stdperiph/stm32f10x_rcc.o
 .ARM.attributes
                0x000000000000005a       0x2d ./system/src/newlib/_exit.o
 .ARM.attributes
                0x0000000000000087       0x2d ./system/src/newlib/_sbrk.o
 .ARM.attributes
                0x00000000000000b4       0x2d ./system/src/newlib/_startup.o
 .ARM.attributes
                0x00000000000000e1       0x2d ./system/src/newlib/_syscalls.o
 .ARM.attributes
                0x000000000000010e       0x2d ./system/src/newlib/assert.o
 .ARM.attributes
                0x000000000000013b       0x2d ./system/src/diag/Trace.o
 .ARM.attributes
                0x0000000000000168       0x2d ./system/src/diag/trace_impl.o
 .ARM.attributes
                0x0000000000000195       0x2d ./system/src/cortexm/_initialize_hardware.o
 .ARM.attributes
                0x00000000000001c2       0x2d ./system/src/cortexm/exception_handlers.o
 .ARM.attributes
                0x00000000000001ef       0x2d ./system/src/cmsis/system_stm32f10x.o
 .ARM.attributes
                0x000000000000021c       0x2d ./system/src/cmsis/vectors_stm32f10x.o
 .ARM.attributes
                0x0000000000000249       0x2d ./src/main.o
 .ARM.attributes
                0x0000000000000276       0x2d /home/leo/eclipse/xPacks/xpack-arm-none-eabi-gcc-9.2.1-1.1/bin/../lib/gcc/arm-none-eabi/9.2.1/../../../../arm-none-eabi/lib/thumb/v7-m/nofp/libg_nano.a(lib_a-errno.o)
 .ARM.attributes
                0x00000000000002a3       0x2d /home/leo/eclipse/xPacks/xpack-arm-none-eabi-gcc-9.2.1-1.1/bin/../lib/gcc/arm-none-eabi/9.2.1/../../../../arm-none-eabi/lib/thumb/v7-m/nofp/libg_nano.a(lib_a-impure.o)
 .ARM.attributes
                0x00000000000002d0       0x17 /home/leo/eclipse/xPacks/xpack-arm-none-eabi-gcc-9.2.1-1.1/bin/../lib/gcc/arm-none-eabi/9.2.1/../../../../arm-none-eabi/lib/thumb/v7-m/nofp/libg_nano.a(lib_a-strlen.o)
 .ARM.attributes
                0x00000000000002e7       0x2d /home/leo/eclipse/xPacks/xpack-arm-none-eabi-gcc-9.2.1-1.1/bin/../lib/gcc/arm-none-eabi/9.2.1/../../../../arm-none-eabi/lib/thumb/v7-m/nofp/libg_nano.a(lib_a-vsnprintf.o)
 .ARM.attributes
                0x0000000000000314       0x2d /home/leo/eclipse/xPacks/xpack-arm-none-eabi-gcc-9.2.1-1.1/bin/../lib/gcc/arm-none-eabi/9.2.1/../../../../arm-none-eabi/lib/thumb/v7-m/nofp/libg_nano.a(lib_a-nano-svfprintf.o)
 .ARM.attributes
                0x0000000000000341       0x2d /home/leo/eclipse/xPacks/xpack-arm-none-eabi-gcc-9.2.1-1.1/bin/../lib/gcc/arm-none-eabi/9.2.1/../../../../arm-none-eabi/lib/thumb/v7-m/nofp/libg_nano.a(lib_a-nano-vfprintf_i.o)
 .ARM.attributes
                0x000000000000036e       0x2d /home/leo/eclipse/xPacks/xpack-arm-none-eabi-gcc-9.2.1-1.1/bin/../lib/gcc/arm-none-eabi/9.2.1/../../../../arm-none-eabi/lib/thumb/v7-m/nofp/libg_nano.a(lib_a-memchr-stub.o)
 .ARM.attributes
                0x000000000000039b       0x2d /home/leo/eclipse/xPacks/xpack-arm-none-eabi-gcc-9.2.1-1.1/bin/../lib/gcc/arm-none-eabi/9.2.1/../../../../arm-none-eabi/lib/thumb/v7-m/nofp/libg_nano.a(lib_a-memcpy-stub.o)
 .ARM.attributes
                0x00000000000003c8       0x2d /home/leo/eclipse/xPacks/xpack-arm-none-eabi-gcc-9.2.1-1.1/bin/../lib/gcc/arm-none-eabi/9.2.1/../../../../arm-none-eabi/lib/thumb/v7-m/nofp/libg_nano.a(lib_a-memmove.o)
 .ARM.attributes
                0x00000000000003f5       0x2d /home/leo/eclipse/xPacks/xpack-arm-none-eabi-gcc-9.2.1-1.1/bin/../lib/gcc/arm-none-eabi/9.2.1/../../../../arm-none-eabi/lib/thumb/v7-m/nofp/libg_nano.a(lib_a-nano-freer.o)
 .ARM.attributes
                0x0000000000000422       0x2d /home/leo/eclipse/xPacks/xpack-arm-none-eabi-gcc-9.2.1-1.1/bin/../lib/gcc/arm-none-eabi/9.2.1/../../../../arm-none-eabi/lib/thumb/v7-m/nofp/libg_nano.a(lib_a-nano-mallocr.o)
 .ARM.attributes
                0x000000000000044f       0x2d /home/leo/eclipse/xPacks/xpack-arm-none-eabi-gcc-9.2.1-1.1/bin/../lib/gcc/arm-none-eabi/9.2.1/../../../../arm-none-eabi/lib/thumb/v7-m/nofp/libg_nano.a(lib_a-nano-reallocr.o)
 .ARM.attributes
                0x000000000000047c       0x2d /home/leo/eclipse/xPacks/xpack-arm-none-eabi-gcc-9.2.1-1.1/bin/../lib/gcc/arm-none-eabi/9.2.1/../../../../arm-none-eabi/lib/thumb/v7-m/nofp/libg_nano.a(lib_a-sbrkr.o)
 .ARM.attributes
                0x00000000000004a9       0x2d /home/leo/eclipse/xPacks/xpack-arm-none-eabi-gcc-9.2.1-1.1/bin/../lib/gcc/arm-none-eabi/9.2.1/../../../../arm-none-eabi/lib/thumb/v7-m/nofp/libg_nano.a(lib_a-mlock.o)
 .ARM.attributes
                0x00000000000004d6       0x2d /home/leo/eclipse/xPacks/xpack-arm-none-eabi-gcc-9.2.1-1.1/bin/../lib/gcc/arm-none-eabi/9.2.1/../../../../arm-none-eabi/lib/thumb/v7-m/nofp/libg_nano.a(lib_a-nano-msizer.o)
 .ARM.attributes
                0x0000000000000503       0x2d /home/leo/eclipse/xPacks/xpack-arm-none-eabi-gcc-9.2.1-1.1/bin/../lib/gcc/arm-none-eabi/9.2.1/../../../../arm-none-eabi/lib/thumb/v7-m/nofp/libg_nano.a(lib_a-lock.o)

.debug
 *(.debug)

.line
 *(.line)

.debug_srcinfo
 *(.debug_srcinfo)

.debug_sfnames
 *(.debug_sfnames)

.debug_aranges  0x0000000000000000      0x4e8
 *(.debug_aranges)
 .debug_aranges
                0x0000000000000000       0xa8 ./system/src/stm32f1-stdperiph/stm32f10x_gpio.o
 .debug_aranges
                0x00000000000000a8      0x118 ./system/src/stm32f1-stdperiph/stm32f10x_rcc.o
 .debug_aranges
                0x00000000000001c0       0x28 ./system/src/newlib/_exit.o
 .debug_aranges
                0x00000000000001e8       0x20 ./system/src/newlib/_sbrk.o
 .debug_aranges
                0x0000000000000208       0x40 ./system/src/newlib/_startup.o
 .debug_aranges
                0x0000000000000248       0xd0 ./system/src/newlib/_syscalls.o
 .debug_aranges
                0x0000000000000318       0x28 ./system/src/newlib/assert.o
 .debug_aranges
                0x0000000000000340       0x38 ./system/src/diag/Trace.o
 .debug_aranges
                0x0000000000000378       0x30 ./system/src/diag/trace_impl.o
 .debug_aranges
                0x00000000000003a8       0x28 ./system/src/cortexm/_initialize_hardware.o
 .debug_aranges
                0x00000000000003d0       0x90 ./system/src/cortexm/exception_handlers.o
 .debug_aranges
                0x0000000000000460       0x38 ./system/src/cmsis/system_stm32f10x.o
 .debug_aranges
                0x0000000000000498       0x20 ./system/src/cmsis/vectors_stm32f10x.o
 .debug_aranges
                0x00000000000004b8       0x30 ./src/main.o

.debug_pubnames
 *(.debug_pubnames)

.debug_info     0x0000000000000000     0x88ad
 *(.debug_info .gnu.linkonce.wi.*)
 .debug_info    0x0000000000000000      0xd14 ./system/src/stm32f1-stdperiph/stm32f10x_gpio.o
 .debug_info    0x0000000000000d14      0xdeb ./system/src/stm32f1-stdperiph/stm32f10x_rcc.o
 .debug_info    0x0000000000001aff      0x9e7 ./system/src/newlib/_exit.o
 .debug_info    0x00000000000024e6      0x9d4 ./system/src/newlib/_sbrk.o
 .debug_info    0x0000000000002eba      0x4ba ./system/src/newlib/_startup.o
 .debug_info    0x0000000000003374     0x1376 ./system/src/newlib/_syscalls.o
 .debug_info    0x00000000000046ea      0xac2 ./system/src/newlib/assert.o
 .debug_info    0x00000000000051ac      0xbdb ./system/src/diag/Trace.o
 .debug_info    0x0000000000005d87      0x3c2 ./system/src/diag/trace_impl.o
 .debug_info    0x0000000000006149      0x2fa ./system/src/cortexm/_initialize_hardware.o
 .debug_info    0x0000000000006443     0x12ab ./system/src/cortexm/exception_handlers.o
 .debug_info    0x00000000000076ee      0x50b ./system/src/cmsis/system_stm32f10x.o
 .debug_info    0x0000000000007bf9       0xce ./system/src/cmsis/vectors_stm32f10x.o
 .debug_info    0x0000000000007cc7      0xbe6 ./src/main.o

.debug_abbrev   0x0000000000000000     0x1db5
 *(.debug_abbrev)
 .debug_abbrev  0x0000000000000000      0x24b ./system/src/stm32f1-stdperiph/stm32f10x_gpio.o
 .debug_abbrev  0x000000000000024b      0x240 ./system/src/stm32f1-stdperiph/stm32f10x_rcc.o
 .debug_abbrev  0x000000000000048b      0x222 ./system/src/newlib/_exit.o
 .debug_abbrev  0x00000000000006ad      0x232 ./system/src/newlib/_sbrk.o
 .debug_abbrev  0x00000000000008df      0x1b1 ./system/src/newlib/_startup.o
 .debug_abbrev  0x0000000000000a90      0x2d8 ./system/src/newlib/_syscalls.o
 .debug_abbrev  0x0000000000000d68      0x222 ./system/src/newlib/assert.o
 .debug_abbrev  0x0000000000000f8a      0x2c6 ./system/src/diag/Trace.o
 .debug_abbrev  0x0000000000001250      0x218 ./system/src/diag/trace_impl.o
 .debug_abbrev  0x0000000000001468       0xfc ./system/src/cortexm/_initialize_hardware.o
 .debug_abbrev  0x0000000000001564      0x372 ./system/src/cortexm/exception_handlers.o
 .debug_abbrev  0x00000000000018d6      0x19d ./system/src/cmsis/system_stm32f10x.o
 .debug_abbrev  0x0000000000001a73       0xa5 ./system/src/cmsis/vectors_stm32f10x.o
 .debug_abbrev  0x0000000000001b18      0x29d ./src/main.o

.debug_line     0x0000000000000000     0x5e0d
 *(.debug_line)
 .debug_line    0x0000000000000000      0xe5e ./system/src/stm32f1-stdperiph/stm32f10x_gpio.o
 .debug_line    0x0000000000000e5e      0xf20 ./system/src/stm32f1-stdperiph/stm32f10x_rcc.o
 .debug_line    0x0000000000001d7e      0x37d ./system/src/newlib/_exit.o
 .debug_line    0x00000000000020fb      0x367 ./system/src/newlib/_sbrk.o
 .debug_line    0x0000000000002462      0x5f4 ./system/src/newlib/_startup.o
 .debug_line    0x0000000000002a56      0x745 ./system/src/newlib/_syscalls.o
 .debug_line    0x000000000000319b      0x3c2 ./system/src/newlib/assert.o
 .debug_line    0x000000000000355d      0x459 ./system/src/diag/Trace.o
 .debug_line    0x00000000000039b6      0x6d4 ./system/src/diag/trace_impl.o
 .debug_line    0x000000000000408a      0x4d6 ./system/src/cortexm/_initialize_hardware.o
 .debug_line    0x0000000000004560      0x8fe ./system/src/cortexm/exception_handlers.o
 .debug_line    0x0000000000004e5e      0x6f9 ./system/src/cmsis/system_stm32f10x.o
 .debug_line    0x0000000000005557      0x268 ./system/src/cmsis/vectors_stm32f10x.o
 .debug_line    0x00000000000057bf      0x64e ./src/main.o

.debug_frame    0x0000000000000000      0xf6c
 *(.debug_frame)
 .debug_frame   0x0000000000000000      0x1e8 ./system/src/stm32f1-stdperiph/stm32f10x_gpio.o
 .debug_frame   0x00000000000001e8      0x31c ./system/src/stm32f1-stdperiph/stm32f10x_rcc.o
 .debug_frame   0x0000000000000504       0x38 ./system/src/newlib/_exit.o
 .debug_frame   0x000000000000053c       0x28 ./system/src/newlib/_sbrk.o
 .debug_frame   0x0000000000000564       0x7c ./system/src/newlib/_startup.o
 .debug_frame   0x00000000000005e0      0x230 ./system/src/newlib/_syscalls.o
 .debug_frame   0x0000000000000810       0x40 ./system/src/newlib/assert.o
 .debug_frame   0x0000000000000850       0x94 ./system/src/diag/Trace.o
 .debug_frame   0x00000000000008e4       0x64 ./system/src/diag/trace_impl.o
 .debug_frame   0x0000000000000948       0x40 ./system/src/cortexm/_initialize_hardware.o
 .debug_frame   0x0000000000000988      0x158 ./system/src/cortexm/exception_handlers.o
 .debug_frame   0x0000000000000ae0       0x6c ./system/src/cmsis/system_stm32f10x.o
 .debug_frame   0x0000000000000b4c       0x20 ./system/src/cmsis/vectors_stm32f10x.o
 .debug_frame   0x0000000000000b6c       0x5c ./src/main.o
 .debug_frame   0x0000000000000bc8       0x20 /home/leo/eclipse/xPacks/xpack-arm-none-eabi-gcc-9.2.1-1.1/bin/../lib/gcc/arm-none-eabi/9.2.1/../../../../arm-none-eabi/lib/thumb/v7-m/nofp/libg_nano.a(lib_a-errno.o)
 .debug_frame   0x0000000000000be8       0x4c /home/leo/eclipse/xPacks/xpack-arm-none-eabi-gcc-9.2.1-1.1/bin/../lib/gcc/arm-none-eabi/9.2.1/../../../../arm-none-eabi/lib/thumb/v7-m/nofp/libg_nano.a(lib_a-vsnprintf.o)
 .debug_frame   0x0000000000000c34       0x90 /home/leo/eclipse/xPacks/xpack-arm-none-eabi-gcc-9.2.1-1.1/bin/../lib/gcc/arm-none-eabi/9.2.1/../../../../arm-none-eabi/lib/thumb/v7-m/nofp/libg_nano.a(lib_a-nano-svfprintf.o)
 .debug_frame   0x0000000000000cc4       0x60 /home/leo/eclipse/xPacks/xpack-arm-none-eabi-gcc-9.2.1-1.1/bin/../lib/gcc/arm-none-eabi/9.2.1/../../../../arm-none-eabi/lib/thumb/v7-m/nofp/libg_nano.a(lib_a-nano-vfprintf_i.o)
 .debug_frame   0x0000000000000d24       0x28 /home/leo/eclipse/xPacks/xpack-arm-none-eabi-gcc-9.2.1-1.1/bin/../lib/gcc/arm-none-eabi/9.2.1/../../../../arm-none-eabi/lib/thumb/v7-m/nofp/libg_nano.a(lib_a-memchr-stub.o)
 .debug_frame   0x0000000000000d4c       0x28 /home/leo/eclipse/xPacks/xpack-arm-none-eabi-gcc-9.2.1-1.1/bin/../lib/gcc/arm-none-eabi/9.2.1/../../../../arm-none-eabi/lib/thumb/v7-m/nofp/libg_nano.a(lib_a-memcpy-stub.o)
 .debug_frame   0x0000000000000d74       0x28 /home/leo/eclipse/xPacks/xpack-arm-none-eabi-gcc-9.2.1-1.1/bin/../lib/gcc/arm-none-eabi/9.2.1/../../../../arm-none-eabi/lib/thumb/v7-m/nofp/libg_nano.a(lib_a-memmove.o)
 .debug_frame   0x0000000000000d9c       0x38 /home/leo/eclipse/xPacks/xpack-arm-none-eabi-gcc-9.2.1-1.1/bin/../lib/gcc/arm-none-eabi/9.2.1/../../../../arm-none-eabi/lib/thumb/v7-m/nofp/libg_nano.a(lib_a-nano-freer.o)
 .debug_frame   0x0000000000000dd4       0x30 /home/leo/eclipse/xPacks/xpack-arm-none-eabi-gcc-9.2.1-1.1/bin/../lib/gcc/arm-none-eabi/9.2.1/../../../../arm-none-eabi/lib/thumb/v7-m/nofp/libg_nano.a(lib_a-nano-mallocr.o)
 .debug_frame   0x0000000000000e04       0x3c /home/leo/eclipse/xPacks/xpack-arm-none-eabi-gcc-9.2.1-1.1/bin/../lib/gcc/arm-none-eabi/9.2.1/../../../../arm-none-eabi/lib/thumb/v7-m/nofp/libg_nano.a(lib_a-nano-reallocr.o)
 .debug_frame   0x0000000000000e40       0x2c /home/leo/eclipse/xPacks/xpack-arm-none-eabi-gcc-9.2.1-1.1/bin/../lib/gcc/arm-none-eabi/9.2.1/../../../../arm-none-eabi/lib/thumb/v7-m/nofp/libg_nano.a(lib_a-sbrkr.o)
 .debug_frame   0x0000000000000e6c       0x30 /home/leo/eclipse/xPacks/xpack-arm-none-eabi-gcc-9.2.1-1.1/bin/../lib/gcc/arm-none-eabi/9.2.1/../../../../arm-none-eabi/lib/thumb/v7-m/nofp/libg_nano.a(lib_a-mlock.o)
 .debug_frame   0x0000000000000e9c       0x20 /home/leo/eclipse/xPacks/xpack-arm-none-eabi-gcc-9.2.1-1.1/bin/../lib/gcc/arm-none-eabi/9.2.1/../../../../arm-none-eabi/lib/thumb/v7-m/nofp/libg_nano.a(lib_a-nano-msizer.o)
 .debug_frame   0x0000000000000ebc       0xb0 /home/leo/eclipse/xPacks/xpack-arm-none-eabi-gcc-9.2.1-1.1/bin/../lib/gcc/arm-none-eabi/9.2.1/../../../../arm-none-eabi/lib/thumb/v7-m/nofp/libg_nano.a(lib_a-lock.o)

.debug_str      0x0000000000000000    0x57006
 *(.debug_str)
 .debug_str     0x0000000000000000    0x4f11e ./system/src/stm32f1-stdperiph/stm32f10x_gpio.o
                                      0x4f2a8 (size before relaxing)
 .debug_str     0x000000000004f11e      0xb4a ./system/src/stm32f1-stdperiph/stm32f10x_rcc.o
                                      0x4f877 (size before relaxing)
 .debug_str     0x000000000004fc68     0x4aa4 ./system/src/newlib/_exit.o
                                       0x7edc (size before relaxing)
 .debug_str     0x000000000005470c      0x4f5 ./system/src/newlib/_sbrk.o
                                       0x728e (size before relaxing)
 .debug_str     0x0000000000054c01      0x260 ./system/src/newlib/_startup.o
                                       0x6970 (size before relaxing)
 .debug_str     0x0000000000054e61     0x119f ./system/src/newlib/_syscalls.o
                                       0x8523 (size before relaxing)
 .debug_str     0x0000000000056000       0xd0 ./system/src/newlib/assert.o
                                       0x8992 (size before relaxing)
 .debug_str     0x00000000000560d0      0x819 ./system/src/diag/Trace.o
                                       0x8654 (size before relaxing)
 .debug_str     0x00000000000568e9      0x37b ./system/src/diag/trace_impl.o
                                      0x529eb (size before relaxing)
 .debug_str     0x0000000000056c64       0xb2 ./system/src/cortexm/_initialize_hardware.o
                                      0x4ed87 (size before relaxing)
 .debug_str     0x0000000000056d16      0x19d ./system/src/cortexm/exception_handlers.o
                                      0x53c25 (size before relaxing)
 .debug_str     0x0000000000056eb3       0x96 ./system/src/cmsis/system_stm32f10x.o
                                      0x4ee2c (size before relaxing)
 .debug_str     0x0000000000056f49       0x57 ./system/src/cmsis/vectors_stm32f10x.o
                                       0x3da7 (size before relaxing)
 .debug_str     0x0000000000056fa0       0x66 ./src/main.o
                                      0x52f69 (size before relaxing)

.debug_loc      0x0000000000000000     0x290e
 *(.debug_loc)
 .debug_loc     0x0000000000000000      0xa10 ./system/src/stm32f1-stdperiph/stm32f10x_gpio.o
 .debug_loc     0x0000000000000a10      0xd20 ./system/src/stm32f1-stdperiph/stm32f10x_rcc.o
 .debug_loc     0x0000000000001730       0x15 ./system/src/newlib/_exit.o
 .debug_loc     0x0000000000001745       0x97 ./system/src/newlib/_sbrk.o
 .debug_loc     0x00000000000017dc      0x2de ./system/src/newlib/_startup.o
 .debug_loc     0x0000000000001aba      0x5ed ./system/src/newlib/_syscalls.o
 .debug_loc     0x00000000000020a7      0x160 ./system/src/newlib/assert.o
 .debug_loc     0x0000000000002207      0x118 ./system/src/diag/Trace.o
 .debug_loc     0x000000000000231f      0x194 ./system/src/diag/trace_impl.o
 .debug_loc     0x00000000000024b3      0x35c ./system/src/cortexm/exception_handlers.o
 .debug_loc     0x000000000000280f       0xff ./system/src/cmsis/system_stm32f10x.o

.debug_macinfo
 *(.debug_macinfo)

.debug_weaknames
 *(.debug_weaknames)

.debug_funcnames
 *(.debug_funcnames)

.debug_typenames
 *(.debug_typenames)

.debug_varnames
 *(.debug_varnames)
OUTPUT(led-blink.elf elf32-littlearm)

.debug_ranges   0x0000000000000000      0x438
 .debug_ranges  0x0000000000000000       0x98 ./system/src/stm32f1-stdperiph/stm32f10x_gpio.o
 .debug_ranges  0x0000000000000098      0x108 ./system/src/stm32f1-stdperiph/stm32f10x_rcc.o
 .debug_ranges  0x00000000000001a0       0x18 ./system/src/newlib/_exit.o
 .debug_ranges  0x00000000000001b8       0x10 ./system/src/newlib/_sbrk.o
 .debug_ranges  0x00000000000001c8       0x30 ./system/src/newlib/_startup.o
 .debug_ranges  0x00000000000001f8       0xc0 ./system/src/newlib/_syscalls.o
 .debug_ranges  0x00000000000002b8       0x18 ./system/src/newlib/assert.o
 .debug_ranges  0x00000000000002d0       0x28 ./system/src/diag/Trace.o
 .debug_ranges  0x00000000000002f8       0x38 ./system/src/diag/trace_impl.o
 .debug_ranges  0x0000000000000330       0x18 ./system/src/cortexm/_initialize_hardware.o
 .debug_ranges  0x0000000000000348       0x98 ./system/src/cortexm/exception_handlers.o
 .debug_ranges  0x00000000000003e0       0x28 ./system/src/cmsis/system_stm32f10x.o
 .debug_ranges  0x0000000000000408       0x10 ./system/src/cmsis/vectors_stm32f10x.o
 .debug_ranges  0x0000000000000418       0x20 ./src/main.o

.debug_macro    0x0000000000000000     0x3836
 .debug_macro   0x0000000000000000      0x1f8 ./system/src/stm32f1-stdperiph/stm32f10x_gpio.o
 .debug_macro   0x00000000000001f8       0x8b ./system/src/stm32f1-stdperiph/stm32f10x_gpio.o
 .debug_macro   0x0000000000000283      0x2a6 ./system/src/stm32f1-stdperiph/stm32f10x_gpio.o
 .debug_macro   0x0000000000000529      0x2c6 ./system/src/stm32f1-stdperiph/stm32f10x_rcc.o
 .debug_macro   0x00000000000007ef      0x3dc ./system/src/stm32f1-stdperiph/stm32f10x_rcc.o
 .debug_macro   0x0000000000000bcb      0x1b4 ./system/src/newlib/_exit.o
 .debug_macro   0x0000000000000d7f       0x34 ./system/src/newlib/_exit.o
 .debug_macro   0x0000000000000db3      0x10e ./system/src/newlib/_exit.o
 .debug_macro   0x0000000000000ec1       0x8d ./system/src/newlib/_exit.o
 .debug_macro   0x0000000000000f4e       0x43 ./system/src/newlib/_exit.o
 .debug_macro   0x0000000000000f91      0x339 ./system/src/newlib/_exit.o
 .debug_macro   0x00000000000012ca       0x35 ./system/src/newlib/_exit.o
 .debug_macro   0x00000000000012ff      0x169 ./system/src/newlib/_sbrk.o
 .debug_macro   0x0000000000001468      0x174 ./system/src/newlib/_sbrk.o
 .debug_macro   0x00000000000015dc       0x10 ./system/src/newlib/_sbrk.o
 .debug_macro   0x00000000000015ec      0x23b ./system/src/newlib/_sbrk.o
 .debug_macro   0x0000000000001827      0x188 ./system/src/newlib/_startup.o
 .debug_macro   0x00000000000019af       0x64 ./system/src/newlib/_startup.o
 .debug_macro   0x0000000000001a13      0x226 ./system/src/newlib/_syscalls.o
 .debug_macro   0x0000000000001c39       0x1c ./system/src/newlib/_syscalls.o
 .debug_macro   0x0000000000001c55       0x10 ./system/src/newlib/_syscalls.o
 .debug_macro   0x0000000000001c65       0x10 ./system/src/newlib/_syscalls.o
 .debug_macro   0x0000000000001c75       0x10 ./system/src/newlib/_syscalls.o
 .debug_macro   0x0000000000001c85       0x35 ./system/src/newlib/_syscalls.o
 .debug_macro   0x0000000000001cba      0x122 ./system/src/newlib/_syscalls.o
 .debug_macro   0x0000000000001ddc       0x88 ./system/src/newlib/_syscalls.o
 .debug_macro   0x0000000000001e64       0x7c ./system/src/newlib/_syscalls.o
 .debug_macro   0x0000000000001ee0       0x17 ./system/src/newlib/_syscalls.o
 .debug_macro   0x0000000000001ef7      0x118 ./system/src/newlib/_syscalls.o
 .debug_macro   0x000000000000200f      0x189 ./system/src/newlib/_syscalls.o
 .debug_macro   0x0000000000002198       0x16 ./system/src/newlib/_syscalls.o
 .debug_macro   0x00000000000021ae      0x1df ./system/src/newlib/assert.o
 .debug_macro   0x000000000000238d       0x1c ./system/src/newlib/assert.o
 .debug_macro   0x00000000000023a9      0x1fb ./system/src/diag/Trace.o
 .debug_macro   0x00000000000025a4       0x16 ./system/src/diag/Trace.o
 .debug_macro   0x00000000000025ba       0x97 ./system/src/diag/Trace.o
 .debug_macro   0x0000000000002651       0xfd ./system/src/diag/Trace.o
 .debug_macro   0x000000000000274e       0x10 ./system/src/diag/Trace.o
 .debug_macro   0x000000000000275e       0x16 ./system/src/diag/Trace.o
 .debug_macro   0x0000000000002774      0x16f ./system/src/diag/Trace.o
 .debug_macro   0x00000000000028e3       0x4c ./system/src/diag/Trace.o
 .debug_macro   0x000000000000292f       0x16 ./system/src/diag/Trace.o
 .debug_macro   0x0000000000002945      0x2ef ./system/src/diag/trace_impl.o
 .debug_macro   0x0000000000002c34       0x10 ./system/src/diag/trace_impl.o
 .debug_macro   0x0000000000002c44       0xcf ./system/src/diag/trace_impl.o
 .debug_macro   0x0000000000002d13       0xbe ./system/src/diag/trace_impl.o
 .debug_macro   0x0000000000002dd1       0x22 ./system/src/diag/trace_impl.o
 .debug_macro   0x0000000000002df3      0x1aa ./system/src/cortexm/_initialize_hardware.o
 .debug_macro   0x0000000000002f9d      0x339 ./system/src/cortexm/exception_handlers.o
 .debug_macro   0x00000000000032d6       0x3b ./system/src/cortexm/exception_handlers.o
 .debug_macro   0x0000000000003311       0x10 ./system/src/cortexm/exception_handlers.o
 .debug_macro   0x0000000000003321      0x1ad ./system/src/cmsis/system_stm32f10x.o
 .debug_macro   0x00000000000034ce       0x73 ./system/src/cmsis/vectors_stm32f10x.o
 .debug_macro   0x0000000000003541      0x2f5 ./src/main.o
