Archive member included to satisfy reference by file (symbol)

/home/leo/eclipse/xPacks/xpack-arm-none-eabi-gcc-9.2.1-1.1/bin/../lib/gcc/arm-none-eabi/9.2.1/../../../../arm-none-eabi/lib/thumb/v7-m/nofp/libg_nano.a(lib_a-errno.o)
                              ./system/src/newlib/_sbrk.o (__errno)
/home/leo/eclipse/xPacks/xpack-arm-none-eabi-gcc-9.2.1-1.1/bin/../lib/gcc/arm-none-eabi/9.2.1/../../../../arm-none-eabi/lib/thumb/v7-m/nofp/libg_nano.a(lib_a-impure.o)
                              /home/leo/eclipse/xPacks/xpack-arm-none-eabi-gcc-9.2.1-1.1/bin/../lib/gcc/arm-none-eabi/9.2.1/../../../../arm-none-eabi/lib/thumb/v7-m/nofp/libg_nano.a(lib_a-errno.o) (_impure_ptr)
/home/leo/eclipse/xPacks/xpack-arm-none-eabi-gcc-9.2.1-1.1/bin/../lib/gcc/arm-none-eabi/9.2.1/../../../../arm-none-eabi/lib/thumb/v7-m/nofp/libg_nano.a(lib_a-strlen.o)
                              ./system/src/diag/Trace.o (strlen)
/home/leo/eclipse/xPacks/xpack-arm-none-eabi-gcc-9.2.1-1.1/bin/../lib/gcc/arm-none-eabi/9.2.1/../../../../arm-none-eabi/lib/thumb/v7-m/nofp/libg_nano.a(lib_a-vsnprintf.o)
                              ./system/src/diag/Trace.o (vsnprintf)
/home/leo/eclipse/xPacks/xpack-arm-none-eabi-gcc-9.2.1-1.1/bin/../lib/gcc/arm-none-eabi/9.2.1/../../../../arm-none-eabi/lib/thumb/v7-m/nofp/libg_nano.a(lib_a-nano-svfprintf.o)
                              /home/leo/eclipse/xPacks/xpack-arm-none-eabi-gcc-9.2.1-1.1/bin/../lib/gcc/arm-none-eabi/9.2.1/../../../../arm-none-eabi/lib/thumb/v7-m/nofp/libg_nano.a(lib_a-vsnprintf.o) (_svfprintf_r)
/home/leo/eclipse/xPacks/xpack-arm-none-eabi-gcc-9.2.1-1.1/bin/../lib/gcc/arm-none-eabi/9.2.1/../../../../arm-none-eabi/lib/thumb/v7-m/nofp/libg_nano.a(lib_a-nano-vfprintf_i.o)
                              /home/leo/eclipse/xPacks/xpack-arm-none-eabi-gcc-9.2.1-1.1/bin/../lib/gcc/arm-none-eabi/9.2.1/../../../../arm-none-eabi/lib/thumb/v7-m/nofp/libg_nano.a(lib_a-nano-svfprintf.o) (_printf_i)
/home/leo/eclipse/xPacks/xpack-arm-none-eabi-gcc-9.2.1-1.1/bin/../lib/gcc/arm-none-eabi/9.2.1/../../../../arm-none-eabi/lib/thumb/v7-m/nofp/libg_nano.a(lib_a-memchr-stub.o)
                              /home/leo/eclipse/xPacks/xpack-arm-none-eabi-gcc-9.2.1-1.1/bin/../lib/gcc/arm-none-eabi/9.2.1/../../../../arm-none-eabi/lib/thumb/v7-m/nofp/libg_nano.a(lib_a-nano-svfprintf.o) (memchr)
/home/leo/eclipse/xPacks/xpack-arm-none-eabi-gcc-9.2.1-1.1/bin/../lib/gcc/arm-none-eabi/9.2.1/../../../../arm-none-eabi/lib/thumb/v7-m/nofp/libg_nano.a(lib_a-memcpy-stub.o)
                              /home/leo/eclipse/xPacks/xpack-arm-none-eabi-gcc-9.2.1-1.1/bin/../lib/gcc/arm-none-eabi/9.2.1/../../../../arm-none-eabi/lib/thumb/v7-m/nofp/libg_nano.a(lib_a-nano-svfprintf.o) (memcpy)
/home/leo/eclipse/xPacks/xpack-arm-none-eabi-gcc-9.2.1-1.1/bin/../lib/gcc/arm-none-eabi/9.2.1/../../../../arm-none-eabi/lib/thumb/v7-m/nofp/libg_nano.a(lib_a-memmove.o)
                              /home/leo/eclipse/xPacks/xpack-arm-none-eabi-gcc-9.2.1-1.1/bin/../lib/gcc/arm-none-eabi/9.2.1/../../../../arm-none-eabi/lib/thumb/v7-m/nofp/libg_nano.a(lib_a-nano-svfprintf.o) (memmove)
/home/leo/eclipse/xPacks/xpack-arm-none-eabi-gcc-9.2.1-1.1/bin/../lib/gcc/arm-none-eabi/9.2.1/../../../../arm-none-eabi/lib/thumb/v7-m/nofp/libg_nano.a(lib_a-nano-freer.o)
                              /home/leo/eclipse/xPacks/xpack-arm-none-eabi-gcc-9.2.1-1.1/bin/../lib/gcc/arm-none-eabi/9.2.1/../../../../arm-none-eabi/lib/thumb/v7-m/nofp/libg_nano.a(lib_a-nano-svfprintf.o) (_free_r)
/home/leo/eclipse/xPacks/xpack-arm-none-eabi-gcc-9.2.1-1.1/bin/../lib/gcc/arm-none-eabi/9.2.1/../../../../arm-none-eabi/lib/thumb/v7-m/nofp/libg_nano.a(lib_a-nano-mallocr.o)
                              /home/leo/eclipse/xPacks/xpack-arm-none-eabi-gcc-9.2.1-1.1/bin/../lib/gcc/arm-none-eabi/9.2.1/../../../../arm-none-eabi/lib/thumb/v7-m/nofp/libg_nano.a(lib_a-nano-svfprintf.o) (_malloc_r)
/home/leo/eclipse/xPacks/xpack-arm-none-eabi-gcc-9.2.1-1.1/bin/../lib/gcc/arm-none-eabi/9.2.1/../../../../arm-none-eabi/lib/thumb/v7-m/nofp/libg_nano.a(lib_a-nano-reallocr.o)
                              /home/leo/eclipse/xPacks/xpack-arm-none-eabi-gcc-9.2.1-1.1/bin/../lib/gcc/arm-none-eabi/9.2.1/../../../../arm-none-eabi/lib/thumb/v7-m/nofp/libg_nano.a(lib_a-nano-svfprintf.o) (_realloc_r)
/home/leo/eclipse/xPacks/xpack-arm-none-eabi-gcc-9.2.1-1.1/bin/../lib/gcc/arm-none-eabi/9.2.1/../../../../arm-none-eabi/lib/thumb/v7-m/nofp/libg_nano.a(lib_a-sbrkr.o)
                              /home/leo/eclipse/xPacks/xpack-arm-none-eabi-gcc-9.2.1-1.1/bin/../lib/gcc/arm-none-eabi/9.2.1/../../../../arm-none-eabi/lib/thumb/v7-m/nofp/libg_nano.a(lib_a-nano-mallocr.o) (_sbrk_r)
/home/leo/eclipse/xPacks/xpack-arm-none-eabi-gcc-9.2.1-1.1/bin/../lib/gcc/arm-none-eabi/9.2.1/../../../../arm-none-eabi/lib/thumb/v7-m/nofp/libg_nano.a(lib_a-mlock.o)
[...]
Memory Configuration

Name             Origin             Length             Attributes
RAM              0x0000000020000000 0x0000000000005000 xrw
CCMRAM           0x0000000000000000 0x0000000000000000 xrw
FLASH            0x0000000008000000 0x0000000000010000 xr
FLASHB1          0x0000000000000000 0x0000000000000000 xr
EXTMEMB0         0x0000000000000000 0x0000000000000000 xr
EXTMEMB1         0x0000000000000000 0x0000000000000000 xr
EXTMEMB2         0x0000000000000000 0x0000000000000000 xr
EXTMEMB3         0x0000000000000000 0x0000000000000000 xr
MEMORY_ARRAY     0x0000000000000000 0x0000000000000000 xrw
*default*        0x0000000000000000 0xffffffffffffffff

Linker script and memory map

LOAD ./system/src/stm32f1-stdperiph/misc.o
LOAD ./system/src/stm32f1-stdperiph/stm32f10x_gpio.o
LOAD ./system/src/stm32f1-stdperiph/stm32f10x_rcc.o
LOAD ./system/src/newlib/_cxx.o
LOAD ./system/src/newlib/_exit.o
LOAD ./system/src/newlib/_sbrk.o
LOAD ./system/src/newlib/_startup.o
LOAD ./system/src/newlib/_syscalls.o
LOAD ./system/src/newlib/assert.o
LOAD ./system/src/diag/Trace.o
LOAD ./system/src/diag/trace_impl.o
LOAD ./system/src/cortexm/_initialize_hardware.o
LOAD ./system/src/cortexm/_reset_hardware.o
LOAD ./system/src/cortexm/exception_handlers.o
LOAD ./system/src/cmsis/system_stm32f10x.o
LOAD ./system/src/cmsis/vectors_stm32f10x.o
LOAD ./src/_write.o
LOAD ./src/main.o
LOAD /home/leo/eclipse/xPacks/xpack-arm-none-eabi-gcc-9.2.1-1.1/bin/../lib/gcc/arm-none-eabi/9.2.1/../../../../arm-none-eabi/lib/thumb/v7-m/nofp/libstdc++_nano.a
LOAD /home/leo/eclipse/xPacks/xpack-arm-none-eabi-gcc-9.2.1-1.1/bin/../lib/gcc/arm-none-eabi/9.2.1/../../../../arm-none-eabi/lib/thumb/v7-m/nofp/libm.a
START GROUP
LOAD /home/leo/eclipse/xPacks/xpack-arm-none-eabi-gcc-9.2.1-1.1/bin/../lib/gcc/arm-none-eabi/9.2.1/thumb/v7-m/nofp/libgcc.a
LOAD /home/leo/eclipse/xPacks/xpack-arm-none-eabi-gcc-9.2.1-1.1/bin/../lib/gcc/arm-none-eabi/9.2.1/../../../../arm-none-eabi/lib/thumb/v7-m/nofp/libg_nano.a
LOAD /home/leo/eclipse/xPacks/xpack-arm-none-eabi-gcc-9.2.1-1.1/bin/../lib/gcc/arm-none-eabi/9.2.1/../../../../arm-none-eabi/lib/thumb/v7-m/nofp/libc_nano.a
END GROUP
START GROUP
LOAD /home/leo/eclipse/xPacks/xpack-arm-none-eabi-gcc-9.2.1-1.1/bin/../lib/gcc/arm-none-eabi/9.2.1/thumb/v7-m/nofp/libgcc.a
LOAD /home/leo/eclipse/xPacks/xpack-arm-none-eabi-gcc-9.2.1-1.1/bin/../lib/gcc/arm-none-eabi/9.2.1/../../../../arm-none-eabi/lib/thumb/v7-m/nofp/libc_nano.a
END GROUP
                0x0000000020005000                __stack = (ORIGIN (RAM) + LENGTH (RAM))
                0x0000000020005000                _estack = __stack
                0x0000000000000400                __Main_Stack_Size = 0x400
                [!provide]                        PROVIDE (_Main_Stack_Size = __Main_Stack_Size)
                0x0000000020004c00                __Main_Stack_Limit = (__stack - __Main_Stack_Size)
                [!provide]                        PROVIDE (_Main_Stack_Limit = __Main_Stack_Limit)
                0x0000000000000100                _Minimum_Stack_Size = 0x100
                0x0000000020000134                PROVIDE (_Heap_Begin = _end_noinit)
                0x0000000020004c00                PROVIDE (_Heap_Limit = (__stack - __Main_Stack_Size))

.isr_vector     0x0000000008000000      0x350
 FILL mask 0xff
                0x0000000008000000                __vectors_start = ABSOLUTE (.)
                0x0000000008000000                __vectors_start__ = ABSOLUTE (.)
 *(.isr_vector)
 .isr_vector    0x0000000008000000      0x10c ./system/src/cmsis/vectors_stm32f10x.o
                0x0000000008000000                __isr_vectors
 *(.cfmconfig)
 *(.after_vectors .after_vectors.*)
 .after_vectors
                0x000000000800010c      0x114 ./system/src/newlib/_startup.o
                0x000000000800010c                _start
 .after_vectors
                0x0000000008000220      0x12c ./system/src/cortexm/exception_handlers.o
                0x0000000008000220                Reset_Handler
                0x0000000008000226                NMI_Handler
                0x000000000800022a                HardFault_Handler
                0x000000000800023e                HardFault_Handler_C
                0x000000000800029c                MemManage_Handler
                0x00000000080002a0                BusFault_Handler
                0x00000000080002b4                BusFault_Handler_C
                0x00000000080002e8                UsageFault_Handler
                0x00000000080002fc                UsageFault_Handler_C
                0x0000000008000330                SVC_Handler
                0x0000000008000334                DebugMon_Handler
                0x0000000008000338                PendSV_Handler
                0x000000000800033c                SysTick_Handler
 .after_vectors
                0x000000000800034c        0x4 ./system/src/cmsis/vectors_stm32f10x.o
                0x000000000800034c                EXTI2_IRQHandler
                0x000000000800034c                TIM8_TRG_COM_IRQHandler
                0x000000000800034c                TIM8_CC_IRQHandler
                0x000000000800034c                TIM1_CC_IRQHandler
                0x000000000800034c                TIM6_IRQHandler
                0x000000000800034c                PVD_IRQHandler
                0x000000000800034c                SDIO_IRQHandler
                0x000000000800034c                CAN2_RX1_IRQHandler
                0x000000000800034c                EXTI3_IRQHandler
                0x000000000800034c                TIM8_TRG_COM_TIM14_IRQHandler
                0x000000000800034c                TIM1_UP_TIM10_IRQHandler
                0x000000000800034c                TIM8_UP_TIM13_IRQHandler
                0x000000000800034c                EXTI0_IRQHandler
                0x000000000800034c                I2C2_EV_IRQHandler
                0x000000000800034c                CAN1_RX0_IRQHandler
                0x000000000800034c                TIM1_UP_TIM16_IRQHandler
                0x000000000800034c                CAN2_SCE_IRQHandler
                0x000000000800034c                ADC1_2_IRQHandler
                0x000000000800034c                SPI1_IRQHandler
                0x000000000800034c                TAMPER_IRQHandler
                0x000000000800034c                TIM6_DAC_IRQHandler
                0x000000000800034c                TIM1_BRK_TIM9_IRQHandler
                0x000000000800034c                CAN2_RX0_IRQHandler
                0x000000000800034c                TIM8_UP_IRQHandler
                0x000000000800034c                DMA2_Channel2_IRQHandler
                0x000000000800034c                DMA1_Channel4_IRQHandler
                0x000000000800034c                USART3_IRQHandler
                0x000000000800034c                RTC_IRQHandler
                0x000000000800034c                DMA1_Channel7_IRQHandler
                0x000000000800034c                CAN1_RX1_IRQHandler
                0x000000000800034c                UART5_IRQHandler
                0x000000000800034c                ADC3_IRQHandler
                0x000000000800034c                TIM4_IRQHandler
                0x000000000800034c                DMA2_Channel1_IRQHandler
                0x000000000800034c                I2C1_EV_IRQHandler
                0x000000000800034c                DMA1_Channel6_IRQHandler
                0x000000000800034c                UART4_IRQHandler
                0x000000000800034c                DMA2_Channel4_IRQHandler
                0x000000000800034c                TIM3_IRQHandler
                0x000000000800034c                RCC_IRQHandler
                0x000000000800034c                TIM8_BRK_TIM12_IRQHandler
                0x000000000800034c                TIM1_TRG_COM_IRQHandler
                0x000000000800034c                DMA1_Channel1_IRQHandler
                0x000000000800034c                Default_Handler
                0x000000000800034c                CEC_IRQHandler
                0x000000000800034c                EXTI15_10_IRQHandler
                0x000000000800034c                TIM14_IRQHandler
                0x000000000800034c                TIM13_IRQHandler
                0x000000000800034c                TIM12_IRQHandler
                0x000000000800034c                TIM7_IRQHandler
                0x000000000800034c                CAN2_TX_IRQHandler
                0x000000000800034c                TIM5_IRQHandler
                0x000000000800034c                EXTI9_5_IRQHandler
                0x000000000800034c                ETH_WKUP_IRQHandler
                0x000000000800034c                SPI2_IRQHandler
                0x000000000800034c                CAN1_TX_IRQHandler
                0x000000000800034c                DMA2_Channel5_IRQHandler
                0x000000000800034c                DMA1_Channel5_IRQHandler
                0x000000000800034c                EXTI4_IRQHandler
                0x000000000800034c                USB_LP_CAN1_RX0_IRQHandler
                0x000000000800034c                TIM1_TRG_COM_TIM17_IRQHandler
                0x000000000800034c                USB_HP_CAN1_TX_IRQHandler
                0x000000000800034c                DMA1_Channel3_IRQHandler
                0x000000000800034c                FSMC_IRQHandler
                0x000000000800034c                ETH_IRQHandler
                0x000000000800034c                TIM1_UP_IRQHandler
                0x000000000800034c                WWDG_IRQHandler
                0x000000000800034c                TIM2_IRQHandler
                0x000000000800034c                OTG_FS_WKUP_IRQHandler
                0x000000000800034c                TIM1_TRG_COM_TIM11_IRQHandler
                0x000000000800034c                TIM1_BRK_IRQHandler
                0x000000000800034c                EXTI1_IRQHandler
                0x000000000800034c                RTCAlarm_IRQHandler
                0x000000000800034c                DMA2_Channel4_5_IRQHandler
                0x000000000800034c                USART2_IRQHandler
                0x000000000800034c                I2C2_ER_IRQHandler
                0x000000000800034c                DMA1_Channel2_IRQHandler
                0x000000000800034c                TIM8_BRK_IRQHandler
                0x000000000800034c                CAN1_SCE_IRQHandler
                0x000000000800034c                FLASH_IRQHandler
                0x000000000800034c                USART1_IRQHandler
                0x000000000800034c                OTG_FS_IRQHandler
                0x000000000800034c                SPI3_IRQHandler
                0x000000000800034c                I2C1_ER_IRQHandler
                0x000000000800034c                USBWakeUp_IRQHandler
                0x000000000800034c                DMA2_Channel3_IRQHandler
                0x000000000800034c                TIM1_BRK_TIM15_IRQHandler

.inits          0x0000000008000350       0x28
                0x0000000008000350                __data_regions_array_start = .
                0x0000000008000350        0x4 LONG 0x800154c LOADADDR (.data)
                0x0000000008000354        0x4 LONG 0x20000000 ADDR (.data)
                0x0000000008000358        0x4 LONG 0x20000088 (ADDR (.data) + SIZEOF (.data))
                0x000000000800035c        0x4 LONG 0x800154c LOADADDR (.data_CCMRAM)
                0x0000000008000360        0x4 LONG 0x0 ADDR (.data_CCMRAM)
                0x0000000008000364        0x4 LONG 0x0 (ADDR (.data_CCMRAM) + SIZEOF (.data_CCMRAM))
                0x0000000008000368                __data_regions_array_end = .
                0x0000000008000368                __bss_regions_array_start = .
                0x0000000008000368        0x4 LONG 0x20000088 ADDR (.bss)
                0x000000000800036c        0x4 LONG 0x20000134 (ADDR (.bss) + SIZEOF (.bss))
                0x0000000008000370        0x4 LONG 0x0 ADDR (.bss_CCMRAM)
                0x0000000008000374        0x4 LONG 0x0 (ADDR (.bss_CCMRAM) + SIZEOF (.bss_CCMRAM))
                0x0000000008000378                __bss_regions_array_end = .
 *(.init)
 *(.fini)
                0x0000000008000378                . = ALIGN (0x4)
                0x0000000008000378                PROVIDE (__preinit_array_start = .)
 *(.preinit_array_sysinit .preinit_array_sysinit.*)
 *(.preinit_array_platform .preinit_array_platform.*)
 *(.preinit_array .preinit_array.*)
                0x0000000008000378                PROVIDE (__preinit_array_end = .)
                0x0000000008000378                . = ALIGN (0x4)
                0x0000000008000378                PROVIDE (__init_array_start = .)
 *(SORT_BY_NAME(.init_array.*))
 *(.init_array)
                0x0000000008000378                PROVIDE (__init_array_end = .)
                0x0000000008000378                . = ALIGN (0x4)
                0x0000000008000378                PROVIDE (__fini_array_start = .)
 *(SORT_BY_NAME(.fini_array.*))
 *(.fini_array)
                0x0000000008000378                PROVIDE (__fini_array_end = .)

.flashtext
 *(.flashtext .flashtext.*)

.text           0x0000000008000378     0x11d1
 *(.text .text.*)
 .text.GPIO_ReadInputDataBit
                0x0000000008000378       0xb8 ./system/src/stm32f1-stdperiph/stm32f10x_gpio.o
                0x0000000008000378                GPIO_ReadInputDataBit
 .text.GPIO_WriteBit
                0x0000000008000430       0xc8 ./system/src/stm32f1-stdperiph/stm32f10x_gpio.o
                0x0000000008000430                GPIO_WriteBit
 .text._exit    0x00000000080004f8        0x2 ./system/src/newlib/_exit.o
                0x00000000080004f8                _exit
 *fill*         0x00000000080004fa        0x2 
 .text.abort    0x00000000080004fc       0x14 ./system/src/newlib/_exit.o
                0x00000000080004fc                abort
 .text._sbrk    0x0000000008000510       0x44 ./system/src/newlib/_sbrk.o
                0x0000000008000510                _sbrk
 .text.__initialize_args
                0x0000000008000554       0x10 ./system/src/newlib/_syscalls.o
                0x0000000008000554                __initialize_args
 .text.assert_failed
                0x0000000008000564       0x14 ./system/src/newlib/assert.o
                0x0000000008000564                assert_failed
 .text.trace_printf
                0x0000000008000578       0x34 ./system/src/diag/Trace.o
                0x0000000008000578                trace_printf
 .text.trace_puts
                0x00000000080005ac       0x20 ./system/src/diag/Trace.o
                0x00000000080005ac                trace_puts
 .text._trace_write_semihosting_debug
                0x00000000080005cc       0x60 ./system/src/diag/trace_impl.o
 .text.trace_write
                0x000000000800062c        0x8 ./system/src/diag/trace_impl.o
                0x000000000800062c                trace_write
 .text.__initialize_hardware_early
                0x0000000008000634       0x18 ./system/src/cortexm/_initialize_hardware.o
                0x0000000008000634                __initialize_hardware_early
 .text.__initialize_hardware
                0x000000000800064c        0x8 ./system/src/cortexm/_initialize_hardware.o
                0x000000000800064c                __initialize_hardware
 .text.dumpExceptionStack
                0x0000000008000654       0xf4 ./system/src/cortexm/exception_handlers.o
                0x0000000008000654                dumpExceptionStack
 .text.isSemihosting
                0x0000000008000748       0x20 ./system/src/cortexm/exception_handlers.o
                0x0000000008000748                isSemihosting
 .text.SetSysClockTo72
                0x0000000008000768       0xc4 ./system/src/cmsis/system_stm32f10x.o
 .text.SetSysClock
                0x000000000800082c        0x8 ./system/src/cmsis/system_stm32f10x.o
 .text.SystemInit
                0x0000000008000834       0x50 ./system/src/cmsis/system_stm32f10x.o
                0x0000000008000834                SystemInit
 .text.SystemCoreClockUpdate
                0x0000000008000884       0x94 ./system/src/cmsis/system_stm32f10x.o
                0x0000000008000884                SystemCoreClockUpdate
 .text.Detecta_Borda
                0x0000000008000918       0x1a ./src/main.o
                0x0000000008000918                Detecta_Borda
 *fill*         0x0000000008000932        0x2 
 .text.Reseta_Jogo
                0x0000000008000934       0x28 ./src/main.o
                0x0000000008000934                Reseta_Jogo
 .text.main     0x000000000800095c      0x13c ./src/main.o
                0x000000000800095c                main
 .text.__errno  0x0000000008000a98        0xc /home/leo/eclipse/xPacks/xpack-arm-none-eabi-gcc-9.2.1-1.1/bin/../lib/gcc/arm-none-eabi/9.2.1/../../../../arm-none-eabi/lib/thumb/v7-m/nofp/libg_nano.a(lib_a-errno.o)
                0x0000000008000a98                __errno
 .text          0x0000000008000aa4       0x10 /home/leo/eclipse/xPacks/xpack-arm-none-eabi-gcc-9.2.1-1.1/bin/../lib/gcc/arm-none-eabi/9.2.1/../../../../arm-none-eabi/lib/thumb/v7-m/nofp/libg_nano.a(lib_a-strlen.o)
                0x0000000008000aa4                strlen
 .text._vsnprintf_r
                0x0000000008000ab4       0x58 /home/leo/eclipse/xPacks/xpack-arm-none-eabi-gcc-9.2.1-1.1/bin/../lib/gcc/arm-none-eabi/9.2.1/../../../../arm-none-eabi/lib/thumb/v7-m/nofp/libg_nano.a(lib_a-vsnprintf.o)
                0x0000000008000ab4                _vsnprintf_r
                0x0000000008000ab4                _vsniprintf_r
 .text.vsnprintf
                0x0000000008000b0c       0x1c /home/leo/eclipse/xPacks/xpack-arm-none-eabi-gcc-9.2.1-1.1/bin/../lib/gcc/arm-none-eabi/9.2.1/../../../../arm-none-eabi/lib/thumb/v7-m/nofp/libg_nano.a(lib_a-vsnprintf.o)
                0x0000000008000b0c                vsnprintf
                0x0000000008000b0c                vsniprintf
 .text.__ssputs_r
                0x0000000008000b28       0xb6 /home/leo/eclipse/xPacks/xpack-arm-none-eabi-gcc-9.2.1-1.1/bin/../lib/gcc/arm-none-eabi/9.2.1/../../../../arm-none-eabi/lib/thumb/v7-m/nofp/libg_nano.a(lib_a-nano-svfprintf.o)
                0x0000000008000b28                __ssputs_r
 *fill*         0x0000000008000bde        0x2 
 .text._svfprintf_r
                0x0000000008000be0      0x200 /home/leo/eclipse/xPacks/xpack-arm-none-eabi-gcc-9.2.1-1.1/bin/../lib/gcc/arm-none-eabi/9.2.1/../../../../arm-none-eabi/lib/thumb/v7-m/nofp/libg_nano.a(lib_a-nano-svfprintf.o)
                0x0000000008000be0                _svfprintf_r
                0x0000000008000be0                _svfiprintf_r
 .text._printf_common
                0x0000000008000de0       0xde /home/leo/eclipse/xPacks/xpack-arm-none-eabi-gcc-9.2.1-1.1/bin/../lib/gcc/arm-none-eabi/9.2.1/../../../../arm-none-eabi/lib/thumb/v7-m/nofp/libg_nano.a(lib_a-nano-vfprintf_i.o)
                0x0000000008000de0                _printf_common
 *fill*         0x0000000008000ebe        0x2 
 .text._printf_i
                0x0000000008000ec0      0x24c /home/leo/eclipse/xPacks/xpack-arm-none-eabi-gcc-9.2.1-1.1/bin/../lib/gcc/arm-none-eabi/9.2.1/../../../../arm-none-eabi/lib/thumb/v7-m/nofp/libg_nano.a(lib_a-nano-vfprintf_i.o)
                0x0000000008000ec0                _printf_i
 .text.memchr   0x000000000800110c       0x1c /home/leo/eclipse/xPacks/xpack-arm-none-eabi-gcc-9.2.1-1.1/bin/../lib/gcc/arm-none-eabi/9.2.1/../../../../arm-none-eabi/lib/thumb/v7-m/nofp/libg_nano.a(lib_a-memchr-stub.o)
                0x000000000800110c                memchr
 .text.memcpy   0x0000000008001128       0x1c /home/leo/eclipse/xPacks/xpack-arm-none-eabi-gcc-9.2.1-1.1/bin/../lib/gcc/arm-none-eabi/9.2.1/../../../../arm-none-eabi/lib/thumb/v7-m/nofp/libg_nano.a(lib_a-memcpy-stub.o)
                0x0000000008001128                memcpy
 .text.memmove  0x0000000008001144       0x34 /home/leo/eclipse/xPacks/xpack-arm-none-eabi-gcc-9.2.1-1.1/bin/../lib/gcc/arm-none-eabi/9.2.1/../../../../arm-none-eabi/lib/thumb/v7-m/nofp/libg_nano.a(lib_a-memmove.o)
                0x0000000008001144                memmove
 .text._free_r  0x0000000008001178       0x98 /home/leo/eclipse/xPacks/xpack-arm-none-eabi-gcc-9.2.1-1.1/bin/../lib/gcc/arm-none-eabi/9.2.1/../../../../arm-none-eabi/lib/thumb/v7-m/nofp/libg_nano.a(lib_a-nano-freer.o)
                0x0000000008001178                _free_r
 .text._malloc_r
                0x0000000008001210       0xb4 /home/leo/eclipse/xPacks/xpack-arm-none-eabi-gcc-9.2.1-1.1/bin/../lib/gcc/arm-none-eabi/9.2.1/../../../../arm-none-eabi/lib/thumb/v7-m/nofp/libg_nano.a(lib_a-nano-mallocr.o)
                0x0000000008001210                _malloc_r
 .text._realloc_r
                0x00000000080012c4       0x4c /home/leo/eclipse/xPacks/xpack-arm-none-eabi-gcc-9.2.1-1.1/bin/../lib/gcc/arm-none-eabi/9.2.1/../../../../arm-none-eabi/lib/thumb/v7-m/nofp/libg_nano.a(lib_a-nano-reallocr.o)
                0x00000000080012c4                _realloc_r
 .text._sbrk_r  0x0000000008001310       0x20 /home/leo/eclipse/xPacks/xpack-arm-none-eabi-gcc-9.2.1-1.1/bin/../lib/gcc/arm-none-eabi/9.2.1/../../../../arm-none-eabi/lib/thumb/v7-m/nofp/libg_nano.a(lib_a-sbrkr.o)
                0x0000000008001310                _sbrk_r
 .text.__malloc_lock
                0x0000000008001330        0xc /home/leo/eclipse/xPacks/xpack-arm-none-eabi-gcc-9.2.1-1.1/bin/../lib/gcc/arm-none-eabi/9.2.1/../../../../arm-none-eabi/lib/thumb/v7-m/nofp/libg_nano.a(lib_a-mlock.o)
                0x0000000008001330                __malloc_lock
 .text.__malloc_unlock
                0x000000000800133c        0xc /home/leo/eclipse/xPacks/xpack-arm-none-eabi-gcc-9.2.1-1.1/bin/../lib/gcc/arm-none-eabi/9.2.1/../../../../arm-none-eabi/lib/thumb/v7-m/nofp/libg_nano.a(lib_a-mlock.o)
                0x000000000800133c                __malloc_unlock
 .text._malloc_usable_size_r
                0x0000000008001348       0x10 /home/leo/eclipse/xPacks/xpack-arm-none-eabi-gcc-9.2.1-1.1/bin/../lib/gcc/arm-none-eabi/9.2.1/../../../../arm-none-eabi/lib/thumb/v7-m/nofp/libg_nano.a(lib_a-nano-msizer.o)
                0x0000000008001348                _malloc_usable_size_r
 .text.__retarget_lock_acquire_recursive
                0x0000000008001358        0x2 /home/leo/eclipse/xPacks/xpack-arm-none-eabi-gcc-9.2.1-1.1/bin/../lib/gcc/arm-none-eabi/9.2.1/../../../../arm-none-eabi/lib/thumb/v7-m/nofp/libg_nano.a(lib_a-lock.o)
                0x0000000008001358                __retarget_lock_acquire_recursive
 .text.__retarget_lock_release_recursive
                0x000000000800135a        0x2 /home/leo/eclipse/xPacks/xpack-arm-none-eabi-gcc-9.2.1-1.1/bin/../lib/gcc/arm-none-eabi/9.2.1/../../../../arm-none-eabi/lib/thumb/v7-m/nofp/libg_nano.a(lib_a-lock.o)
                0x000000000800135a                __retarget_lock_release_recursive
 *(.rodata .rodata.* .constdata .constdata.*)
 .rodata.GPIO_DeInit.str1.4
                0x000000000800135c       0x31 ./system/src/stm32f1-stdperiph/stm32f10x_gpio.o
 *fill*         0x000000000800138d        0x3 
 .rodata.abort.str1.4
                0x0000000008001390       0x14 ./system/src/newlib/_exit.o
 .rodata.assert_failed.str1.4
                0x00000000080013a4       0x2b ./system/src/newlib/assert.o
 .rodata.trace_puts.str1.4
                0x00000000080013cf       0x2b ./system/src/diag/Trace.o
                                          0x2 (size before relaxing)
 *fill*         0x00000000080013cf        0x1 
 .rodata.dumpExceptionStack.str1.4
                0x00000000080013d0      0x11a ./system/src/cortexm/exception_handlers.o
 *fill*         0x00000000080014ea        0x2 
 .rodata.str1.4
                0x00000000080014ec       0x2a ./system/src/cortexm/exception_handlers.o
 .rodata._svfprintf_r.str1.1
                0x0000000008001516       0x11 /home/leo/eclipse/xPacks/xpack-arm-none-eabi-gcc-9.2.1-1.1/bin/../lib/gcc/arm-none-eabi/9.2.1/../../../../arm-none-eabi/lib/thumb/v7-m/nofp/libg_nano.a(lib_a-nano-svfprintf.o)
 .rodata._printf_i.str1.1
                0x0000000008001527       0x22 /home/leo/eclipse/xPacks/xpack-arm-none-eabi-gcc-9.2.1-1.1/bin/../lib/gcc/arm-none-eabi/9.2.1/../../../../arm-none-eabi/lib/thumb/v7-m/nofp/libg_nano.a(lib_a-nano-vfprintf_i.o)
 *(vtable)
 *(.eh_frame*)
 *(.glue_7)
 .glue_7        0x0000000008001549        0x0 linker stubs
 *(.glue_7t)
 .glue_7t       0x0000000008001549        0x0 linker stubs

.vfp11_veneer   0x000000000800154c        0x0
 .vfp11_veneer  0x000000000800154c        0x0 linker stubs

.v4_bx          0x000000000800154c        0x0
 .v4_bx         0x000000000800154c        0x0 linker stubs

.iplt           0x000000000800154c        0x0
 .iplt          0x000000000800154c        0x0 ./system/src/stm32f1-stdperiph/stm32f10x_gpio.o

.rel.dyn        0x000000000800154c        0x0
 .rel.iplt      0x000000000800154c        0x0 ./system/src/stm32f1-stdperiph/stm32f10x_gpio.o

.ARM.extab
 *(.ARM.extab* .gnu.linkonce.armextab.*)
                0x000000000800154c                . = ALIGN (0x4)
                0x000000000800154c                __exidx_start = .

.ARM.exidx
 *(.ARM.exidx* .gnu.linkonce.armexidx.*)
                0x000000000800154c                __exidx_end = .
                0x000000000800154c                . = ALIGN (0x4)
                0x000000000800154c                _etext = .
                0x000000000800154c                __etext = .

.data_CCMRAM    0x0000000000000000        0x0 load address 0x000000000800154c
 FILL mask 0xff
 *(.data.CCMRAM .data.CCMRAM.*)
                0x0000000000000000                . = ALIGN (0x4)
                0x000000000800154c                _sidata = LOADADDR (.data)

.data           0x0000000020000000       0x88 load address 0x000000000800154c
 FILL mask 0xff
                0x0000000020000000                _sdata = .
                0x0000000020000000                __data_start__ = .
 *(.data_begin .data_begin.*)
 .data_begin    0x0000000020000000        0x4 ./system/src/newlib/_startup.o
 *(.data .data.*)
 .data.argv.4854
                0x0000000020000004        0x8 ./system/src/newlib/_syscalls.o
 .data.AHBPrescTable
                0x000000002000000c       0x10 ./system/src/cmsis/system_stm32f10x.o
                0x000000002000000c                AHBPrescTable
 .data.SystemCoreClock
                0x000000002000001c        0x4 ./system/src/cmsis/system_stm32f10x.o
                0x000000002000001c                SystemCoreClock
 .data._impure_ptr
                0x0000000020000020        0x4 /home/leo/eclipse/xPacks/xpack-arm-none-eabi-gcc-9.2.1-1.1/bin/../lib/gcc/arm-none-eabi/9.2.1/../../../../arm-none-eabi/lib/thumb/v7-m/nofp/libg_nano.a(lib_a-impure.o)
                0x0000000020000020                _impure_ptr
 .data.impure_data
                0x0000000020000024       0x60 /home/leo/eclipse/xPacks/xpack-arm-none-eabi-gcc-9.2.1-1.1/bin/../lib/gcc/arm-none-eabi/9.2.1/../../../../arm-none-eabi/lib/thumb/v7-m/nofp/libg_nano.a(lib_a-impure.o)
 *(.data_end .data_end.*)
 .data_end      0x0000000020000084        0x4 ./system/src/newlib/_startup.o
                0x0000000020000088                . = ALIGN (0x4)
                0x0000000020000088                _edata = .
                0x0000000020000088                __data_end__ = .

.igot.plt       0x0000000020000088        0x0 load address 0x00000000080015d4
 .igot.plt      0x0000000020000088        0x0 ./system/src/stm32f1-stdperiph/stm32f10x_gpio.o

.bss_CCMRAM     0x0000000000000000        0x0
 *(.bss.CCMRAM .bss.CCMRAM.*)

.bss            0x0000000020000088       0xac
                0x0000000020000088                __bss_start__ = .
                0x0000000020000088                _sbss = .
 *(.bss_begin .bss_begin.*)
 .bss_begin     0x0000000020000088        0x4 ./system/src/newlib/_startup.o
 *(.bss .bss.*)
 .bss.current_heap_end.4484
                0x000000002000008c        0x4 ./system/src/newlib/_sbrk.o
 .bss.name.4853
                0x0000000020000090        0x1 ./system/src/newlib/_syscalls.o
 *fill*         0x0000000020000091        0x3 
 .bss.buf.5728  0x0000000020000094       0x80 ./system/src/diag/Trace.o
 .bss.pontos_1  0x0000000020000114        0x1 ./src/main.o
                0x0000000020000114                pontos_1
 .bss.pontos_2  0x0000000020000115        0x1 ./src/main.o
                0x0000000020000115                pontos_2
 *fill*         0x0000000020000116        0x2 
 .bss.__malloc_free_list
                0x0000000020000118        0x4 /home/leo/eclipse/xPacks/xpack-arm-none-eabi-gcc-9.2.1-1.1/bin/../lib/gcc/arm-none-eabi/9.2.1/../../../../arm-none-eabi/lib/thumb/v7-m/nofp/libg_nano.a(lib_a-nano-mallocr.o)
                0x0000000020000118                __malloc_free_list
 .bss.__malloc_sbrk_start
                0x000000002000011c        0x4 /home/leo/eclipse/xPacks/xpack-arm-none-eabi-gcc-9.2.1-1.1/bin/../lib/gcc/arm-none-eabi/9.2.1/../../../../arm-none-eabi/lib/thumb/v7-m/nofp/libg_nano.a(lib_a-nano-mallocr.o)
                0x000000002000011c                __malloc_sbrk_start
 *(COMMON)
 COMMON         0x0000000020000120        0x4 ./system/src/newlib/_syscalls.o
                0x0000000020000120                errno
 COMMON         0x0000000020000124        0x9 /home/leo/eclipse/xPacks/xpack-arm-none-eabi-gcc-9.2.1-1.1/bin/../lib/gcc/arm-none-eabi/9.2.1/../../../../arm-none-eabi/lib/thumb/v7-m/nofp/libg_nano.a(lib_a-lock.o)
                0x0000000020000124                __lock___atexit_recursive_mutex
                0x0000000020000125                __lock___arc4random_mutex
                0x0000000020000126                __lock___env_recursive_mutex
                0x0000000020000127                __lock___sinit_recursive_mutex
                0x0000000020000128                __lock___malloc_recursive_mutex
                0x0000000020000129                __lock___at_quick_exit_mutex
                0x000000002000012a                __lock___dd_hash_mutex
                0x000000002000012b                __lock___tz_mutex
                0x000000002000012c                __lock___sfp_recursive_mutex
 *(.bss_end .bss_end.*)
 *fill*         0x000000002000012d        0x3 
 .bss_end       0x0000000020000130        0x4 ./system/src/newlib/_startup.o
                0x0000000020000134                . = ALIGN (0x4)
                0x0000000020000134                __bss_end__ = .
                0x0000000020000134                _ebss = .

.noinit_CCMRAM
 *(.noinit.CCMRAM .noinit.CCMRAM.*)

.noinit         0x0000000020000134        0x0
                0x0000000020000134                _noinit = .
 *(.noinit .noinit.*)
                0x0000000020000134                . = ALIGN (0x4)
                0x0000000020000134                _end_noinit = .
                [!provide]                        PROVIDE (end = _end_noinit)
                [!provide]                        PROVIDE (_end = _end_noinit)
                [!provide]                        PROVIDE (__end = _end_noinit)
                [!provide]                        PROVIDE (__end__ = _end_noinit)

._check_stack   0x0000000020000134      0x100
                0x0000000020000234                . = (. + _Minimum_Stack_Size)
 *fill*         0x0000000020000134      0x100 

.b1text
 *(.b1text)
 *(.b1rodata)
 *(.b1rodata.*)

.eb0text
 *(.eb0text)
 *(.eb0rodata)
 *(.eb0rodata.*)

.eb1text
 *(.eb1text)
 *(.eb1rodata)
 *(.eb1rodata.*)

.eb2text
 *(.eb2text)
 *(.eb2rodata)
 *(.eb2rodata.*)

.eb3text
 *(.eb3text)
 *(.eb3rodata)
 *(.eb3rodata.*)

.stab
 *(.stab)

.stabstr
 *(.stabstr)

.stab.excl
 *(.stab.excl)

.stab.exclstr
 *(.stab.exclstr)

.stab.index
 *(.stab.index)

.stab.indexstr
 *(.stab.indexstr)

.comment        0x0000000000000000       0x66
 *(.comment)
 .comment       0x0000000000000000       0x66 ./system/src/stm32f1-stdperiph/stm32f10x_gpio.o
                                         0x67 (size before relaxing)
 .comment       0x0000000000000066       0x67 ./system/src/newlib/_exit.o
 .comment       0x0000000000000066       0x67 ./system/src/newlib/_sbrk.o
 .comment       0x0000000000000066       0x67 ./system/src/newlib/_startup.o
 .comment       0x0000000000000066       0x67 ./system/src/newlib/_syscalls.o
 .comment       0x0000000000000066       0x67 ./system/src/newlib/assert.o
 .comment       0x0000000000000066       0x67 ./system/src/diag/Trace.o
 .comment       0x0000000000000066       0x67 ./system/src/diag/trace_impl.o
 .comment       0x0000000000000066       0x67 ./system/src/cortexm/_initialize_hardware.o
 .comment       0x0000000000000066       0x67 ./system/src/cortexm/exception_handlers.o
 .comment       0x0000000000000066       0x67 ./system/src/cmsis/system_stm32f10x.o
 .comment       0x0000000000000066       0x67 ./system/src/cmsis/vectors_stm32f10x.o
 .comment       0x0000000000000066       0x67 ./src/main.o

.ARM.attributes
                0x0000000000000000       0x2b
 .ARM.attributes
                0x0000000000000000       0x2d ./system/src/stm32f1-stdperiph/stm32f10x_gpio.o
 .ARM.attributes
                0x000000000000002d       0x2d ./system/src/newlib/_exit.o
 .ARM.attributes
                0x000000000000005a       0x2d ./system/src/newlib/_sbrk.o
 .ARM.attributes
                0x0000000000000087       0x2d ./system/src/newlib/_startup.o
 .ARM.attributes
                0x00000000000000b4       0x2d ./system/src/newlib/_syscalls.o
 .ARM.attributes
                0x00000000000000e1       0x2d ./system/src/newlib/assert.o
 .ARM.attributes
                0x000000000000010e       0x2d ./system/src/diag/Trace.o
 .ARM.attributes
                0x000000000000013b       0x2d ./system/src/diag/trace_impl.o
 .ARM.attributes
                0x0000000000000168       0x2d ./system/src/cortexm/_initialize_hardware.o
 .ARM.attributes
                0x0000000000000195       0x2d ./system/src/cortexm/exception_handlers.o
 .ARM.attributes
                0x00000000000001c2       0x2d ./system/src/cmsis/system_stm32f10x.o
 .ARM.attributes
                0x00000000000001ef       0x2d ./system/src/cmsis/vectors_stm32f10x.o
 .ARM.attributes
                0x000000000000021c       0x2d ./src/main.o
 .ARM.attributes
                0x0000000000000249       0x2d /home/leo/eclipse/xPacks/xpack-arm-none-eabi-gcc-9.2.1-1.1/bin/../lib/gcc/arm-none-eabi/9.2.1/../../../../arm-none-eabi/lib/thumb/v7-m/nofp/libg_nano.a(lib_a-errno.o)
 .ARM.attributes
                0x0000000000000276       0x2d /home/leo/eclipse/xPacks/xpack-arm-none-eabi-gcc-9.2.1-1.1/bin/../lib/gcc/arm-none-eabi/9.2.1/../../../../arm-none-eabi/lib/thumb/v7-m/nofp/libg_nano.a(lib_a-impure.o)
 .ARM.attributes
                0x00000000000002a3       0x17 /home/leo/eclipse/xPacks/xpack-arm-none-eabi-gcc-9.2.1-1.1/bin/../lib/gcc/arm-none-eabi/9.2.1/../../../../arm-none-eabi/lib/thumb/v7-m/nofp/libg_nano.a(lib_a-strlen.o)
 .ARM.attributes
                0x00000000000002ba       0x2d /home/leo/eclipse/xPacks/xpack-arm-none-eabi-gcc-9.2.1-1.1/bin/../lib/gcc/arm-none-eabi/9.2.1/../../../../arm-none-eabi/lib/thumb/v7-m/nofp/libg_nano.a(lib_a-vsnprintf.o)
 .ARM.attributes
                0x00000000000002e7       0x2d /home/leo/eclipse/xPacks/xpack-arm-none-eabi-gcc-9.2.1-1.1/bin/../lib/gcc/arm-none-eabi/9.2.1/../../../../arm-none-eabi/lib/thumb/v7-m/nofp/libg_nano.a(lib_a-nano-svfprintf.o)
 .ARM.attributes
                0x0000000000000314       0x2d /home/leo/eclipse/xPacks/xpack-arm-none-eabi-gcc-9.2.1-1.1/bin/../lib/gcc/arm-none-eabi/9.2.1/../../../../arm-none-eabi/lib/thumb/v7-m/nofp/libg_nano.a(lib_a-nano-vfprintf_i.o)
 .ARM.attributes
                0x0000000000000341       0x2d /home/leo/eclipse/xPacks/xpack-arm-none-eabi-gcc-9.2.1-1.1/bin/../lib/gcc/arm-none-eabi/9.2.1/../../../../arm-none-eabi/lib/thumb/v7-m/nofp/libg_nano.a(lib_a-memchr-stub.o)
 .ARM.attributes
                0x000000000000036e       0x2d /home/leo/eclipse/xPacks/xpack-arm-none-eabi-gcc-9.2.1-1.1/bin/../lib/gcc/arm-none-eabi/9.2.1/../../../../arm-none-eabi/lib/thumb/v7-m/nofp/libg_nano.a(lib_a-memcpy-stub.o)
 .ARM.attributes
                0x000000000000039b       0x2d /home/leo/eclipse/xPacks/xpack-arm-none-eabi-gcc-9.2.1-1.1/bin/../lib/gcc/arm-none-eabi/9.2.1/../../../../arm-none-eabi/lib/thumb/v7-m/nofp/libg_nano.a(lib_a-memmove.o)
 .ARM.attributes
                0x00000000000003c8       0x2d /home/leo/eclipse/xPacks/xpack-arm-none-eabi-gcc-9.2.1-1.1/bin/../lib/gcc/arm-none-eabi/9.2.1/../../../../arm-none-eabi/lib/thumb/v7-m/nofp/libg_nano.a(lib_a-nano-freer.o)
 .ARM.attributes
                0x00000000000003f5       0x2d /home/leo/eclipse/xPacks/xpack-arm-none-eabi-gcc-9.2.1-1.1/bin/../lib/gcc/arm-none-eabi/9.2.1/../../../../arm-none-eabi/lib/thumb/v7-m/nofp/libg_nano.a(lib_a-nano-mallocr.o)
 .ARM.attributes
                0x0000000000000422       0x2d /home/leo/eclipse/xPacks/xpack-arm-none-eabi-gcc-9.2.1-1.1/bin/../lib/gcc/arm-none-eabi/9.2.1/../../../../arm-none-eabi/lib/thumb/v7-m/nofp/libg_nano.a(lib_a-nano-reallocr.o)
 .ARM.attributes
                0x000000000000044f       0x2d /home/leo/eclipse/xPacks/xpack-arm-none-eabi-gcc-9.2.1-1.1/bin/../lib/gcc/arm-none-eabi/9.2.1/../../../../arm-none-eabi/lib/thumb/v7-m/nofp/libg_nano.a(lib_a-sbrkr.o)
 .ARM.attributes
                0x000000000000047c       0x2d /home/leo/eclipse/xPacks/xpack-arm-none-eabi-gcc-9.2.1-1.1/bin/../lib/gcc/arm-none-eabi/9.2.1/../../../../arm-none-eabi/lib/thumb/v7-m/nofp/libg_nano.a(lib_a-mlock.o)
 .ARM.attributes
                0x00000000000004a9       0x2d /home/leo/eclipse/xPacks/xpack-arm-none-eabi-gcc-9.2.1-1.1/bin/../lib/gcc/arm-none-eabi/9.2.1/../../../../arm-none-eabi/lib/thumb/v7-m/nofp/libg_nano.a(lib_a-nano-msizer.o)
 .ARM.attributes
                0x00000000000004d6       0x2d /home/leo/eclipse/xPacks/xpack-arm-none-eabi-gcc-9.2.1-1.1/bin/../lib/gcc/arm-none-eabi/9.2.1/../../../../arm-none-eabi/lib/thumb/v7-m/nofp/libg_nano.a(lib_a-lock.o)

.debug
 *(.debug)

.line
 *(.line)

.debug_srcinfo
 *(.debug_srcinfo)

.debug_sfnames
 *(.debug_sfnames)

.debug_aranges  0x0000000000000000      0x3d8
 *(.debug_aranges)
 .debug_aranges
                0x0000000000000000       0xa8 ./system/src/stm32f1-stdperiph/stm32f10x_gpio.o
 .debug_aranges
                0x00000000000000a8       0x28 ./system/src/newlib/_exit.o
 .debug_aranges
                0x00000000000000d0       0x20 ./system/src/newlib/_sbrk.o
 .debug_aranges
                0x00000000000000f0       0x40 ./system/src/newlib/_startup.o
 .debug_aranges
                0x0000000000000130       0xd0 ./system/src/newlib/_syscalls.o
 .debug_aranges
                0x0000000000000200       0x28 ./system/src/newlib/assert.o
 .debug_aranges
                0x0000000000000228       0x38 ./system/src/diag/Trace.o
 .debug_aranges
                0x0000000000000260       0x30 ./system/src/diag/trace_impl.o
 .debug_aranges
                0x0000000000000290       0x28 ./system/src/cortexm/_initialize_hardware.o
 .debug_aranges
                0x00000000000002b8       0x90 ./system/src/cortexm/exception_handlers.o
 .debug_aranges
                0x0000000000000348       0x38 ./system/src/cmsis/system_stm32f10x.o
 .debug_aranges
                0x0000000000000380       0x20 ./system/src/cmsis/vectors_stm32f10x.o
 .debug_aranges
                0x00000000000003a0       0x38 ./src/main.o

.debug_pubnames
 *(.debug_pubnames)

.debug_info     0x0000000000000000     0x757b
 *(.debug_info .gnu.linkonce.wi.*)
 .debug_info    0x0000000000000000      0xd14 ./system/src/stm32f1-stdperiph/stm32f10x_gpio.o
 .debug_info    0x0000000000000d14      0x9e7 ./system/src/newlib/_exit.o
 .debug_info    0x00000000000016fb      0x9d4 ./system/src/newlib/_sbrk.o
 .debug_info    0x00000000000020cf      0x4ba ./system/src/newlib/_startup.o
 .debug_info    0x0000000000002589     0x1376 ./system/src/newlib/_syscalls.o
 .debug_info    0x00000000000038ff      0xac2 ./system/src/newlib/assert.o
 .debug_info    0x00000000000043c1      0xbdb ./system/src/diag/Trace.o
 .debug_info    0x0000000000004f9c      0x3c2 ./system/src/diag/trace_impl.o
 .debug_info    0x000000000000535e      0x2fa ./system/src/cortexm/_initialize_hardware.o
 .debug_info    0x0000000000005658     0x12ab ./system/src/cortexm/exception_handlers.o
 .debug_info    0x0000000000006903      0x50b ./system/src/cmsis/system_stm32f10x.o
 .debug_info    0x0000000000006e0e       0xce ./system/src/cmsis/vectors_stm32f10x.o
 .debug_info    0x0000000000006edc      0x69f ./src/main.o

.debug_abbrev   0x0000000000000000     0x1aa1
 *(.debug_abbrev)
 .debug_abbrev  0x0000000000000000      0x24b ./system/src/stm32f1-stdperiph/stm32f10x_gpio.o
 .debug_abbrev  0x000000000000024b      0x222 ./system/src/newlib/_exit.o
 .debug_abbrev  0x000000000000046d      0x232 ./system/src/newlib/_sbrk.o
 .debug_abbrev  0x000000000000069f      0x1b1 ./system/src/newlib/_startup.o
 .debug_abbrev  0x0000000000000850      0x2d8 ./system/src/newlib/_syscalls.o
 .debug_abbrev  0x0000000000000b28      0x222 ./system/src/newlib/assert.o
 .debug_abbrev  0x0000000000000d4a      0x2c6 ./system/src/diag/Trace.o
 .debug_abbrev  0x0000000000001010      0x218 ./system/src/diag/trace_impl.o
 .debug_abbrev  0x0000000000001228       0xfc ./system/src/cortexm/_initialize_hardware.o
 .debug_abbrev  0x0000000000001324      0x372 ./system/src/cortexm/exception_handlers.o
 .debug_abbrev  0x0000000000001696      0x19d ./system/src/cmsis/system_stm32f10x.o
 .debug_abbrev  0x0000000000001833       0xa5 ./system/src/cmsis/vectors_stm32f10x.o
 .debug_abbrev  0x00000000000018d8      0x1c9 ./src/main.o

.debug_line     0x0000000000000000     0x4ea3
 *(.debug_line)
 .debug_line    0x0000000000000000      0xe5e ./system/src/stm32f1-stdperiph/stm32f10x_gpio.o
 .debug_line    0x0000000000000e5e      0x37d ./system/src/newlib/_exit.o
 .debug_line    0x00000000000011db      0x367 ./system/src/newlib/_sbrk.o
 .debug_line    0x0000000000001542      0x5f4 ./system/src/newlib/_startup.o
 .debug_line    0x0000000000001b36      0x745 ./system/src/newlib/_syscalls.o
 .debug_line    0x000000000000227b      0x3c2 ./system/src/newlib/assert.o
 .debug_line    0x000000000000263d      0x459 ./system/src/diag/Trace.o
 .debug_line    0x0000000000002a96      0x6d4 ./system/src/diag/trace_impl.o
 .debug_line    0x000000000000316a      0x4d6 ./system/src/cortexm/_initialize_hardware.o
 .debug_line    0x0000000000003640      0x8fe ./system/src/cortexm/exception_handlers.o
 .debug_line    0x0000000000003f3e      0x6f9 ./system/src/cmsis/system_stm32f10x.o
 .debug_line    0x0000000000004637      0x268 ./system/src/cmsis/vectors_stm32f10x.o
 .debug_line    0x000000000000489f      0x604 ./src/main.o

.debug_frame    0x0000000000000000      0xc70
 *(.debug_frame)
 .debug_frame   0x0000000000000000      0x1e8 ./system/src/stm32f1-stdperiph/stm32f10x_gpio.o
 .debug_frame   0x00000000000001e8       0x38 ./system/src/newlib/_exit.o
 .debug_frame   0x0000000000000220       0x28 ./system/src/newlib/_sbrk.o
 .debug_frame   0x0000000000000248       0x7c ./system/src/newlib/_startup.o
 .debug_frame   0x00000000000002c4      0x230 ./system/src/newlib/_syscalls.o
 .debug_frame   0x00000000000004f4       0x40 ./system/src/newlib/assert.o
 .debug_frame   0x0000000000000534       0x94 ./system/src/diag/Trace.o
 .debug_frame   0x00000000000005c8       0x64 ./system/src/diag/trace_impl.o
 .debug_frame   0x000000000000062c       0x40 ./system/src/cortexm/_initialize_hardware.o
 .debug_frame   0x000000000000066c      0x158 ./system/src/cortexm/exception_handlers.o
 .debug_frame   0x00000000000007c4       0x6c ./system/src/cmsis/system_stm32f10x.o
 .debug_frame   0x0000000000000830       0x20 ./system/src/cmsis/vectors_stm32f10x.o
 .debug_frame   0x0000000000000850       0x7c ./src/main.o
 .debug_frame   0x00000000000008cc       0x20 /home/leo/eclipse/xPacks/xpack-arm-none-eabi-gcc-9.2.1-1.1/bin/../lib/gcc/arm-none-eabi/9.2.1/../../../../arm-none-eabi/lib/thumb/v7-m/nofp/libg_nano.a(lib_a-errno.o)
 .debug_frame   0x00000000000008ec       0x4c /home/leo/eclipse/xPacks/xpack-arm-none-eabi-gcc-9.2.1-1.1/bin/../lib/gcc/arm-none-eabi/9.2.1/../../../../arm-none-eabi/lib/thumb/v7-m/nofp/libg_nano.a(lib_a-vsnprintf.o)
 .debug_frame   0x0000000000000938       0x90 /home/leo/eclipse/xPacks/xpack-arm-none-eabi-gcc-9.2.1-1.1/bin/../lib/gcc/arm-none-eabi/9.2.1/../../../../arm-none-eabi/lib/thumb/v7-m/nofp/libg_nano.a(lib_a-nano-svfprintf.o)
 .debug_frame   0x00000000000009c8       0x60 /home/leo/eclipse/xPacks/xpack-arm-none-eabi-gcc-9.2.1-1.1/bin/../lib/gcc/arm-none-eabi/9.2.1/../../../../arm-none-eabi/lib/thumb/v7-m/nofp/libg_nano.a(lib_a-nano-vfprintf_i.o)
 .debug_frame   0x0000000000000a28       0x28 /home/leo/eclipse/xPacks/xpack-arm-none-eabi-gcc-9.2.1-1.1/bin/../lib/gcc/arm-none-eabi/9.2.1/../../../../arm-none-eabi/lib/thumb/v7-m/nofp/libg_nano.a(lib_a-memchr-stub.o)
 .debug_frame   0x0000000000000a50       0x28 /home/leo/eclipse/xPacks/xpack-arm-none-eabi-gcc-9.2.1-1.1/bin/../lib/gcc/arm-none-eabi/9.2.1/../../../../arm-none-eabi/lib/thumb/v7-m/nofp/libg_nano.a(lib_a-memcpy-stub.o)
 .debug_frame   0x0000000000000a78       0x28 /home/leo/eclipse/xPacks/xpack-arm-none-eabi-gcc-9.2.1-1.1/bin/../lib/gcc/arm-none-eabi/9.2.1/../../../../arm-none-eabi/lib/thumb/v7-m/nofp/libg_nano.a(lib_a-memmove.o)
 .debug_frame   0x0000000000000aa0       0x38 /home/leo/eclipse/xPacks/xpack-arm-none-eabi-gcc-9.2.1-1.1/bin/../lib/gcc/arm-none-eabi/9.2.1/../../../../arm-none-eabi/lib/thumb/v7-m/nofp/libg_nano.a(lib_a-nano-freer.o)
 .debug_frame   0x0000000000000ad8       0x30 /home/leo/eclipse/xPacks/xpack-arm-none-eabi-gcc-9.2.1-1.1/bin/../lib/gcc/arm-none-eabi/9.2.1/../../../../arm-none-eabi/lib/thumb/v7-m/nofp/libg_nano.a(lib_a-nano-mallocr.o)
 .debug_frame   0x0000000000000b08       0x3c /home/leo/eclipse/xPacks/xpack-arm-none-eabi-gcc-9.2.1-1.1/bin/../lib/gcc/arm-none-eabi/9.2.1/../../../../arm-none-eabi/lib/thumb/v7-m/nofp/libg_nano.a(lib_a-nano-reallocr.o)
 .debug_frame   0x0000000000000b44       0x2c /home/leo/eclipse/xPacks/xpack-arm-none-eabi-gcc-9.2.1-1.1/bin/../lib/gcc/arm-none-eabi/9.2.1/../../../../arm-none-eabi/lib/thumb/v7-m/nofp/libg_nano.a(lib_a-sbrkr.o)
 .debug_frame   0x0000000000000b70       0x30 /home/leo/eclipse/xPacks/xpack-arm-none-eabi-gcc-9.2.1-1.1/bin/../lib/gcc/arm-none-eabi/9.2.1/../../../../arm-none-eabi/lib/thumb/v7-m/nofp/libg_nano.a(lib_a-mlock.o)
 .debug_frame   0x0000000000000ba0       0x20 /home/leo/eclipse/xPacks/xpack-arm-none-eabi-gcc-9.2.1-1.1/bin/../lib/gcc/arm-none-eabi/9.2.1/../../../../arm-none-eabi/lib/thumb/v7-m/nofp/libg_nano.a(lib_a-nano-msizer.o)
 .debug_frame   0x0000000000000bc0       0xb0 /home/leo/eclipse/xPacks/xpack-arm-none-eabi-gcc-9.2.1-1.1/bin/../lib/gcc/arm-none-eabi/9.2.1/../../../../arm-none-eabi/lib/thumb/v7-m/nofp/libg_nano.a(lib_a-lock.o)

.debug_str      0x0000000000000000    0x565cd
 *(.debug_str)
 .debug_str     0x0000000000000000    0x4f123 ./system/src/stm32f1-stdperiph/stm32f10x_gpio.o
                                      0x4f2ad (size before relaxing)
 .debug_str     0x000000000004f123     0x4aa4 ./system/src/newlib/_exit.o
                                       0x7ee1 (size before relaxing)
 .debug_str     0x0000000000053bc7      0x4f5 ./system/src/newlib/_sbrk.o
                                       0x7293 (size before relaxing)
 .debug_str     0x00000000000540bc      0x260 ./system/src/newlib/_startup.o
                                       0x6975 (size before relaxing)
 .debug_str     0x000000000005431c     0x119f ./system/src/newlib/_syscalls.o
                                       0x8528 (size before relaxing)
 .debug_str     0x00000000000554bb       0xd0 ./system/src/newlib/assert.o
                                       0x8997 (size before relaxing)
 .debug_str     0x000000000005558b      0x819 ./system/src/diag/Trace.o
                                       0x8659 (size before relaxing)
 .debug_str     0x0000000000055da4      0x37b ./system/src/diag/trace_impl.o
                                      0x529f0 (size before relaxing)
 .debug_str     0x000000000005611f       0xb2 ./system/src/cortexm/_initialize_hardware.o
                                      0x4ed8c (size before relaxing)
 .debug_str     0x00000000000561d1      0x19d ./system/src/cortexm/exception_handlers.o
                                      0x53c2a (size before relaxing)
 .debug_str     0x000000000005636e      0x10e ./system/src/cmsis/system_stm32f10x.o
                                      0x4ee31 (size before relaxing)
 .debug_str     0x000000000005647c       0x57 ./system/src/cmsis/vectors_stm32f10x.o
                                       0x3dac (size before relaxing)
 .debug_str     0x00000000000564d3       0xfa ./src/main.o
                                      0x4eef2 (size before relaxing)

.debug_loc      0x0000000000000000     0x1c7d
 *(.debug_loc)
 .debug_loc     0x0000000000000000      0xa10 ./system/src/stm32f1-stdperiph/stm32f10x_gpio.o
 .debug_loc     0x0000000000000a10       0x15 ./system/src/newlib/_exit.o
 .debug_loc     0x0000000000000a25       0x97 ./system/src/newlib/_sbrk.o
 .debug_loc     0x0000000000000abc      0x2de ./system/src/newlib/_startup.o
 .debug_loc     0x0000000000000d9a      0x5ed ./system/src/newlib/_syscalls.o
 .debug_loc     0x0000000000001387      0x160 ./system/src/newlib/assert.o
 .debug_loc     0x00000000000014e7      0x118 ./system/src/diag/Trace.o
 .debug_loc     0x00000000000015ff      0x194 ./system/src/diag/trace_impl.o
 .debug_loc     0x0000000000001793      0x35c ./system/src/cortexm/exception_handlers.o
 .debug_loc     0x0000000000001aef       0xff ./system/src/cmsis/system_stm32f10x.o
 .debug_loc     0x0000000000001bee       0x8f ./src/main.o

.debug_macinfo
 *(.debug_macinfo)

.debug_weaknames
 *(.debug_weaknames)

.debug_funcnames
 *(.debug_funcnames)

.debug_typenames
 *(.debug_typenames)

.debug_varnames
 *(.debug_varnames)
OUTPUT(cabo-de-guerra.elf elf32-littlearm)

.debug_ranges   0x0000000000000000      0x338
 .debug_ranges  0x0000000000000000       0x98 ./system/src/stm32f1-stdperiph/stm32f10x_gpio.o
 .debug_ranges  0x0000000000000098       0x18 ./system/src/newlib/_exit.o
 .debug_ranges  0x00000000000000b0       0x10 ./system/src/newlib/_sbrk.o
 .debug_ranges  0x00000000000000c0       0x30 ./system/src/newlib/_startup.o
 .debug_ranges  0x00000000000000f0       0xc0 ./system/src/newlib/_syscalls.o
 .debug_ranges  0x00000000000001b0       0x18 ./system/src/newlib/assert.o
 .debug_ranges  0x00000000000001c8       0x28 ./system/src/diag/Trace.o
 .debug_ranges  0x00000000000001f0       0x38 ./system/src/diag/trace_impl.o
 .debug_ranges  0x0000000000000228       0x18 ./system/src/cortexm/_initialize_hardware.o
 .debug_ranges  0x0000000000000240       0x98 ./system/src/cortexm/exception_handlers.o
 .debug_ranges  0x00000000000002d8       0x28 ./system/src/cmsis/system_stm32f10x.o
 .debug_ranges  0x0000000000000300       0x10 ./system/src/cmsis/vectors_stm32f10x.o
 .debug_ranges  0x0000000000000310       0x28 ./src/main.o

.debug_macro    0x0000000000000000     0x3063
 .debug_macro   0x0000000000000000      0x1f8 ./system/src/stm32f1-stdperiph/stm32f10x_gpio.o
 .debug_macro   0x00000000000001f8       0x8b ./system/src/stm32f1-stdperiph/stm32f10x_gpio.o
 .debug_macro   0x0000000000000283      0x2a6 ./system/src/stm32f1-stdperiph/stm32f10x_gpio.o
 .debug_macro   0x0000000000000529      0x1b4 ./system/src/newlib/_exit.o
 .debug_macro   0x00000000000006dd       0x34 ./system/src/newlib/_exit.o
 .debug_macro   0x0000000000000711      0x10e ./system/src/newlib/_exit.o
 .debug_macro   0x000000000000081f       0x8d ./system/src/newlib/_exit.o
 .debug_macro   0x00000000000008ac       0x43 ./system/src/newlib/_exit.o
 .debug_macro   0x00000000000008ef      0x339 ./system/src/newlib/_exit.o
 .debug_macro   0x0000000000000c28       0x35 ./system/src/newlib/_exit.o
 .debug_macro   0x0000000000000c5d      0x169 ./system/src/newlib/_sbrk.o
 .debug_macro   0x0000000000000dc6      0x174 ./system/src/newlib/_sbrk.o
 .debug_macro   0x0000000000000f3a       0x10 ./system/src/newlib/_sbrk.o
 .debug_macro   0x0000000000000f4a      0x23b ./system/src/newlib/_sbrk.o
 .debug_macro   0x0000000000001185      0x188 ./system/src/newlib/_startup.o
 .debug_macro   0x000000000000130d       0x64 ./system/src/newlib/_startup.o
 .debug_macro   0x0000000000001371      0x226 ./system/src/newlib/_syscalls.o
 .debug_macro   0x0000000000001597       0x1c ./system/src/newlib/_syscalls.o
 .debug_macro   0x00000000000015b3       0x10 ./system/src/newlib/_syscalls.o
 .debug_macro   0x00000000000015c3       0x10 ./system/src/newlib/_syscalls.o
 .debug_macro   0x00000000000015d3       0x10 ./system/src/newlib/_syscalls.o
 .debug_macro   0x00000000000015e3       0x35 ./system/src/newlib/_syscalls.o
 .debug_macro   0x0000000000001618      0x122 ./system/src/newlib/_syscalls.o
 .debug_macro   0x000000000000173a       0x88 ./system/src/newlib/_syscalls.o
 .debug_macro   0x00000000000017c2       0x7c ./system/src/newlib/_syscalls.o
 .debug_macro   0x000000000000183e       0x17 ./system/src/newlib/_syscalls.o
 .debug_macro   0x0000000000001855      0x118 ./system/src/newlib/_syscalls.o
 .debug_macro   0x000000000000196d      0x189 ./system/src/newlib/_syscalls.o
 .debug_macro   0x0000000000001af6       0x16 ./system/src/newlib/_syscalls.o
 .debug_macro   0x0000000000001b0c      0x1df ./system/src/newlib/assert.o
 .debug_macro   0x0000000000001ceb       0x1c ./system/src/newlib/assert.o
 .debug_macro   0x0000000000001d07      0x1fb ./system/src/diag/Trace.o
 .debug_macro   0x0000000000001f02       0x16 ./system/src/diag/Trace.o
 .debug_macro   0x0000000000001f18       0x97 ./system/src/diag/Trace.o
 .debug_macro   0x0000000000001faf       0xfd ./system/src/diag/Trace.o
 .debug_macro   0x00000000000020ac       0x10 ./system/src/diag/Trace.o
 .debug_macro   0x00000000000020bc       0x16 ./system/src/diag/Trace.o
 .debug_macro   0x00000000000020d2      0x16f ./system/src/diag/Trace.o
 .debug_macro   0x0000000000002241       0x4c ./system/src/diag/Trace.o
 .debug_macro   0x000000000000228d       0x16 ./system/src/diag/Trace.o
 .debug_macro   0x00000000000022a3      0x2ef ./system/src/diag/trace_impl.o
 .debug_macro   0x0000000000002592       0x10 ./system/src/diag/trace_impl.o
 .debug_macro   0x00000000000025a2       0xcf ./system/src/diag/trace_impl.o
 .debug_macro   0x0000000000002671       0xbe ./system/src/diag/trace_impl.o
 .debug_macro   0x000000000000272f       0x22 ./system/src/diag/trace_impl.o
 .debug_macro   0x0000000000002751      0x1aa ./system/src/cortexm/_initialize_hardware.o
 .debug_macro   0x00000000000028fb      0x339 ./system/src/cortexm/exception_handlers.o
 .debug_macro   0x0000000000002c34       0x3b ./system/src/cortexm/exception_handlers.o
 .debug_macro   0x0000000000002c6f       0x10 ./system/src/cortexm/exception_handlers.o
 .debug_macro   0x0000000000002c7f      0x1ad ./system/src/cmsis/system_stm32f10x.o
 .debug_macro   0x0000000000002e2c       0x73 ./system/src/cmsis/vectors_stm32f10x.o
 .debug_macro   0x0000000000002e9f      0x1c4 ./src/main.o
